###############################################################################
#
# IAR ELF Linker V7.70.1.11437/W32 for ARM                10/Feb/2023  17:30:04
# Copyright 2007-2016 IAR Systems AB.
#
#    Output file  =  
#        H:\WORK_THIS\STM32F10x_StdPeriph_Lib_V3.5.0\Project\5G_TEST_JIG\EWARM\5G_TEST_JIG\Exe\KT_5G_TEST_JIG.out
#    Map file     =  
#        H:\WORK_THIS\STM32F10x_StdPeriph_Lib_V3.5.0\Project\5G_TEST_JIG\EWARM\5G_TEST_JIG\List\KT_5G_TEST_JIG.map
#    Command line =  
#        H:\WORK_THIS\STM32F10x_StdPeriph_Lib_V3.5.0\Project\5G_TEST_JIG\EWARM\5G_TEST_JIG\Obj\AlarmComm.o
#        H:\WORK_THIS\STM32F10x_StdPeriph_Lib_V3.5.0\Project\5G_TEST_JIG\EWARM\5G_TEST_JIG\Obj\command.o
#        H:\WORK_THIS\STM32F10x_StdPeriph_Lib_V3.5.0\Project\5G_TEST_JIG\EWARM\5G_TEST_JIG\Obj\config.o
#        H:\WORK_THIS\STM32F10x_StdPeriph_Lib_V3.5.0\Project\5G_TEST_JIG\EWARM\5G_TEST_JIG\Obj\debug.o
#        H:\WORK_THIS\STM32F10x_StdPeriph_Lib_V3.5.0\Project\5G_TEST_JIG\EWARM\5G_TEST_JIG\Obj\dhcp.o
#        H:\WORK_THIS\STM32F10x_StdPeriph_Lib_V3.5.0\Project\5G_TEST_JIG\EWARM\5G_TEST_JIG\Obj\I2CRoutines.o
#        H:\WORK_THIS\STM32F10x_StdPeriph_Lib_V3.5.0\Project\5G_TEST_JIG\EWARM\5G_TEST_JIG\Obj\loopback.o
#        H:\WORK_THIS\STM32F10x_StdPeriph_Lib_V3.5.0\Project\5G_TEST_JIG\EWARM\5G_TEST_JIG\Obj\main.o
#        H:\WORK_THIS\STM32F10x_StdPeriph_Lib_V3.5.0\Project\5G_TEST_JIG\EWARM\5G_TEST_JIG\Obj\md5.o
#        H:\WORK_THIS\STM32F10x_StdPeriph_Lib_V3.5.0\Project\5G_TEST_JIG\EWARM\5G_TEST_JIG\Obj\misc.o
#        H:\WORK_THIS\STM32F10x_StdPeriph_Lib_V3.5.0\Project\5G_TEST_JIG\EWARM\5G_TEST_JIG\Obj\ping.o
#        H:\WORK_THIS\STM32F10x_StdPeriph_Lib_V3.5.0\Project\5G_TEST_JIG\EWARM\5G_TEST_JIG\Obj\rabm.o
#        H:\WORK_THIS\STM32F10x_StdPeriph_Lib_V3.5.0\Project\5G_TEST_JIG\EWARM\5G_TEST_JIG\Obj\socket.o
#        H:\WORK_THIS\STM32F10x_StdPeriph_Lib_V3.5.0\Project\5G_TEST_JIG\EWARM\5G_TEST_JIG\Obj\sockutil.o
#        H:\WORK_THIS\STM32F10x_StdPeriph_Lib_V3.5.0\Project\5G_TEST_JIG\EWARM\5G_TEST_JIG\Obj\SPI2.o
#        H:\WORK_THIS\STM32F10x_StdPeriph_Lib_V3.5.0\Project\5G_TEST_JIG\EWARM\5G_TEST_JIG\Obj\startup_stm32f10x_hd.o
#        H:\WORK_THIS\STM32F10x_StdPeriph_Lib_V3.5.0\Project\5G_TEST_JIG\EWARM\5G_TEST_JIG\Obj\stm32f10x_adc.o
#        H:\WORK_THIS\STM32F10x_StdPeriph_Lib_V3.5.0\Project\5G_TEST_JIG\EWARM\5G_TEST_JIG\Obj\stm32f10x_bkp.o
#        H:\WORK_THIS\STM32F10x_StdPeriph_Lib_V3.5.0\Project\5G_TEST_JIG\EWARM\5G_TEST_JIG\Obj\stm32f10x_can.o
#        H:\WORK_THIS\STM32F10x_StdPeriph_Lib_V3.5.0\Project\5G_TEST_JIG\EWARM\5G_TEST_JIG\Obj\stm32f10x_dac.o
#        H:\WORK_THIS\STM32F10x_StdPeriph_Lib_V3.5.0\Project\5G_TEST_JIG\EWARM\5G_TEST_JIG\Obj\stm32f10x_dbgmcu.o
#        H:\WORK_THIS\STM32F10x_StdPeriph_Lib_V3.5.0\Project\5G_TEST_JIG\EWARM\5G_TEST_JIG\Obj\stm32f10x_dma.o
#        H:\WORK_THIS\STM32F10x_StdPeriph_Lib_V3.5.0\Project\5G_TEST_JIG\EWARM\5G_TEST_JIG\Obj\stm32f10x_exti.o
#        H:\WORK_THIS\STM32F10x_StdPeriph_Lib_V3.5.0\Project\5G_TEST_JIG\EWARM\5G_TEST_JIG\Obj\stm32f10x_flash.o
#        H:\WORK_THIS\STM32F10x_StdPeriph_Lib_V3.5.0\Project\5G_TEST_JIG\EWARM\5G_TEST_JIG\Obj\stm32f10x_gpio.o
#        H:\WORK_THIS\STM32F10x_StdPeriph_Lib_V3.5.0\Project\5G_TEST_JIG\EWARM\5G_TEST_JIG\Obj\stm32f10x_i2c.o
#        H:\WORK_THIS\STM32F10x_StdPeriph_Lib_V3.5.0\Project\5G_TEST_JIG\EWARM\5G_TEST_JIG\Obj\stm32f10x_it.o
#        H:\WORK_THIS\STM32F10x_StdPeriph_Lib_V3.5.0\Project\5G_TEST_JIG\EWARM\5G_TEST_JIG\Obj\stm32f10x_iwdg.o
#        H:\WORK_THIS\STM32F10x_StdPeriph_Lib_V3.5.0\Project\5G_TEST_JIG\EWARM\5G_TEST_JIG\Obj\stm32f10x_pwr.o
#        H:\WORK_THIS\STM32F10x_StdPeriph_Lib_V3.5.0\Project\5G_TEST_JIG\EWARM\5G_TEST_JIG\Obj\stm32f10x_rcc.o
#        H:\WORK_THIS\STM32F10x_StdPeriph_Lib_V3.5.0\Project\5G_TEST_JIG\EWARM\5G_TEST_JIG\Obj\stm32f10x_rtc.o
#        H:\WORK_THIS\STM32F10x_StdPeriph_Lib_V3.5.0\Project\5G_TEST_JIG\EWARM\5G_TEST_JIG\Obj\stm32f10x_spi.o
#        H:\WORK_THIS\STM32F10x_StdPeriph_Lib_V3.5.0\Project\5G_TEST_JIG\EWARM\5G_TEST_JIG\Obj\stm32f10x_tim.o
#        H:\WORK_THIS\STM32F10x_StdPeriph_Lib_V3.5.0\Project\5G_TEST_JIG\EWARM\5G_TEST_JIG\Obj\stm32f10x_usart.o
#        H:\WORK_THIS\STM32F10x_StdPeriph_Lib_V3.5.0\Project\5G_TEST_JIG\EWARM\5G_TEST_JIG\Obj\system_stm32f10x.o
#        H:\WORK_THIS\STM32F10x_StdPeriph_Lib_V3.5.0\Project\5G_TEST_JIG\EWARM\5G_TEST_JIG\Obj\telnet.o
#        H:\WORK_THIS\STM32F10x_StdPeriph_Lib_V3.5.0\Project\5G_TEST_JIG\EWARM\5G_TEST_JIG\Obj\Time.o
#        H:\WORK_THIS\STM32F10x_StdPeriph_Lib_V3.5.0\Project\5G_TEST_JIG\EWARM\5G_TEST_JIG\Obj\util.o
#        H:\WORK_THIS\STM32F10x_StdPeriph_Lib_V3.5.0\Project\5G_TEST_JIG\EWARM\5G_TEST_JIG\Obj\util_DHCP.o
#        H:\WORK_THIS\STM32F10x_StdPeriph_Lib_V3.5.0\Project\5G_TEST_JIG\EWARM\5G_TEST_JIG\Obj\w5500.o
#        --redirect _Printf=_PrintfFull --redirect _Scanf=_ScanfFull -o
#        H:\WORK_THIS\STM32F10x_StdPeriph_Lib_V3.5.0\Project\5G_TEST_JIG\EWARM\5G_TEST_JIG\Exe\KT_5G_TEST_JIG.out
#        --map
#        H:\WORK_THIS\STM32F10x_StdPeriph_Lib_V3.5.0\Project\5G_TEST_JIG\EWARM\5G_TEST_JIG\List\KT_5G_TEST_JIG.map
#        --config
#        H:\WORK_THIS\STM32F10x_StdPeriph_Lib_V3.5.0\Project\5G_TEST_JIG\EWARM\stm32f10x_flash_IAP.icf
#        --semihosting --entry __iar_program_start --vfe
#
###############################################################################

*******************************************************************************
*** RUNTIME MODEL ATTRIBUTES
***

CppFlavor                     = *
__Heap_Handler                = Basic
__SystemLibrary               = DLib
__dlib_dynamic_initialization = normal


*******************************************************************************
*** PLACEMENT SUMMARY
***

"A0":  place at 0x08000000 { ro section .intvec };
"P1":  place in [from 0x08000000 to 0x0803ffff] { ro };
"P2":  place in [from 0x20000000 to 0x2000bfff] { rw, block CSTACK, block HEAP };
initialize by copy { rw };

  Section             Kind        Address    Size  Object
  -------             ----        -------    ----  ------
"A0":                                       0x130
  .intvec             ro code  0x08000000   0x130  startup_stm32f10x_hd.o [1]
                             - 0x08000130   0x130

"P1":                                      0xc5d3
  .text               ro code  0x08000130  0x21f8  rabm.o [1]
  .text               ro code  0x08002328    0x24  printf.o [3]
  .text               ro code  0x0800234c   0x16e  util.o [1]
  .text               ro code  0x080024ba     0xa  xsprout.o [3]
  .text               ro code  0x080024c4   0x260  stm32f10x_gpio.o [1]
  .text               ro code  0x08002724  0x1704  config.o [1]
  .text               ro code  0x08003e28   0x134  Time.o [1]
  .text               ro code  0x08003f5c    0x10  stm32f10x_iwdg.o [1]
  .text               ro code  0x08003f6c    0x4e  FltToDbl.o [4]
  .text               ro code  0x08003fbc   0x1a2  DblMul.o [4]
  .text               ro code  0x08004160    0x58  DblToI32.o [4]
  .text               ro code  0x080041b8    0x9c  stm32f10x_rtc.o [1]
  .text               ro code  0x08004254    0xb6  localtim.o [3]
  .text               ro code  0x0800430c    0x44  FltToS32.o [4]
  .text               ro code  0x08004350    0x30  I32ToDbl.o [4]
  .text               ro code  0x08004380    0x90  DblToFlt.o [4]
  .text               ro code  0x08004410    0xfc  FltDiv.o [4]
  .text               ro code  0x0800450c    0x24  FltCmpLe.o [4]
  .text               ro code  0x08004530    0xe8  DblAdd.o [4]
  .text               ro code  0x08004618   0x256  DblDiv.o [4]
  .text               ro code  0x08004870    0x32  I32ToFlt.o [4]
  .text               ro code  0x080048a4    0xd8  FltMul.o [4]
  .text               ro code  0x0800497c    0xe6  FltSub.o [4]
  .text               ro code  0x08004a64    0x84  FltAdd.o [4]
  .text               ro code  0x08004ae8    0x1c  FltCmpEq.o [4]
  .text               ro code  0x08004b04    0x24  FltCmpGe.o [4]
  .text               ro code  0x08004b28  0x1548  command.o [1]
  .text               ro code  0x08006070   0x65c  AlarmComm.o [1]
  .text               ro code  0x080066cc   0x56c  stm32f10x_can.o [1]
  .text               ro code  0x08006c38    0x34  sprintf.o [3]
  .text               ro code  0x08006c6c    0x76  ABImemcpy_unaligned.o [5]
  .text               ro code  0x08006ce4    0x44  strcpy_unaligned.o [5]
  .text               ro code  0x08006d28     0x8  atoi.o [3]
  .text               ro code  0x08006d30    0xee  I64DivMod.o [5]
  .text               ro code  0x08006e20  0x118a  xprintffull.o [3]
  .text               ro code  0x08007fac    0x2c  vfprintf.o [3]
  .text               ro code  0x08007fd8   0x394  stm32f10x_rcc.o [1]
  .text               ro code  0x0800836c    0x9c  misc.o [1]
  .text               ro code  0x08008408   0x19c  stm32f10x_dma.o [1]
  .text               ro code  0x080085a4   0x26c  stm32f10x_adc.o [1]
  .text               ro code  0x08008810   0x1e4  stm32f10x_tim.o [1]
  .text               ro code  0x080089f4    0x18  stm32f10x_dac.o [1]
  .text               ro code  0x08008a0c   0x1be  stm32f10x_flash.o [1]
  .text               ro code  0x08008bcc   0x294  stm32f10x_usart.o [1]
  .text               ro code  0x08008e60   0x218  stm32f10x_i2c.o [1]
  .text               ro code  0x08009078    0xe0  stm32f10x_spi.o [1]
  .text               ro code  0x08009158    0xd0  mktime.o [3]
  .text               ro code  0x08009228     0x2  xtls.o [3]
  .text               ro code  0x0800922c    0x54  setlocale.o [3]
  .text               ro code  0x08009280     0xa  getzone.o [3]
  .text               ro code  0x0800928a    0x42  xgettime.o [3]
  .text               ro code  0x080092cc    0x88  xstol.o [3]
  .text               ro code  0x08009354   0x188  xttotm.o [3]
  .text               ro code  0x080094dc   0x180  DblSub.o [4]
  .text               ro code  0x0800965c   0xa2c  debug.o [1]
  .text               ro code  0x0800a088    0x5c  ping.o [1]
  .text               ro code  0x0800a0e4   0xa60  md5.o [1]
  .text               ro code  0x0800ab44    0x62  memcmp_unaligned.o [5]
  .text               ro code  0x0800aba8    0x36  strlen.o [5]
  .text               ro code  0x0800abe0    0x2e  DblCmpGe.o [4]
  .text               ro code  0x0800ac0e    0x1c  strcat.o [3]
  .text               ro code  0x0800ac2c   0x198  xstoul.o [3]
  .text               ro code  0x0800adc4     0x2  I64DivZer.o [5]
  .text               ro code  0x0800adc6    0x20  xmbtowc.o [3]
  .text               ro code  0x0800ade8    0x16  strchr.o [5]
  .text               ro code  0x0800ae00    0x58  memchr.o [5]
  .text               ro code  0x0800ae58     0xa  xmbcurmax.o [3]
  .text               ro code  0x0800ae64    0xb0  xxmemxmalloc.o [3]
  .text               ro code  0x0800af14    0x1a  xwctomb.o [3]
  .text               ro code  0x0800af30    0x80  xxmemxfree.o [3]
  .text               ro code  0x0800afb0    0x44  xdnorm.o [4]
  .text               ro code  0x0800aff4    0x2e  DblCmpLe.o [4]
  .text               ro code  0x0800b024   0x10c  xdscale.o [4]
  .text               ro code  0x0800b130    0x6c  localeconv.o [3]
  .text               ro code  0x0800b19c     0xe  div.o [3]
  .text               ro code  0x0800b1aa     0x4  xsyslock_nop.o [3]
  .text               ro code  0x0800b1ae    0x14  isxxx.o [3]
  .text               ro code  0x0800b1c4     0xc  errno.o [3]
  .text               ro code  0x0800b1d0   0x134  xisdst.o [3]
  .text               ro code  0x0800b304    0x88  w5500.o [1]
  .text               ro code  0x0800b38c    0x66  ABImemset.o [5]
  .text               ro code  0x0800b3f2    0x14  tolower.o [3]
  .text               ro code  0x0800b408    0x60  xencoding_sb.o [3]
  .text               ro code  0x0800b468    0x2c  xgetmemchunk.o [3]
  .text               ro code  0x0800b494    0x14  xlocale_c.o [3]
  .text               ro code  0x0800b4a8   0x15e  xgetdst.o [3]
  .text               ro code  0x0800b606     0xc  xlocale_c.o [3]
  .text               ro code  0x0800b614   0x338  stm32f10x_it.o [1]
  .text               ro code  0x0800b94c    0x38  stm32f10x_exti.o [1]
  .text               ro code  0x0800b984   0x158  system_stm32f10x.o [1]
  .text               ro code  0x0800badc    0x78  lz77_init_single.o [5]
  .text               ro code  0x0800bb54    0x74  main.o [1]
  .rodata             const    0x0800bbc8    0x50  AlarmComm.o [1]
  .rodata             const    0x0800bc18    0x40  md5.o [1]
  .text               ro code  0x0800bc58    0x40  zero_init3.o [5]
  .rodata             const    0x0800bc98    0x2c  AlarmComm.o [1]
  .rodata             const    0x0800bcc4    0x2c  AlarmComm.o [1]
  .rodata             const    0x0800bcf0    0x28  AlarmComm.o [1]
  .rodata             const    0x0800bd18    0x28  command.o [1]
  .rodata             const    0x0800bd40    0x28  command.o [1]
  .rodata             const    0x0800bd68    0x28  main.o [1]
  .text               ro code  0x0800bd90    0x28  data_init.o [5]
  .rodata             const    0x0800bdb8    0x24  AlarmComm.o [1]
  .rodata             const    0x0800bddc    0x24  command.o [1]
  .rodata             const    0x0800be00    0x24  command.o [1]
  .rodata             const    0x0800be24    0x24  debug.o [1]
  .iar.init_table     const    0x0800be48    0x20  - Linker created -
  .rodata             const    0x0800be68    0x20  AlarmComm.o [1]
  .rodata             const    0x0800be88    0x1c  AlarmComm.o [1]
  .rodata             const    0x0800bea4    0x1c  command.o [1]
  .rodata             const    0x0800bec0    0x1c  debug.o [1]
  .rodata             const    0x0800bedc    0x1c  debug.o [1]
  .rodata             const    0x0800bef8    0x1c  rabm.o [1]
  .rodata             const    0x0800bf14    0x1c  rabm.o [1]
  .text               ro code  0x0800bf30    0x1a  cmain.o [5]
  .text               ro code  0x0800bf4a     0x4  low_level_init.o [3]
  .text               ro code  0x0800bf4e     0x4  exit.o [3]
  .text               ro code  0x0800bf54     0xa  cexit.o [5]
  .text               ro code  0x0800bf60    0x14  exit.o [6]
  .rodata             const    0x0800bf74    0x18  AlarmComm.o [1]
  .rodata             const    0x0800bf8c    0x18  command.o [1]
  .rodata             const    0x0800bfa4    0x18  main.o [1]
  .rodata             const    0x0800bfbc    0x18  rabm.o [1]
  .rodata             const    0x0800bfd4    0x18  rabm.o [1]
  .rodata             const    0x0800bfec    0x18  rabm.o [1]
  .rodata             const    0x0800c004    0x18  rabm.o [1]
  .rodata             const    0x0800c01c    0x18  rabm.o [1]
  .text               ro code  0x0800c034    0x18  xfprout.o [3]
  .text               ro code  0x0800c04c    0x16  xprout.o [3]
  .text               ro code  0x0800c064     0xc  putchar.o [3]
  .rodata             const    0x0800c070    0x14  AlarmComm.o [1]
  .rodata             const    0x0800c084    0x14  AlarmComm.o [1]
  .rodata             const    0x0800c098    0x14  AlarmComm.o [1]
  .rodata             const    0x0800c0ac    0x14  AlarmComm.o [1]
  .rodata             const    0x0800c0c0    0x14  command.o [1]
  .rodata             const    0x0800c0d4    0x14  command.o [1]
  .rodata             const    0x0800c0e8    0x14  command.o [1]
  .rodata             const    0x0800c0fc    0x14  command.o [1]
  .rodata             const    0x0800c110    0x14  command.o [1]
  .rodata             const    0x0800c124    0x14  command.o [1]
  .rodata             const    0x0800c138    0x14  debug.o [1]
  .rodata             const    0x0800c14c    0x14  debug.o [1]
  .rodata             const    0x0800c160    0x14  debug.o [1]
  .rodata             const    0x0800c174    0x14  main.o [1]
  .rodata             const    0x0800c188    0x14  ping.o [1]
  .rodata             const    0x0800c19c    0x14  rabm.o [1]
  .rodata             const    0x0800c1b0    0x14  rabm.o [1]
  .rodata             const    0x0800c1c4    0x14  rabm.o [1]
  .rodata             const    0x0800c1d8    0x14  rabm.o [1]
  .rodata             const    0x0800c1ec    0x14  rabm.o [1]
  .rodata             const    0x0800c200    0x14  rabm.o [1]
  .rodata             const    0x0800c214    0x14  rabm.o [1]
  .rodata             const    0x0800c228    0x10  AlarmComm.o [1]
  .rodata             const    0x0800c238    0x10  command.o [1]
  .rodata             const    0x0800c248    0x10  command.o [1]
  .rodata             const    0x0800c258    0x10  config.o [1]
  .rodata             const    0x0800c268    0x10  config.o [1]
  .rodata             const    0x0800c278    0x10  debug.o [1]
  .rodata             const    0x0800c288    0x10  debug.o [1]
  .rodata             const    0x0800c298    0x10  debug.o [1]
  .rodata             const    0x0800c2a8    0x10  debug.o [1]
  .rodata             const    0x0800c2b8    0x10  debug.o [1]
  .rodata             const    0x0800c2c8    0x10  debug.o [1]
  .rodata             const    0x0800c2d8    0x10  debug.o [1]
  .rodata             const    0x0800c2e8    0x10  rabm.o [1]
  .rodata             const    0x0800c2f8    0x10  rabm.o [1]
  .rodata             const    0x0800c308    0x10  rabm.o [1]
  .rodata             const    0x0800c318    0x10  rabm.o [1]
  .rodata             const    0x0800c328    0x10  rabm.o [1]
  .rodata             const    0x0800c338    0x10  rabm.o [1]
  .rodata             const    0x0800c348    0x10  rabm.o [1]
  .rodata             const    0x0800c358    0x10  util.o [1]
  .text               ro code  0x0800c368    0x10  startup_stm32f10x_hd.o [1]
  .rodata             const    0x0800c378     0xc  AlarmComm.o [1]
  .rodata             const    0x0800c384     0xc  AlarmComm.o [1]
  .rodata             const    0x0800c390     0xc  AlarmComm.o [1]
  .rodata             const    0x0800c39c     0xc  AlarmComm.o [1]
  .rodata             const    0x0800c3a8     0xc  AlarmComm.o [1]
  .rodata             const    0x0800c3b4     0xc  AlarmComm.o [1]
  .rodata             const    0x0800c3c0     0xc  command.o [1]
  .rodata             const    0x0800c3cc     0xc  command.o [1]
  .rodata             const    0x0800c3d8     0xc  debug.o [1]
  .rodata             const    0x0800c3e4     0xc  debug.o [1]
  .rodata             const    0x0800c3f0     0xc  main.o [1]
  .rodata             const    0x0800c3fc     0xc  main.o [1]
  .rodata             const    0x0800c408     0xc  main.o [1]
  .rodata             const    0x0800c414     0xc  rabm.o [1]
  .rodata             const    0x0800c420     0xc  rabm.o [1]
  .rodata             const    0x0800c42c     0xc  rabm.o [1]
  .rodata             const    0x0800c438     0xc  rabm.o [1]
  .rodata             const    0x0800c444     0xc  rabm.o [1]
  .rodata             const    0x0800c450     0xc  rabm.o [1]
  .rodata             const    0x0800c45c     0xc  util.o [1]
  .text               ro code  0x0800c468     0xc  cstartup_M.o [5]
  .rodata             const    0x0800c474     0x8  AlarmComm.o [1]
  .rodata             const    0x0800c47c     0x8  command.o [1]
  .rodata             const    0x0800c484     0x8  debug.o [1]
  .rodata             const    0x0800c48c     0x8  debug.o [1]
  .rodata             const    0x0800c494     0x8  rabm.o [1]
  .rodata             const    0x0800c49c     0x8  rabm.o [1]
  .rodata             const    0x0800c4a4     0x8  rabm.o [1]
  .rodata             const    0x0800c4ac     0x8  util.o [1]
  .text               ro code  0x0800c4b4     0x4  startup_stm32f10x_hd.o [1]
  .text               ro code  0x0800c4b8     0x4  startup_stm32f10x_hd.o [1]
  .text               ro code  0x0800c4bc     0x4  startup_stm32f10x_hd.o [1]
  .text               ro code  0x0800c4c0     0x4  startup_stm32f10x_hd.o [1]
  .text               ro code  0x0800c4c4     0x4  startup_stm32f10x_hd.o [1]
  .text               ro code  0x0800c4c8     0x4  startup_stm32f10x_hd.o [1]
  .text               ro code  0x0800c4cc     0x4  startup_stm32f10x_hd.o [1]
  .text               ro code  0x0800c4d0     0x4  startup_stm32f10x_hd.o [1]
  .text               ro code  0x0800c4d4     0x4  startup_stm32f10x_hd.o [1]
  .text               ro code  0x0800c4d8     0x4  startup_stm32f10x_hd.o [1]
  .text               ro code  0x0800c4dc     0x4  startup_stm32f10x_hd.o [1]
  .text               ro code  0x0800c4e0     0x4  startup_stm32f10x_hd.o [1]
  .text               ro code  0x0800c4e4     0x4  startup_stm32f10x_hd.o [1]
  .text               ro code  0x0800c4e8     0x4  startup_stm32f10x_hd.o [1]
  .text               ro code  0x0800c4ec     0x4  startup_stm32f10x_hd.o [1]
  .text               ro code  0x0800c4f0     0x4  startup_stm32f10x_hd.o [1]
  .text               ro code  0x0800c4f4     0x4  startup_stm32f10x_hd.o [1]
  .text               ro code  0x0800c4f8     0x4  startup_stm32f10x_hd.o [1]
  .text               ro code  0x0800c4fc     0x4  startup_stm32f10x_hd.o [1]
  .text               ro code  0x0800c500     0x4  startup_stm32f10x_hd.o [1]
  .text               ro code  0x0800c504     0x4  startup_stm32f10x_hd.o [1]
  .text               ro code  0x0800c508     0x4  startup_stm32f10x_hd.o [1]
  .text               ro code  0x0800c50c     0x4  startup_stm32f10x_hd.o [1]
  .text               ro code  0x0800c510     0x4  startup_stm32f10x_hd.o [1]
  .text               ro code  0x0800c514     0x4  startup_stm32f10x_hd.o [1]
  .text               ro code  0x0800c518     0x4  startup_stm32f10x_hd.o [1]
  .text               ro code  0x0800c51c     0x4  startup_stm32f10x_hd.o [1]
  .text               ro code  0x0800c520     0x4  startup_stm32f10x_hd.o [1]
  .text               ro code  0x0800c524     0x4  startup_stm32f10x_hd.o [1]
  .text               ro code  0x0800c528     0x4  startup_stm32f10x_hd.o [1]
  .text               ro code  0x0800c52c     0x4  startup_stm32f10x_hd.o [1]
  .text               ro code  0x0800c530     0x4  startup_stm32f10x_hd.o [1]
  .text               ro code  0x0800c534     0x4  startup_stm32f10x_hd.o [1]
  .text               ro code  0x0800c538     0x4  startup_stm32f10x_hd.o [1]
  .text               ro code  0x0800c53c     0x4  startup_stm32f10x_hd.o [1]
  .text               ro code  0x0800c540     0x4  startup_stm32f10x_hd.o [1]
  .text               ro code  0x0800c544     0x4  startup_stm32f10x_hd.o [1]
  .text               ro code  0x0800c548     0x4  startup_stm32f10x_hd.o [1]
  .text               ro code  0x0800c54c     0x4  startup_stm32f10x_hd.o [1]
  .text               ro code  0x0800c550     0x4  startup_stm32f10x_hd.o [1]
  .text               ro code  0x0800c554     0x4  startup_stm32f10x_hd.o [1]
  .text               ro code  0x0800c558     0x4  startup_stm32f10x_hd.o [1]
  .text               ro code  0x0800c55c     0x4  startup_stm32f10x_hd.o [1]
  .text               ro code  0x0800c560     0x4  startup_stm32f10x_hd.o [1]
  .text               ro code  0x0800c564     0x4  startup_stm32f10x_hd.o [1]
  .text               ro code  0x0800c568     0x4  startup_stm32f10x_hd.o [1]
  .text               ro code  0x0800c56c     0x4  startup_stm32f10x_hd.o [1]
  .text               ro code  0x0800c570     0x4  startup_stm32f10x_hd.o [1]
  .text               ro code  0x0800c574     0x4  startup_stm32f10x_hd.o [1]
  .text               ro code  0x0800c578     0x4  startup_stm32f10x_hd.o [1]
  .text               ro code  0x0800c57c     0x4  startup_stm32f10x_hd.o [1]
  .text               ro code  0x0800c580     0x4  startup_stm32f10x_hd.o [1]
  .text               ro code  0x0800c584     0x4  startup_stm32f10x_hd.o [1]
  .text               ro code  0x0800c588     0x4  startup_stm32f10x_hd.o [1]
  .text               ro code  0x0800c58c     0x4  startup_stm32f10x_hd.o [1]
  .text               ro code  0x0800c590     0x4  startup_stm32f10x_hd.o [1]
  .text               ro code  0x0800c594     0x4  startup_stm32f10x_hd.o [1]
  .text               ro code  0x0800c598     0x4  startup_stm32f10x_hd.o [1]
  .text               ro code  0x0800c59c     0x4  startup_stm32f10x_hd.o [1]
  .text               ro code  0x0800c5a0     0x4  startup_stm32f10x_hd.o [1]
  .text               ro code  0x0800c5a4     0x4  startup_stm32f10x_hd.o [1]
  .text               ro code  0x0800c5a8     0x4  startup_stm32f10x_hd.o [1]
  .text               ro code  0x0800c5ac     0x4  startup_stm32f10x_hd.o [1]
  .text               ro code  0x0800c5b0     0x4  startup_stm32f10x_hd.o [1]
  .text               ro code  0x0800c5b4     0x4  startup_stm32f10x_hd.o [1]
  .text               ro code  0x0800c5b8     0x4  startup_stm32f10x_hd.o [1]
  .text               ro code  0x0800c5bc     0x4  startup_stm32f10x_hd.o [1]
  .text               ro code  0x0800c5c0     0x4  startup_stm32f10x_hd.o [1]
  .text               ro code  0x0800c5c4     0x4  startup_stm32f10x_hd.o [1]
  .rodata             const    0x0800c5c8     0x0  zero_init3.o [5]
  .rodata             const    0x0800c5c8     0x0  lz77_init_single.o [5]
  Initializer bytes   const    0x0800c5c8   0x13b  <for P2-1>
                             - 0x0800c703  0xc5d3

"P2", part 1 of 3:                          0x451
  P2-1                         0x20000000   0x451  <Init block>
    .data             inited   0x20000000     0x8  AlarmComm.o [1]
    .data             inited   0x20000008     0x4  AlarmComm.o [1]
    .data             inited   0x2000000c     0x4  AlarmComm.o [1]
    .data             inited   0x20000010    0x80  debug.o [1]
    .data             inited   0x20000090    0xa0  debug.o [1]
    .data             inited   0x20000130    0x28  rabm.o [1]
    .data             inited   0x20000158     0x4  rabm.o [1]
    .data             inited   0x2000015c     0x4  rabm.o [1]
    .data             inited   0x20000160     0x4  rabm.o [1]
    .data             inited   0x20000164     0x4  rabm.o [1]
    .data             inited   0x20000168   0x100  rabm.o [1]
    .data             inited   0x20000268     0x8  rabm.o [1]
    .data             inited   0x20000270    0x48  rabm.o [1]
    .data             inited   0x200002b8    0x10  stm32f10x_rcc.o [1]
    .data             inited   0x200002c8     0x4  stm32f10x_rcc.o [1]
    .data             inited   0x200002cc    0x40  xfiles.o [3]
    __DLIB_PERTHREAD  inited   0x2000030c     0x8  localtim.o [3]
    __DLIB_PERTHREAD  inited   0x20000314    0x74  setlocale.o [3]
    __DLIB_PERTHREAD  inited   0x20000388    0x2c  xttotm.o [3]
    __DLIB_PERTHREAD  inited   0x200003b4     0x4  errno.o [3]
    __DLIB_PERTHREAD  inited   0x200003b8    0x88  localeconv.o [3]
    __DLIB_PERTHREAD  inited   0x20000440     0x4  xisdst.o [3]
    __DLIB_PERTHREAD  inited   0x20000444     0x4  xisdstData.o [3]
    .data             inited   0x20000448     0x2  config.o [1]
    .data             inited   0x2000044a     0x2  config.o [1]
    .data             inited   0x2000044c     0x2  config.o [1]
    .data             inited   0x2000044e     0x2  rabm.o [1]
    .data             inited   0x20000450     0x1  config.o [1]
                             - 0x20000451   0x451

"P2", part 2 of 3:                         0x1000
  CSTACK                       0x20000458   0x800  <Block>
    CSTACK            uninit   0x20000458   0x800  <Block tail>
  HEAP                         0x20000c58   0x800  <Block>
    HEAP              uninit   0x20000c58   0x800  <Block tail>
                             - 0x20001458  0x1000

"P2", part 3 of 3:                          0xe7c
  .bss                zero     0x20001458   0x200  config.o [1]
  .bss                zero     0x20001658   0x100  command.o [1]
  .bss                zero     0x20001758   0x100  command.o [1]
  .bss                zero     0x20001858   0x100  command.o [1]
  .bss                zero     0x20001958    0xf4  AlarmComm.o [1]
  .bss                zero     0x20001a4c    0xd8  AlarmComm.o [1]
  .bss                zero     0x20001b24    0xa0  rabm.o [1]
  .bss                zero     0x20001bc4    0x80  rabm.o [1]
  .bss                zero     0x20001c44    0x70  rabm.o [1]
  .bss                zero     0x20001cb4    0x68  command.o [1]
  .bss                zero     0x20001d1c    0x64  AlarmComm.o [1]
  .bss                zero     0x20001d80    0x60  rabm.o [1]
  .bss                zero     0x20001de0    0x50  rabm.o [1]
  .bss                zero     0x20001e30    0x50  xfiles.o [3]
  .bss                zero     0x20001e80    0x40  command.o [1]
  .bss                zero     0x20001ec0    0x30  rabm.o [1]
  .bss                zero     0x20001ef0    0x30  rabm.o [1]
  .bss                zero     0x20001f20    0x2c  config.o [1]
  .bss                zero     0x20001f4c    0x2c  Time.o [1]
  .bss                zero     0x20001f78    0x28  command.o [1]
  .bss                zero     0x20001fa0    0x28  command.o [1]
  .bss                zero     0x20001fc8    0x24  rabm.o [1]
  .bss                zero     0x20001fec    0x20  AlarmComm.o [1]
  .bss                zero     0x2000200c    0x20  command.o [1]
  .bss                zero     0x2000202c    0x20  stm32f10x_it.o [1]
  .bss                zero     0x2000204c    0x20  stm32f10x_it.o [1]
  .bss                zero     0x2000206c    0x1c  rabm.o [1]
  .bss                zero     0x20002088    0x18  command.o [1]
  .bss                zero     0x200020a0    0x18  rabm.o [1]
  .bss                zero     0x200020b8    0x18  rabm.o [1]
  .bss                zero     0x200020d0    0x14  config.o [1]
  .bss                zero     0x200020e4    0x14  config.o [1]
  .bss                zero     0x200020f8    0x14  config.o [1]
  .bss                zero     0x2000210c    0x14  rabm.o [1]
  .bss                zero     0x20002120    0x14  rabm.o [1]
  .bss                zero     0x20002134    0x14  rabm.o [1]
  .bss                zero     0x20002148    0x14  rabm.o [1]
  .bss                zero     0x2000215c    0x14  stm32f10x_it.o [1]
  .bss                zero     0x20002170    0x10  AlarmComm.o [1]
  .bss                zero     0x20002180    0x10  config.o [1]
  .bss                zero     0x20002190     0xc  config.o [1]
  .bss                zero     0x2000219c     0xc  rabm.o [1]
  .bss                zero     0x200021a8     0x8  AlarmComm.o [1]
  .bss                zero     0x200021b0     0x8  AlarmComm.o [1]
  .bss                zero     0x200021b8     0x8  rabm.o [1]
  .bss                zero     0x200021c0     0x8  stm32f10x_it.o [1]
  .bss                zero     0x200021c8     0x8  xxmemxmalloc.o [3]
  .bss                zero     0x200021d0     0x4  AlarmComm.o [1]
  .bss                zero     0x200021d4     0x4  AlarmComm.o [1]
  .bss                zero     0x200021d8     0x4  AlarmComm.o [1]
  .bss                zero     0x200021dc     0x4  AlarmComm.o [1]
  .bss                zero     0x200021e0     0x4  AlarmComm.o [1]
  .bss                zero     0x200021e4     0x4  AlarmComm.o [1]
  .bss                zero     0x200021e8     0x4  AlarmComm.o [1]
  .bss                zero     0x200021ec     0x4  AlarmComm.o [1]
  .bss                zero     0x200021f0     0x4  AlarmComm.o [1]
  .bss                zero     0x200021f4     0x4  command.o [1]
  .bss                zero     0x200021f8     0x4  config.o [1]
  .bss                zero     0x200021fc     0x4  config.o [1]
  .bss                zero     0x20002200     0x4  config.o [1]
  .bss                zero     0x20002204     0x4  config.o [1]
  .bss                zero     0x20002208     0x4  config.o [1]
  .bss                zero     0x2000220c     0x4  config.o [1]
  .bss                zero     0x20002210     0x4  config.o [1]
  .bss                zero     0x20002214     0x4  config.o [1]
  .bss                zero     0x20002218     0x4  ping.o [1]
  .bss                zero     0x2000221c     0x4  rabm.o [1]
  .bss                zero     0x20002220     0x4  rabm.o [1]
  .bss                zero     0x20002224     0x4  rabm.o [1]
  .bss                zero     0x20002228     0x4  rabm.o [1]
  .bss                zero     0x2000222c     0x4  rabm.o [1]
  .bss                zero     0x20002230     0x4  rabm.o [1]
  .bss                zero     0x20002234     0x4  rabm.o [1]
  .bss                zero     0x20002238     0x4  rabm.o [1]
  .bss                zero     0x2000223c     0x4  rabm.o [1]
  .bss                zero     0x20002240     0x4  rabm.o [1]
  .bss                zero     0x20002244     0x4  rabm.o [1]
  .bss                zero     0x20002248     0x4  rabm.o [1]
  .bss                zero     0x2000224c     0x4  rabm.o [1]
  .bss                zero     0x20002250     0x4  rabm.o [1]
  .bss                zero     0x20002254     0x4  rabm.o [1]
  .bss                zero     0x20002258     0x4  rabm.o [1]
  .bss                zero     0x2000225c     0x4  rabm.o [1]
  .bss                zero     0x20002260     0x4  rabm.o [1]
  .bss                zero     0x20002264     0x4  rabm.o [1]
  .bss                zero     0x20002268     0x4  rabm.o [1]
  .bss                zero     0x2000226c     0x4  rabm.o [1]
  .bss                zero     0x20002270     0x4  rabm.o [1]
  .bss                zero     0x20002274     0x4  rabm.o [1]
  .bss                zero     0x20002278     0x4  rabm.o [1]
  .bss                zero     0x2000227c     0x4  rabm.o [1]
  .bss                zero     0x20002280     0x4  rabm.o [1]
  .bss                zero     0x20002284     0x4  rabm.o [1]
  .bss                zero     0x20002288     0x4  stm32f10x_it.o [1]
  .bss                zero     0x2000228c     0x4  stm32f10x_it.o [1]
  .bss                zero     0x20002290     0x4  stm32f10x_it.o [1]
  .bss                zero     0x20002294     0x4  stm32f10x_it.o [1]
  .bss                zero     0x20002298     0x4  stm32f10x_it.o [1]
  .bss                zero     0x2000229c     0x4  stm32f10x_it.o [1]
  .bss                zero     0x200022a0     0x4  Time.o [1]
  .bss                zero     0x200022a4     0x4  Time.o [1]
  .bss                zero     0x200022a8     0x4  Time.o [1]
  .bss                zero     0x200022ac     0x4  util.o [1]
  .bss                zero     0x200022b0     0x4  xgetmemchunk.o [3]
  .bss                zero     0x200022b4     0x2  AlarmComm.o [1]
  .bss                zero     0x200022b6     0x2  command.o [1]
  .bss                zero     0x200022b8     0x2  command.o [1]
  .bss                zero     0x200022ba     0x2  rabm.o [1]
  .bss                zero     0x200022bc     0x2  rabm.o [1]
  .bss                zero     0x200022be     0x2  rabm.o [1]
  .bss                zero     0x200022c0     0x2  rabm.o [1]
  .bss                zero     0x200022c2     0x2  rabm.o [1]
  .bss                zero     0x200022c4     0x2  rabm.o [1]
  .bss                zero     0x200022c6     0x2  rabm.o [1]
  .bss                zero     0x200022c8     0x2  rabm.o [1]
  .bss                zero     0x200022ca     0x2  stm32f10x_it.o [1]
  .bss                zero     0x200022cc     0x1  AlarmComm.o [1]
  .bss                zero     0x200022cd     0x1  command.o [1]
  .bss                zero     0x200022ce     0x1  command.o [1]
  .bss                zero     0x200022cf     0x1  config.o [1]
  .bss                zero     0x200022d0     0x1  debug.o [1]
  .bss                zero     0x200022d1     0x1  ping.o [1]
  .bss                zero     0x200022d2     0x1  ping.o [1]
                             - 0x200022d3   0xe7b


*******************************************************************************
*** INIT TABLE
***

          Address     Size
          -------     ----
Zero (__iar_zero_init3)
    1 destination range, total size 0xe7b:
          0x20001458  0xe7b

Copy/lz77 (__iar_lz77_init_single3)
    1 source range, total size 0x13b (28% of destination):
          0x0800c5c8  0x13b
    1 destination range, total size 0x451:
          0x20000000  0x451



*******************************************************************************
*** MODULE SUMMARY
***

    Module                  ro code  ro data  rw data
    ------                  -------  -------  -------
H:\WORK_THIS\STM32F10x_StdPeriph_Lib_V3.5.0\Project\5G_TEST_JIG\EWARM\5G_TEST_JIG\Obj: [1]
    AlarmComm.o               1 628      508      679
    Time.o                      308                56
    command.o                 5 448      388    1 082
    config.o                  5 892       35      684
    debug.o                   2 604      386      289
    main.o                      116      120
    md5.o                     2 656       64
    misc.o                      156
    ping.o                       92       20        6
    rabm.o                    8 696      636    1 402
    startup_stm32f10x_hd.o      596
    stm32f10x_adc.o             620
    stm32f10x_can.o           1 388
    stm32f10x_dac.o              24
    stm32f10x_dma.o             412
    stm32f10x_exti.o             56
    stm32f10x_flash.o           446
    stm32f10x_gpio.o            608
    stm32f10x_i2c.o             536
    stm32f10x_it.o              824               118
    stm32f10x_iwdg.o             16
    stm32f10x_rcc.o             916        6       20
    stm32f10x_rtc.o             156
    stm32f10x_spi.o             224
    stm32f10x_tim.o             484
    stm32f10x_usart.o           660
    system_stm32f10x.o          344
    util.o                      366       36        4
    w5500.o                     136
    -------------------------------------------------
    Total:                   36 408    2 199    4 340

command line: [2]
    -------------------------------------------------
    Total:

dl7M_tlf.a: [3]
    atoi.o                        8
    div.o                        14
    errno.o                      12        1        4
    exit.o                        4
    getzone.o                    10
    isxxx.o                      20
    localeconv.o                108       39      136
    localtim.o                  182        2        8
    low_level_init.o              4
    mktime.o                    208
    printf.o                     36
    putchar.o                    12
    setlocale.o                  84       33      116
    sprintf.o                    52
    strcat.o                     28
    tolower.o                    20
    vfprintf.o                   44
    xencoding_sb.o               96
    xfiles.o                              18      144
    xfprout.o                    24
    xgetdst.o                   350
    xgetmemchunk.o               44                 4
    xgettime.o                   66
    xisdst.o                    308        1        4
    xisdstData.o                           1        4
    xlocale_c.o                  32
    xmbcurmax.o                  10
    xmbtowc.o                    32
    xprintffull.o             4 490
    xprout.o                     22
    xsprout.o                    10
    xstol.o                     136
    xstoul.o                    408
    xsyslock_nop.o                4
    xtls.o                        2
    xttotm.o                    392       13       44
    xwctomb.o                    26
    xxmemxfree.o                128
    xxmemxmalloc.o              176                 8
    -------------------------------------------------
    Total:                    7 602      108      472

m7M_tl.a: [4]
    DblAdd.o                    232
    DblCmpGe.o                   46
    DblCmpLe.o                   46
    DblDiv.o                    598
    DblMul.o                    418
    DblSub.o                    384
    DblToFlt.o                  144
    DblToI32.o                   88
    FltAdd.o                    132
    FltCmpEq.o                   28
    FltCmpGe.o                   36
    FltCmpLe.o                   36
    FltDiv.o                    252
    FltMul.o                    216
    FltSub.o                    230
    FltToDbl.o                   78
    FltToS32.o                   68
    I32ToDbl.o                   48
    I32ToFlt.o                   50
    xdnorm.o                     68
    xdscale.o                   268
    -------------------------------------------------
    Total:                    3 466

rt7M_tl.a: [5]
    ABImemcpy_unaligned.o       118
    ABImemset.o                 102
    I64DivMod.o                 238
    I64DivZer.o                   2
    cexit.o                      10
    cmain.o                      26
    cstartup_M.o                 12
    data_init.o                  40
    lz77_init_single.o          120
    memchr.o                     88
    memcmp_unaligned.o           98
    strchr.o                     22
    strcpy_unaligned.o           68
    strlen.o                     54
    zero_init3.o                 64
    -------------------------------------------------
    Total:                    1 062

shb_l.a: [6]
    exit.o                       20
    -------------------------------------------------
    Total:                       20

    Gaps                         50
    Linker created                        32    4 096
-----------------------------------------------------
    Grand Total:             48 608    2 339    8 908


*******************************************************************************
*** ENTRY LIST
***

Entry                      Address   Size  Type      Object
-----                      -------   ----  ----      ------
.iar.init_table$$Base   0x0800be48          --   Gb  - Linker created -
.iar.init_table$$Limit  0x0800be68          --   Gb  - Linker created -
?main                   0x0800bf31         Code  Gb  cmain.o [5]
A1_flag                 0x200022bc    0x2  Data  Gb  rabm.o [1]
ACA_Read                0x0800089d   0x5e  Code  Gb  rabm.o [1]
ACT_Read                0x080008fd   0x50  Code  Gb  rabm.o [1]
ACV_Read                0x08000795  0x106  Code  Gb  rabm.o [1]
ACV_value               0x20000164    0x4  Data  Gb  rabm.o [1]
ADCPrescTable           0x200002c8    0x4  Data  Lc  stm32f10x_rcc.o [1]
ADC_Cmd                 0x08008653   0x1a  Code  Gb  stm32f10x_adc.o [1]
ADC_Configuration_scanmode
                        0x08002df9   0xfa  Code  Gb  config.o [1]
ADC_DMACmd              0x0800866d   0x1a  Code  Gb  stm32f10x_adc.o [1]
ADC_DeInit              0x080085a5   0x5e  Code  Gb  stm32f10x_adc.o [1]
ADC_GetCalibrationStatus
                        0x080086b3   0x18  Code  Gb  stm32f10x_adc.o [1]
ADC_GetResetCalibrationStatus
                        0x08008691   0x18  Code  Gb  stm32f10x_adc.o [1]
ADC_Init                0x08008603   0x50  Code  Gb  stm32f10x_adc.o [1]
ADC_InitStructure       0x200020e4   0x14  Data  Gb  config.o [1]
ADC_RegularChannelConfig
                        0x080086e5   0xee  Code  Gb  stm32f10x_adc.o [1]
ADC_ResetCalibration    0x08008687    0xa  Code  Gb  stm32f10x_adc.o [1]
ADC_SoftwareStartConvCmd
                        0x080086cb   0x1a  Code  Gb  stm32f10x_adc.o [1]
ADC_StartCalibration    0x080086a9    0xa  Code  Gb  stm32f10x_adc.o [1]
ADC_TempSensorVrefintCmd
                        0x080087d3   0x22  Code  Gb  stm32f10x_adc.o [1]
AFIO_Configuration      0x080031b5   0x22  Code  Gb  config.o [1]
APBAHBPrescTable        0x200002b8   0x10  Data  Lc  stm32f10x_rcc.o [1]
BATA_Calibration        0x08000cad   0x22  Code  Gb  rabm.o [1]
BATA_Read               0x08000b1d  0x190  Code  Gb  rabm.o [1]
BATA_Read::index        0x20002280    0x4  Data  Lc  rabm.o [1]
BATA_Read::no           0x20002284    0x4  Data  Lc  rabm.o [1]
BATT_Read               0x08000cd5  0x128  Code  Gb  rabm.o [1]
BCV_Read                0x08000961   0x90  Code  Gb  rabm.o [1]
BusFault_Handler        0x0800b61b    0x2  Code  Gb  stm32f10x_it.o [1]
CAN_ClearITPendingBit   0x08006b81   0x94  Code  Gb  stm32f10x_can.o [1]
CAN_Config              0x0800285d  0x186  Code  Gb  config.o [1]
CAN_DeInit              0x080066cd   0x38  Code  Gb  stm32f10x_can.o [1]
CAN_FilterInit          0x0800681d  0x112  Code  Gb  stm32f10x_can.o [1]
CAN_FilterInitStructure
                        0x20002180   0x10  Data  Gb  config.o [1]
CAN_ITConfig            0x08006b6b   0x16  Code  Gb  stm32f10x_can.o [1]
CAN_Init                0x08006705  0x118  Code  Gb  stm32f10x_can.o [1]
CAN_InitStructure       0x20002190    0xc  Data  Gb  config.o [1]
CAN_LGT_TxMessage       0x08002b83   0x30  Code  Gb  config.o [1]
CAN_Receive             0x08006a83   0xe8  Code  Gb  stm32f10x_can.o [1]
CAN_StructInit          0x0800692f   0x2e  Code  Gb  stm32f10x_can.o [1]
CAN_Transmit            0x0800695d  0x126  Code  Gb  stm32f10x_can.o [1]
CAN_reset               0x0800277f   0xde  Code  Gb  config.o [1]
CS5463_Read             0x08003d8d   0x24  Code  Gb  config.o [1]
CS5463_Read_            0x08003cc9   0x5c  Code  Gb  config.o [1]
CS5463_Write_           0x08003d2d   0x60  Code  Gb  config.o [1]
CS5463_page             0x20002214    0x4  Data  Gb  config.o [1]
CSTACK$$Base            0x20000458          --   Gb  - Linker created -
CSTACK$$Limit           0x20000c58          --   Gb  - Linker created -
DAC_Configuration       0x08003275   0x3a  Code  Gb  config.o [1]
DAC_DeInit              0x080089f5   0x18  Code  Gb  stm32f10x_dac.o [1]
DAC_I2C_write           0x080035dd  0x100  Code  Gb  config.o [1]
DAC_I2C_write::timeout  0x20002204    0x4  Data  Lc  config.o [1]
DAC_WriteCh             0x08003201   0x70  Code  Gb  config.o [1]
DCV_Read                0x08000a69    0xe  Code  Gb  rabm.o [1]
DCV_value               0x20002220    0x4  Data  Gb  rabm.o [1]
DMA_Cmd                 0x08008551   0x1c  Code  Gb  stm32f10x_dma.o [1]
DMA_Configuration       0x08002ce9   0x82  Code  Gb  config.o [1]
DMA_DeInit              0x08008409  0x10a  Code  Gb  stm32f10x_dma.o [1]
DMA_Init                0x08008513   0x3e  Code  Gb  stm32f10x_dma.o [1]
DMA_InitStructure       0x20001f20   0x2c  Data  Gb  config.o [1]
DebugMon_Handler        0x0800b61f    0x2  Code  Gb  stm32f10x_it.o [1]
Delay                   0x080023b7    0xa  Code  Gb  util.o [1]
Delay_ms                0x0800248f   0x2c  Code  Gb  util.o [1]
Delay_us                0x0800245d   0x32  Code  Gb  util.o [1]
EEPROM_SendAddr         0x080036e1   0x72  Code  Gb  config.o [1]
EEPROM_SendData         0x08003753   0x3e  Code  Gb  config.o [1]
EXTI1_IRQHandler        0x0800b853   0x1a  Code  Gb  stm32f10x_it.o [1]
EXTI_ClearITPendingBit  0x0800b975    0x6  Code  Gb  stm32f10x_exti.o [1]
EXTI_GetITStatus        0x0800b94d   0x28  Code  Gb  stm32f10x_exti.o [1]
Enable_DHCP             0x200022cc    0x1  Data  Gb  AlarmComm.o [1]
FLASH_ErasePage         0x08008a6d   0x5e  Code  Gb  stm32f10x_flash.o [1]
FLASH_GetBank1Status    0x08008b4b   0x34  Code  Gb  stm32f10x_flash.o [1]
FLASH_Lock              0x08008a5b   0x12  Code  Gb  stm32f10x_flash.o [1]
FLASH_PrefetchBufferCmd
                        0x08008a25   0x20  Code  Gb  stm32f10x_flash.o [1]
FLASH_ProgramWord       0x08008acb   0x80  Code  Gb  stm32f10x_flash.o [1]
FLASH_SetLatency        0x08008a0d   0x18  Code  Gb  stm32f10x_flash.o [1]
FLASH_Unlock            0x08008a45   0x16  Code  Gb  stm32f10x_flash.o [1]
FLASH_WaitForLastOperation
                        0x08008b9d   0x2e  Code  Gb  stm32f10x_flash.o [1]
FW_VERSION              0x20002120   0x14  Data  Gb  rabm.o [1]
GPIOA_Configuration     0x08002fd7   0xb2  Code  Gb  config.o [1]
GPIOB_Configuration     0x08003089   0x5a  Code  Gb  config.o [1]
GPIOC_Configuration     0x0800311d   0x94  Code  Gb  config.o [1]
GPIOD_Configuration     0x080030e3   0x30  Code  Gb  config.o [1]
GPIO_Configuration      0x080031dd   0x1c  Code  Gb  config.o [1]
GPIO_DeInit             0x080024c5   0xb4  Code  Gb  stm32f10x_gpio.o [1]
GPIO_Init               0x08002579  0x136  Code  Gb  stm32f10x_gpio.o [1]
GPIO_InitStructure      0x200021fc    0x4  Data  Gb  config.o [1]
GPIO_ReadInputDataBit   0x080026af   0x1a  Code  Gb  stm32f10x_gpio.o [1]
GPIO_ReadOutputDataBit  0x080026c9   0x1a  Code  Gb  stm32f10x_gpio.o [1]
GPIO_ResetBits          0x080026e9    0x6  Code  Gb  stm32f10x_gpio.o [1]
GPIO_SetBits            0x080026e3    0x6  Code  Gb  stm32f10x_gpio.o [1]
GPIO_Write              0x08002701    0x6  Code  Gb  stm32f10x_gpio.o [1]
GPIO_WriteBit           0x080026ef   0x12  Code  Gb  stm32f10x_gpio.o [1]
HEAP$$Base              0x20000c58          --   Gb  - Linker created -
HEAP$$Limit             0x20001458          --   Gb  - Linker created -
HSEStartUpStatus        0x200022cf    0x1  Data  Gb  config.o [1]
HW_VERSION              0x2000210c   0x14  Data  Gb  rabm.o [1]
HardFault_Handler       0x0800b617    0x2  Code  Gb  stm32f10x_it.o [1]
I2C1_ER_IRQHandler      0x0800b6ab    0x2  Code  Gb  stm32f10x_it.o [1]
I2C1_EV_IRQHandler      0x0800b6a5    0x2  Code  Gb  stm32f10x_it.o [1]
I2C2_ER_IRQHandler      0x0800b6a9    0x2  Code  Gb  stm32f10x_it.o [1]
I2C2_EV_IRQHandler      0x0800b6a7    0x2  Code  Gb  stm32f10x_it.o [1]
I2C_AcknowledgeConfig   0x08008fed   0x1c  Code  Gb  stm32f10x_i2c.o [1]
I2C_CheckEvent          0x08009041   0x38  Code  Gb  stm32f10x_i2c.o [1]
I2C_Cmd                 0x08008f99   0x1c  Code  Gb  stm32f10x_i2c.o [1]
I2C_Configuration       0x08003543   0x86  Code  Gb  config.o [1]
I2C_DeInit              0x08008e61   0x36  Code  Gb  stm32f10x_i2c.o [1]
I2C_GenerateSTART       0x08008fb5   0x1c  Code  Gb  stm32f10x_i2c.o [1]
I2C_GenerateSTOP        0x08008fd1   0x1c  Code  Gb  stm32f10x_i2c.o [1]
I2C_ITConfig            0x08009009   0x16  Code  Gb  stm32f10x_i2c.o [1]
I2C_Init                0x08008e97   0xf2  Code  Gb  stm32f10x_i2c.o [1]
I2C_ReceiveData         0x08009025    0x6  Code  Gb  stm32f10x_i2c.o [1]
I2C_Send7bitAddress     0x0800902b   0x16  Code  Gb  stm32f10x_i2c.o [1]
I2C_SendData            0x0800901f    0x6  Code  Gb  stm32f10x_i2c.o [1]
IINCHIP_CSoff           0x0800b32d    0xa  Code  Gb  w5500.o [1]
IINCHIP_CSon            0x0800b337    0xa  Code  Gb  w5500.o [1]
IINCHIP_READ            0x0800b351   0x38  Code  Gb  w5500.o [1]
IINCHIP_SpiSendData     0x0800b341   0x10  Code  Gb  w5500.o [1]
IWDG_ReloadCounter      0x08003f5d    0xa  Code  Gb  stm32f10x_iwdg.o [1]
Init_RxMes              0x080029e3   0x5a  Code  Gb  config.o [1]
Init_TxMessage          0x08002ad9   0xaa  Code  Gb  config.o [1]
LDA_Read                0x08000a77   0x9e  Code  Gb  rabm.o [1]
LoadInt                 0x08007487   0x6e  Code  Lc  xprintffull.o [3]
MemManage_Handler       0x0800b619    0x2  Code  Gb  stm32f10x_it.o [1]
NMI_Handler             0x0800b615    0x2  Code  Gb  stm32f10x_it.o [1]
NVIC_Configuration      0x08003499   0xaa  Code  Gb  config.o [1]
NVIC_Init               0x08008377   0x68  Code  Gb  misc.o [1]
NVIC_PriorityGroupConfig
                        0x0800836d    0xa  Code  Gb  misc.o [1]
NVIC_SetVectorTable     0x080083df    0xc  Code  Gb  misc.o [1]
NVIC_SystemReset        0x08000131   0x22  Code  Lc  rabm.o [1]
PendSV_Handler          0x0800b623    0x2  Code  Gb  stm32f10x_it.o [1]
RCC_ADCCLKConfig        0x08008151   0x14  Code  Gb  stm32f10x_rcc.o [1]
RCC_AHBPeriphClockCmd   0x08008241   0x1e  Code  Gb  stm32f10x_rcc.o [1]
RCC_APB1PeriphClockCmd  0x0800827d   0x1e  Code  Gb  stm32f10x_rcc.o [1]
RCC_APB1PeriphResetCmd  0x080082b9   0x1e  Code  Gb  stm32f10x_rcc.o [1]
RCC_APB2PeriphClockCmd  0x0800825f   0x1e  Code  Gb  stm32f10x_rcc.o [1]
RCC_APB2PeriphResetCmd  0x0800829b   0x1e  Code  Gb  stm32f10x_rcc.o [1]
RCC_Configuration       0x080032b9   0x8a  Code  Gb  config.o [1]
RCC_DeInit              0x08007fd9   0x60  Code  Gb  stm32f10x_rcc.o [1]
RCC_GetClocksFreq       0x08008165   0xdc  Code  Gb  stm32f10x_rcc.o [1]
RCC_GetFlagStatus       0x080082d7   0x52  Code  Gb  stm32f10x_rcc.o [1]
RCC_GetSYSCLKSource     0x08008109    0xa  Code  Gb  stm32f10x_rcc.o [1]
RCC_HCLKConfig          0x08008113   0x14  Code  Gb  stm32f10x_rcc.o [1]
RCC_HSEConfig           0x08008039   0x56  Code  Gb  stm32f10x_rcc.o [1]
RCC_PCLK1Config         0x08008127   0x14  Code  Gb  stm32f10x_rcc.o [1]
RCC_PCLK2Config         0x0800813b   0x16  Code  Gb  stm32f10x_rcc.o [1]
RCC_PLLCmd              0x080080eb    0xa  Code  Gb  stm32f10x_rcc.o [1]
RCC_PLLConfig           0x080080cf   0x1c  Code  Gb  stm32f10x_rcc.o [1]
RCC_SYSCLKConfig        0x080080f5   0x14  Code  Gb  stm32f10x_rcc.o [1]
RCC_WaitForHSEStartUp   0x0800808f   0x40  Code  Gb  stm32f10x_rcc.o [1]
RET_Read                0x08000e01  0x128  Code  Gb  rabm.o [1]
RTC_ClearITPendingBit   0x08004239    0xc  Code  Gb  stm32f10x_rtc.o [1]
RTC_EnterConfigMode     0x080041b9    0xe  Code  Gb  stm32f10x_rtc.o [1]
RTC_ExitConfigMode      0x080041c7   0x10  Code  Gb  stm32f10x_rtc.o [1]
RTC_GetCounter          0x080041d7   0x16  Code  Gb  stm32f10x_rtc.o [1]
RTC_GetITStatus         0x0800420f   0x2a  Code  Gb  stm32f10x_rtc.o [1]
RTC_IRQHandler          0x0800b627   0x1e  Code  Gb  stm32f10x_it.o [1]
RTC_SetCounter          0x080041ed   0x18  Code  Gb  stm32f10x_rtc.o [1]
RTC_WaitForLastTask     0x08004205    0xa  Code  Gb  stm32f10x_rtc.o [1]
Region$$Table$$Base     0x0800be48          --   Gb  - Linker created -
Region$$Table$$Limit    0x0800be68          --   Gb  - Linker created -
RxBuffer1               0x20001458  0x200  Data  Gb  config.o [1]
RxMessage               0x2000215c   0x14  Data  Gb  stm32f10x_it.o [1]
SERIAL_NO               0x20002134   0x14  Data  Gb  rabm.o [1]
SPI_Cmd                 0x0800911d   0x1c  Code  Gb  stm32f10x_spi.o [1]
SPI_Configuration       0x08003c21   0x62  Code  Gb  config.o [1]
SPI_I2S_DeInit          0x08009079   0x58  Code  Gb  stm32f10x_spi.o [1]
SPI_I2S_GetFlagStatus   0x08009141   0x18  Code  Gb  stm32f10x_spi.o [1]
SPI_I2S_ReceiveData     0x0800913d    0x4  Code  Gb  stm32f10x_spi.o [1]
SPI_I2S_SendData        0x08009139    0x4  Code  Gb  stm32f10x_spi.o [1]
SPI_Init                0x080090d1   0x40  Code  Gb  stm32f10x_spi.o [1]
SPI_SendByte            0x08003c8d   0x36  Code  Gb  config.o [1]
SVC_Handler             0x0800b621    0x2  Code  Gb  stm32f10x_it.o [1]
SerialPutChar           0x08003401   0x22  Code  Gb  config.o [1]
SetSysClock             0x0800b9d9    0x8  Code  Lc  system_stm32f10x.o [1]
SetSysClockTo72         0x0800b9e1   0xe0  Code  Lc  system_stm32f10x.o [1]
SysTick_Handler         0x0800b625    0x2  Code  Gb  stm32f10x_it.o [1]
SystemInit              0x0800b985   0x54  Code  Gb  system_stm32f10x.o [1]
TIM4_IRQHandler         0x0800b6ad  0x1a6  Code  Gb  stm32f10x_it.o [1]
TIM4_IRQHandler::i      0x2000229c    0x4  Data  Lc  stm32f10x_it.o [1]
TIM4_IRQHandler::tmcnt  0x20002298    0x4  Data  Lc  stm32f10x_it.o [1]
TIME                    0x200022a0    0x4  Data  Gb  Time.o [1]
TIM_ClearITPendingBit   0x080089c3    0x8  Code  Gb  stm32f10x_tim.o [1]
TIM_Cmd                 0x0800893f   0x1c  Code  Gb  stm32f10x_tim.o [1]
TIM_GetCapture1         0x0800898d    0x4  Code  Gb  stm32f10x_tim.o [1]
TIM_GetITStatus         0x08008991   0x32  Code  Gb  stm32f10x_tim.o [1]
TIM_ITConfig            0x0800895b   0x16  Code  Gb  stm32f10x_tim.o [1]
TIM_OC1Init             0x080088a5   0x9a  Code  Gb  stm32f10x_tim.o [1]
TIM_OC1PreloadConfig    0x08008977   0x12  Code  Gb  stm32f10x_tim.o [1]
TIM_PrescalerConfig     0x08008971    0x6  Code  Gb  stm32f10x_tim.o [1]
TIM_SetCompare1         0x08008989    0x4  Code  Gb  stm32f10x_tim.o [1]
TIM_TimeBaseInit        0x08008811   0x94  Code  Gb  stm32f10x_tim.o [1]
Thr                     0x20000270   0x48  Data  Gb  rabm.o [1]
TimeDisplay             0x200021f8    0x4  Data  Gb  config.o [1]
Timer4_Init             0x08002ef3   0xa0  Code  Gb  config.o [1]
TxMessage               0x200020f8   0x14  Data  Gb  config.o [1]
UART_Configuration      0x080033f9    0x8  Code  Gb  config.o [1]
USART1_IRQHandler       0x0800b645   0x5e  Code  Gb  stm32f10x_it.o [1]
USART1_Init             0x0800334d   0xac  Code  Gb  config.o [1]
USART2_IRQHandler       0x0800b6a3    0x2  Code  Gb  stm32f10x_it.o [1]
USART_Cmd               0x08008d51   0x1c  Code  Gb  stm32f10x_usart.o [1]
USART_DeInit            0x08008bcd   0x90  Code  Gb  stm32f10x_usart.o [1]
USART_GetFlagStatus     0x08008dd3   0x1e  Code  Gb  stm32f10x_usart.o [1]
USART_GetITStatus       0x08008df1   0x70  Code  Gb  stm32f10x_usart.o [1]
USART_ITConfig          0x08008d6d   0x56  Code  Gb  stm32f10x_usart.o [1]
USART_Init              0x08008c5d   0xde  Code  Gb  stm32f10x_usart.o [1]
USART_ReceiveData       0x08008dcb    0x8  Code  Gb  stm32f10x_usart.o [1]
USART_Rx                0x08003429   0x4a  Code  Gb  config.o [1]
USART_SendData          0x08008dc3    0x8  Code  Gb  stm32f10x_usart.o [1]
USB_LP_CAN1_RX0_IRQHandler
                        0x0800b86d   0x84  Code  Gb  stm32f10x_it.o [1]
UsageFault_Handler      0x0800b61d    0x2  Code  Gb  stm32f10x_it.o [1]
Vref                    0x20000158    0x4  Data  Gb  rabm.o [1]
WIZ_CS                  0x0800b305   0x28  Code  Gb  w5500.o [1]
_EncodingSb_Mbtowc      0x0800b423   0x30  Code  Gb  xencoding_sb.o [3]
_EncodingSb_Mbtowc::initial
                        0x0800b460    0x8  Data  Lc  xencoding_sb.o [3]
_EncodingSb_Wctomb      0x0800b409   0x1a  Code  Gb  xencoding_sb.o [3]
_EncodingSb_Wctomb::initial
                        0x0800b458    0x8  Data  Lc  xencoding_sb.o [3]
_FProut                 0x0800c035   0x18  Code  Gb  xfprout.o [3]
_GenldFull              0x08007d0d  0x254  Code  Lc  xprintffull.o [3]
_Getdst                 0x0800b4d5  0x132  Code  Gb  xgetdst.o [3]
_Gettime                0x0800928b   0x42  Code  Gb  xgettime.o [3]
_IsdstStr               0x20000318    0x4  Data  Gb  setlocale.o [3]
_Isdst_olddst           0x20000440    0x4  Data  Lc  xisdst.o [3]
_Isdst_rules            0x20000444    0x4  Data  Gb  xisdstData.o [3]
_LdtobFull              0x0800790d  0x3fa  Code  Lc  xprintffull.o [3]
_LitobFull              0x08007801  0x10a  Code  Lc  xprintffull.o [3]
_LocaleC_isspace        0x0800b495   0x14  Code  Gb  xlocale_c.o [3]
_LocaleC_tolower        0x0800b607    0xc  Code  Gb  xlocale_c.o [3]
_LocaleEncoding         0x08009265    0xe  Code  Gb  setlocale.o [3]
_LocaleForCat           0x08009253   0x12  Code  Gb  setlocale.o [3]
_LocaleReturnString     0x20000338   0x50  Data  Lc  setlocale.o [3]
_Locale_Profile         0x2000031c   0x1c  Data  Gb  setlocale.o [3]
_Locale_aeabi_lconv     0x20000408   0x38  Data  Gb  localeconv.o [3]
_Locale_lconv           0x200003b8   0x50  Data  Gb  localeconv.o [3]
_Localtime_oldzone      0x2000030c    0x4  Data  Lc  localtim.o [3]
_Localtime_tzoff        0x20000310    0x4  Data  Lc  localtim.o [3]
_Mbtowc                 0x0800adc7   0x20  Code  Gb  xmbtowc.o [3]
_PrintfFull             0x08006e21  0x650  Code  Gb  xprintffull.o [3]
_Prout                  0x0800c04d   0x16  Code  Gb  xprout.o [3]
_PutcharsFull           0x08007f61   0x2e  Code  Lc  xprintffull.o [3]
_PutstrFull             0x080074f5  0x306  Code  Lc  xprintffull.o [3]
_SProut                 0x080024bb    0xa  Code  Gb  xsprout.o [3]
_Ttotm_ts               0x20000388   0x2c  Data  Lc  xttotm.o [3]
_Tzoff                  0x08004255   0x94  Code  Gb  localtim.o [3]
_TzoneStr               0x20000314    0x4  Data  Gb  setlocale.o [3]
_Wctomb                 0x0800af15   0x1a  Code  Gb  xwctomb.o [3]
__aeabi_cdcmple         0x0800aff5         Code  Gb  DblCmpLe.o [4]
__aeabi_cdrcmple        0x0800abe1         Code  Gb  DblCmpGe.o [4]
__aeabi_cfcmpeq         0x08004ae9         Code  Gb  FltCmpEq.o [4]
__aeabi_cfcmple         0x0800450d         Code  Gb  FltCmpLe.o [4]
__aeabi_cfrcmple        0x08004b05         Code  Gb  FltCmpGe.o [4]
__aeabi_d2f             0x08004381         Code  Gb  DblToFlt.o [4]
__aeabi_d2iz            0x08004161         Code  Gb  DblToI32.o [4]
__aeabi_d2uiz           0x0800418d         Code  Gb  DblToI32.o [4]
__aeabi_dadd            0x08004531         Code  Gb  DblAdd.o [4]
__aeabi_ddiv            0x08004619         Code  Gb  DblDiv.o [4]
__aeabi_dmul            0x08003fbd         Code  Gb  DblMul.o [4]
__aeabi_dsub            0x080094dd         Code  Gb  DblSub.o [4]
__aeabi_errno_addr      0x0800b1c5    0x6  Code  Gb  errno.o [3]
__aeabi_f2d             0x08003f6d         Code  Gb  FltToDbl.o [4]
__aeabi_f2iz            0x0800430d         Code  Gb  FltToS32.o [4]
__aeabi_fadd            0x08004a65         Code  Gb  FltAdd.o [4]
__aeabi_fdiv            0x08004411         Code  Gb  FltDiv.o [4]
__aeabi_fmul            0x080048a5         Code  Gb  FltMul.o [4]
__aeabi_fsub            0x0800497d         Code  Gb  FltSub.o [4]
__aeabi_i2d             0x08004351         Code  Gb  I32ToDbl.o [4]
__aeabi_i2f             0x08004871         Code  Gb  I32ToFlt.o [4]
__aeabi_ldiv0           0x0800adc5         Code  Gb  I64DivZer.o [5]
__aeabi_memset          0x0800b38d         Code  Gb  ABImemset.o [5]
__aeabi_ui2d            0x08004365         Code  Gb  I32ToDbl.o [4]
__aeabi_ui2f            0x08004885         Code  Gb  I32ToFlt.o [4]
__aeabi_uldivmod        0x08006d31         Code  Gb  I64DivMod.o [5]
__cmain                 0x0800bf31         Code  Gb  cmain.o [5]
__data_Aldata           0x200021c8    0x8  Data  Gb  xxmemxmalloc.o [3]
__data_GetMemChunk      0x0800b469   0x2c  Code  Gb  xgetmemchunk.o [3]
__data_GetMemChunk::start
                        0x200022b0    0x4  Data  Lc  xgetmemchunk.o [3]
__exit                  0x0800bf61   0x14  Code  Gb  exit.o [6]
__getzone               0x08009281    0x6  Code  Gb  getzone.o [3]
__iar_Daysto32          0x08009355   0x3a  Code  Gb  xttotm.o [3]
__iar_Dnorm             0x0800afb1   0x44  Code  Gb  xdnorm.o [4]
__iar_Dscale            0x0800b025  0x10c  Code  Gb  xdscale.o [4]
__iar_Errno             0x200003b4    0x4  Data  Gb  errno.o [3]
__iar_Isdst32           0x0800b1d1  0x134  Code  Gb  xisdst.o [3]
__iar_Locale_lconv_init
                        0x0800b131   0x3a  Code  Gb  localeconv.o [3]
__iar_Lockfilelock      0x0800b1ab    0x2  Code  Gb  xsyslock_nop.o [3]
__iar_Mbcurmax          0x0800ae59    0xa  Code  Gb  xmbcurmax.o [3]
__iar_Memchr            0x0800ae01         Code  Gb  memchr.o [5]
__iar_Memset            0x0800b38d         Code  Gb  ABImemset.o [5]
__iar_Memset_word       0x0800b395         Code  Gb  ABImemset.o [5]
__iar_Stdout            0x200002cc   0x40  Data  Gb  xfiles.o [3]
__iar_Stolx             0x080092cd   0x88  Code  Gb  xstol.o [3]
__iar_Stoul             0x0800ad71    0x4  Code  Gb  xstoul.o [3]
__iar_Stoulx            0x0800ac2d  0x13e  Code  Gb  xstoul.o [3]
__iar_Strchr            0x0800ade9         Code  Gb  strchr.o [5]
__iar_Ttotm32           0x0800938f  0x112  Code  Gb  xttotm.o [3]
__iar_TzoneStr_init     0x0800922d   0x26  Code  Gb  setlocale.o [3]
__iar_Unlockfilelock    0x0800b1ad    0x2  Code  Gb  xsyslock_nop.o [3]
__iar_d2uiz             0x08004199         Code  Gb  DblToI32.o [4]
__iar_dadd              0x08004545         Code  Gb  DblAdd.o [4]
__iar_data_init3        0x0800bd91   0x28  Code  Gb  data_init.o [5]
__iar_dlib_perthread_access
                        0x08009229    0x2  Code  Gb  xtls.o [3]
__iar_dsub              0x080094f1         Code  Gb  DblSub.o [4]
__iar_dsubStart         0x08009503         Code  Gb  DblSub.o [4]
__iar_fadd              0x08004a75         Code  Gb  FltAdd.o [4]
__iar_fsub              0x0800498d         Code  Gb  FltSub.o [4]
__iar_fsubStart         0x0800499d         Code  Gb  FltSub.o [4]
__iar_lz77_init_single3
                        0x0800badd   0x78  Code  Gb  lz77_init_single.o [5]
__iar_program_start     0x0800c469         Code  Gb  cstartup_M.o [5]
__iar_ui2d              0x08004369         Code  Gb  I32ToDbl.o [4]
__iar_ui2f              0x08004889         Code  Gb  I32ToFlt.o [4]
__iar_unaligned___aeabi_memcpy
                        0x08006c6d         Code  Gb  ABImemcpy_unaligned.o [5]
__iar_unaligned___aeabi_memcpy4
                        0x08006c8d         Code  Gb  ABImemcpy_unaligned.o [5]
__iar_unaligned___aeabi_memcpy8
                        0x08006c8d         Code  Gb  ABImemcpy_unaligned.o [5]
__iar_unaligned_memcmp  0x0800ab45         Code  Gb  memcmp_unaligned.o [5]
__iar_unaligned_strcpy  0x08006ce5         Code  Gb  strcpy_unaligned.o [5]
__iar_zero_init3        0x0800bc59   0x40  Code  Gb  zero_init3.o [5]
__localtime32           0x080042f1   0x1a  Code  Gb  localtim.o [3]
__low_level_init        0x0800bf4b    0x4  Code  Gb  low_level_init.o [3]
__mktime32              0x08009159   0xd0  Code  Gb  mktime.o [3]
__vector_table          0x08000000         Data  Gb  startup_stm32f10x_hd.o [1]
_call_main              0x0800bf3d         Code  Gb  cmain.o [5]
_exit                   0x0800bf55         Code  Gb  cexit.o [5]
_main                   0x0800bf47         Code  Gb  cmain.o [5]
acv_flag                0x20002274    0x4  Data  Gb  rabm.o [1]
ad_offset               0x20001fc8   0x24  Data  Gb  rabm.o [1]
ad_read_offset          0x0800151b   0x22  Code  Gb  rabm.o [1]
ad_save_offset          0x08001509   0x12  Code  Gb  rabm.o [1]
ad_set                  0x20002088   0x18  Data  Gb  command.o [1]
ad_temp                 0x2000204c   0x20  Data  Gb  stm32f10x_it.o [1]
adc_dr                  0x200020d0   0x14  Data  Gb  config.o [1]
adc_ready               0x200022be    0x2  Data  Gb  rabm.o [1]
adv                     0x2000202c   0x20  Data  Gb  stm32f10x_it.o [1]
alarm_set               0x20001f78   0x28  Data  Gb  command.o [1]
alarm_set_default       0x08001725   0xe4  Code  Gb  rabm.o [1]
alarm_sts               0x20001b24   0xa0  Data  Gb  rabm.o [1]
alarm_timer_init        0x080011e5   0x3c  Code  Gb  rabm.o [1]
atimer                  0x20001d80   0x60  Data  Gb  rabm.o [1]
atoi                    0x08006d29    0x8  Code  Gb  atoi.o [3]
auto_test               0x200020a0   0x18  Data  Gb  rabm.o [1]
auto_test_time          0x200021b8    0x8  Data  Gb  rabm.o [1]
avg_ref                 0x08001cb5   0xca  Code  Gb  rabm.o [1]
batA                    0x20002148   0x14  Data  Gb  rabm.o [1]
batS                    0x2000226c    0x4  Data  Gb  rabm.o [1]
bat_can_flag            0x200022ca    0x2  Data  Gb  stm32f10x_it.o [1]
bat_offset              0x2000227c    0x4  Data  Gb  rabm.o [1]
bat_set_auto_test_day   0x08001ff1  0x1a6  Code  Gb  rabm.o [1]
bat_test_save_mode      0x08001ef5   0x14  Code  Gb  rabm.o [1]
bat_test_save_period    0x08001f1f   0x10  Code  Gb  rabm.o [1]
bat_test_save_time      0x08001f2f   0x54  Code  Gb  rabm.o [1]
bat_test_save_v         0x08001f09   0x16  Code  Gb  rabm.o [1]
bat_test_set_mode       0x08001f89   0x26  Code  Gb  rabm.o [1]
bat_test_set_period     0x08002199   0x2e  Code  Gb  rabm.o [1]
bat_test_set_v          0x08001fb1   0x40  Code  Gb  rabm.o [1]
bat_test_start          0x080021d1   0x34  Code  Gb  rabm.o [1]
bms                     0x20000130   0x28  Data  Gb  rabm.o [1]
bms_send_resp           0x08002bb3  0x136  Code  Gb  config.o [1]
bms_type                0x2000044a    0x2  Data  Gb  config.o [1]
can_tx_count            0x200022ba    0x2  Data  Gb  rabm.o [1]
check_bat_sts           0x08001609  0x104  Code  Gb  rabm.o [1]
check_can_type          0x08002725   0x5a  Code  Gb  config.o [1]
check_can_type::type    0x2000044c    0x2  Data  Lc  config.o [1]
check_port_status       0x08001101   0xe0  Code  Gb  rabm.o [1]
check_port_status::pstatus
                        0x200022c8    0x2  Data  Lc  rabm.o [1]
check_status_flag       0x200022c2    0x2  Data  Gb  rabm.o [1]
clear_alarms            0x0800155d   0x9c  Code  Gb  rabm.o [1]
cmd_ac_test             0x08009877   0x7e  Code  Gb  debug.o [1]
cmd_adc_test            0x08009797   0x52  Code  Gb  debug.o [1]
cmd_boot0_test          0x08009931   0x4a  Code  Gb  debug.o [1]
cmd_button_test         0x0800997b   0x76  Code  Gb  debug.o [1]
cmd_can_set             0x08009d33   0x60  Code  Gb  debug.o [1]
cmd_chip_id             0x080096ff   0x42  Code  Gb  debug.o [1]
cmd_dac_test            0x080097e9   0x8e  Code  Gb  debug.o [1]
cmd_debug_mode          0x08009c9b   0x50  Code  Gb  debug.o [1]
cmd_eprom_erase         0x08009b6f   0x48  Code  Gb  debug.o [1]
cmd_eprom_test          0x08009b23   0x4c  Code  Gb  debug.o [1]
cmd_get_ip              0x08009741   0x56  Code  Gb  debug.o [1]
cmd_info_set            0x08009d93   0x4c  Code  Gb  debug.o [1]
cmd_led_test            0x080098f5   0x3c  Code  Gb  debug.o [1]
cmd_out_sel             0x08009ddf   0x2a  Code  Gb  debug.o [1]
cmd_output_test         0x080099f1   0x9a  Code  Gb  debug.o [1]
cmd_relay_test          0x08009a8b   0x98  Code  Gb  debug.o [1]
cmd_self_test           0x080096d7   0x28  Code  Gb  debug.o [1]
cmd_set_hw_version      0x08009be3   0x42  Code  Gb  debug.o [1]
cmd_set_mac             0x08009c25   0x3a  Code  Gb  debug.o [1]
cmd_set_sn              0x08009c5f   0x3c  Code  Gb  debug.o [1]
cmd_set_type            0x08009e09   0x2c  Code  Gb  debug.o [1]
cmd_system_shutdown     0x08009bb7   0x2c  Code  Gb  debug.o [1]
cmd_test_mode           0x08009ceb   0x48  Code  Gb  debug.o [1]
config_sys_type         0x08002f93   0x44  Code  Gb  config.o [1]
const_hw_desc           0x0800bbc8   0x50  Data  Gb  AlarmComm.o [1]
conv                    0x0800236f   0x48  Code  Gb  util.o [1]
ctoi                    0x08006071   0x1a  Code  Gb  AlarmComm.o [1]
ctx                     0x20001a4c   0xd8  Data  Gb  AlarmComm.o [1]
dac_addr                0x20000448    0x2  Data  Gb  config.o [1]
dac_test                0x080096a3   0x34  Code  Gb  debug.o [1]
dac_test_flag           0x200022d0    0x1  Data  Gb  debug.o [1]
dac_value               0x20000268    0x8  Data  Gb  rabm.o [1]
debug_mode_toggle       0x0800968b   0x18  Code  Gb  debug.o [1]
diagnosis               0x08009ebd  0x1cc  Code  Gb  debug.o [1]
digits                  0x0800ad74   0x28  Data  Lc  xstoul.o [3]
div                     0x0800b19d    0xe  Code  Gb  div.o [3]
dl_ack_frame            0x200021f4    0x4  Data  Gb  command.o [1]
do_test_mode            0x08005231   0x14  Code  Gb  command.o [1]
download_fw             0x0800526b  0x2da  Code  Gb  command.o [1]
dprintf                 0x0800234d   0x22  Code  Gb  util.o [1]
dump_memory             0x080023cf   0x66  Code  Gb  util.o [1]
eeprom_OK               0x20002234    0x4  Data  Gb  rabm.o [1]
eeprom_erase            0x08000349   0x46  Code  Gb  rabm.o [1]
eeprom_read             0x08003959  0x19c  Code  Gb  config.o [1]
eeprom_read::timeout    0x2000220c    0x4  Data  Lc  config.o [1]
eeprom_read_buffer      0x08003799  0x1a0  Code  Gb  config.o [1]
eeprom_read_buffer::timeout
                        0x20002208    0x4  Data  Lc  config.o [1]
eeprom_test             0x080002dd   0x6c  Code  Gb  rabm.o [1]
eeprom_write            0x08003b01  0x118  Code  Gb  config.o [1]
eeprom_write::timeout   0x20002210    0x4  Data  Lc  config.o [1]
exit                    0x0800bf4f    0x4  Code  Gb  exit.o [3]
fail_lock               0x2000224c    0x4  Data  Lc  rabm.o [1]
fail_on_ready           0x2000225c    0x4  Data  Gb  rabm.o [1]
flash_erase             0x0800615d   0x32  Code  Gb  AlarmComm.o [1]
flash_write             0x0800608b   0x60  Code  Gb  AlarmComm.o [1]
forced_bat_test         0x20002278    0x4  Data  Gb  rabm.o [1]
fputc                   0x08003db1   0x22  Code  Gb  config.o [1]
fram_addr               0x20000450    0x1  Data  Gb  config.o [1]
free                    0x0800af31   0x7a  Code  Gb  xxmemxfree.o [3]
fusing_check_file       0x08006399   0xc8  Code  Gb  AlarmComm.o [1]
fusing_count            0x200021ec    0x4  Data  Gb  AlarmComm.o [1]
fusing_finish           0x080061c5  0x1b0  Code  Gb  AlarmComm.o [1]
fusing_init             0x08006191   0x2c  Code  Gb  AlarmComm.o [1]
fusing_mod              0x200021e8    0x4  Data  Gb  AlarmComm.o [1]
fusing_size             0x200021e4    0x4  Data  Gb  AlarmComm.o [1]
fusing_total_size       0x200021f0    0x4  Data  Gb  AlarmComm.o [1]
fw_version              0x20000160    0x4  Data  Gb  rabm.o [1]
get_4byte               0x080050c5   0x36  Code  Gb  command.o [1]
get_alarm_status        0x08001221    0x8  Code  Gb  rabm.o [1]
get_byte                0x08006065    0xc  Code  Gb  command.o [1]
get_command             0x08005097   0x1c  Code  Gb  command.o [1]
get_data                0x08005201   0x30  Code  Gb  command.o [1]
get_floatvalue          0x08005131   0x54  Code  Gb  command.o [1]
get_frame               0x08005ee9   0xea  Code  Gb  command.o [1]
get_frame::check_sum    0x200022ce    0x1  Data  Lc  command.o [1]
get_frame::frame_length
                        0x200022cd    0x1  Data  Lc  command.o [1]
get_frame::frame_ptr    0x200022b6    0x2  Data  Lc  command.o [1]
get_frame::frame_start  0x200022b8    0x2  Data  Lc  command.o [1]
get_intvalue            0x080050fb   0x36  Code  Gb  command.o [1]
get_intvalue2           0x08005185   0x36  Code  Gb  command.o [1]
get_ip_address          0x08006143   0x1a  Code  Gb  AlarmComm.o [1]
get_log_size            0x0800107d   0x1a  Code  Gb  rabm.o [1]
get_mode                0x080051f9    0x8  Code  Gb  command.o [1]
get_op_mode             0x08001265   0x4e  Code  Gb  rabm.o [1]
get_rect_status         0x080010b9   0x36  Code  Gb  rabm.o [1]
get_str                 0x080050b3   0x12  Code  Gb  command.o [1]
get_string2             0x080051bb   0x3e  Code  Gb  command.o [1]
get_system_time         0x08003ee9   0x54  Code  Gb  Time.o [1]
get_time_counter        0x08003f3d    0x8  Code  Gb  Time.o [1]
getint                  0x0800b4a9   0x2c  Code  Lc  xgetdst.o [3]
hw_desc                 0x20001958   0xf4  Data  Gb  AlarmComm.o [1]
hw_version              0x2000015c    0x4  Data  Gb  rabm.o [1]
init_adc_dr             0x08002ddf   0x1a  Code  Gb  config.o [1]
inputs                  0x20000090   0xa0  Data  Gb  debug.o [1]
ip_bat_test_residual    0x08006461   0xa8  Code  Gb  AlarmComm.o [1]
ip_set_hw_desc          0x08006509   0x34  Code  Gb  AlarmComm.o [1]
ip_set_memo_info        0x080060eb   0x22  Code  Gb  AlarmComm.o [1]
ip_state                0x200021e0    0x4  Data  Gb  AlarmComm.o [1]
ip_update_flash_ip      0x0800610d   0x36  Code  Gb  AlarmComm.o [1]
ip_write_psu_name       0x080065e5   0x26  Code  Gb  AlarmComm.o [1]
isspace                 0x0800b1af   0x14  Code  Gb  isxxx.o [3]
lmos                    0x080094ac   0x18  Data  Lc  xttotm.o [3]
localeconv              0x0800b16b   0x16  Code  Gb  localeconv.o [3]
log_event               0x2000206c   0x1c  Data  Gb  rabm.o [1]
log_format_eeprom       0x080006a9   0x52  Code  Gb  rabm.o [1]
log_frame               0x2000200c   0x20  Data  Gb  command.o [1]
log_get_time            0x08000701   0x3a  Code  Gb  rabm.o [1]
log_header              0x2000219c    0xc  Data  Gb  rabm.o [1]
log_header_no           0x20002244    0x4  Data  Gb  rabm.o [1]
log_id                  0x2000044e    0x2  Data  Gb  rabm.o [1]
log_send_index          0x20002230    0x4  Data  Gb  rabm.o [1]
log_send_size           0x2000222c    0x4  Data  Gb  rabm.o [1]
log_sending             0x20002228    0x4  Data  Gb  rabm.o [1]
log_set_header_checksum
                        0x08000679   0x22  Code  Gb  rabm.o [1]
log_sts                 0x20001de0   0x50  Data  Gb  rabm.o [1]
log_write               0x08000441  0x22a  Code  Gb  rabm.o [1]
main                    0x0800bb55   0x74  Code  Gb  main.o [1]
malloc                  0x0800ae65   0xac  Code  Gb  xxmemxmalloc.o [3]
management_id           0x200021dc    0x4  Data  Gb  AlarmComm.o [1]
management_id_flag      0x200021d0    0x4  Data  Gb  AlarmComm.o [1]
md5_finish              0x0800a953   0xde  Code  Gb  md5.o [1]
md5_free                0x0800a10d   0x12  Code  Gb  md5.o [1]
md5_init                0x0800a0f9   0x14  Code  Gb  md5.o [1]
md5_input               0x20001fec   0x20  Data  Gb  AlarmComm.o [1]
md5_output              0x20002170   0x10  Data  Gb  AlarmComm.o [1]
md5_padding             0x0800bc18   0x40  Data  Lc  md5.o [1]
md5_process             0x0800a141  0x784  Code  Gb  md5.o [1]
md5_starts              0x0800a11f   0x22  Code  Gb  md5.o [1]
md5_update              0x0800a8c5   0x8e  Code  Gb  md5.o [1]
memchr                  0x0800ae01         Code  Gb  memchr.o [5]
mos                     0x080094c4   0x18  Data  Lc  xttotm.o [3]
ndigs                   0x0800ad9c   0x28  Data  Lc  xstoul.o [3]
obuf                    0x20001e30   0x50  Data  Lc  xfiles.o [3]
ocp_lock                0x20002258    0x4  Data  Lc  rabm.o [1]
offset_save             0x0800038f   0x78  Code  Gb  rabm.o [1]
op_frame                0x20001fa0   0x28  Data  Gb  command.o [1]
op_sts                  0x20001ec0   0x30  Data  Gb  rabm.o [1]
operation_mode          0x200022b4    0x2  Data  Gb  AlarmComm.o [1]
out_status              0x200022c6    0x2  Data  Gb  rabm.o [1]
outputs                 0x20000010   0x80  Data  Gb  debug.o [1]
ovp_count               0x20002250    0x4  Data  Lc  rabm.o [1]
ovp_flag                0x20002254    0x4  Data  Lc  rabm.o [1]
ovp_lock                0x20002248    0x4  Data  Lc  rabm.o [1]
ping_addr               0x2000000c    0x4  Data  Gb  AlarmComm.o [1]
ping_ok                 0x200022d2    0x1  Data  Gb  ping.o [1]
ping_repeat             0x20002218    0x4  Data  Gb  ping.o [1]
ping_start              0x200022d1    0x1  Data  Gb  ping.o [1]
ping_to                 0x0800a089   0x46  Code  Gb  ping.o [1]
polarssl_zeroize        0x0800a0e5   0x14  Code  Lc  md5.o [1]
port_status             0x200022c4    0x2  Data  Gb  rabm.o [1]
port_sts                0x20000168  0x100  Data  Gb  rabm.o [1]
printf                  0x08002329   0x24  Code  Gb  printf.o [3]
psu_ip                  0x20000008    0x4  Data  Gb  AlarmComm.o [1]
psu_mac                 0x20000000    0x8  Data  Gb  AlarmComm.o [1]
psu_name_set            0x20001cb4   0x68  Data  Gb  command.o [1]
ptim                    0x200022a4    0x4  Data  Gb  Time.o [1]
putchar                 0x0800c065    0xc  Code  Gb  putchar.o [3]
rabm_main               0x08002205   0xd2  Code  Gb  rabm.o [1]
rabm_process_command    0x0800556d  0x372  Code  Gb  command.o [1]
read_adc                0x08002d6b   0x74  Code  Gb  config.o [1]
read_adc::flag          0x20002200    0x4  Data  Lc  config.o [1]
read_bat_A              0x08000f9d   0x54  Code  Gb  rabm.o [1]
read_bat_T              0x08000ff5   0x10  Code  Gb  rabm.o [1]
read_bat_V              0x08000f59   0x14  Code  Gb  rabm.o [1]
read_dcv                0x080009f5   0x74  Code  Gb  rabm.o [1]
read_eeprom             0x08000407   0x16  Code  Gb  rabm.o [1]
read_input_A            0x08000f39   0x10  Code  Gb  rabm.o [1]
read_input_V            0x08000f29   0x10  Code  Gb  rabm.o [1]
read_output_A           0x08000f6d   0x2c  Code  Gb  rabm.o [1]
read_output_V           0x08000f49   0x10  Code  Gb  rabm.o [1]
read_rec_T              0x0800100d   0x10  Code  Gb  rabm.o [1]
recover                 0x200020b8   0x18  Data  Gb  rabm.o [1]
recovery_start          0x08001d85   0xa0  Code  Gb  rabm.o [1]
rect_on                 0x0800029b   0x42  Code  Gb  rabm.o [1]
rect_on_flag            0x20002224    0x4  Data  Gb  rabm.o [1]
rect_sts                0x20001c44   0x70  Data  Gb  rabm.o [1]
rect_test_on            0x08009673   0x18  Code  Gb  debug.o [1]
relay_off               0x08000223   0x78  Code  Gb  rabm.o [1]
relay_on                0x080001ab   0x78  Code  Gb  rabm.o [1]
reset_type              0x200022a8    0x4  Data  Gb  Time.o [1]
restart_flag            0x20002270    0x4  Data  Gb  rabm.o [1]
restart_time            0x200021a8    0x8  Data  Gb  AlarmComm.o [1]
rs_fusing_image         0x08006379   0x1e  Code  Gb  AlarmComm.o [1]
rtc_time                0x20001f4c   0x2c  Data  Gb  Time.o [1]
rx_array                0x20001858  0x100  Data  Gb  command.o [1]
rx_buffer               0x20001758  0x100  Data  Gb  command.o [1]
rx_frame                0x20001658  0x100  Data  Gb  command.o [1]
rx_head                 0x2000228c    0x4  Data  Gb  stm32f10x_it.o [1]
rx_overrun              0x20002294    0x4  Data  Gb  stm32f10x_it.o [1]
rx_tail                 0x20002290    0x4  Data  Gb  stm32f10x_it.o [1]
save_value              0x080014ed   0x14  Code  Gb  rabm.o [1]
saved_ip                0x200021d4    0x4  Data  Gb  AlarmComm.o [1]
saved_mac               0x200021b0    0x8  Data  Gb  AlarmComm.o [1]
saved_management_id     0x200021d8    0x4  Data  Gb  AlarmComm.o [1]
send_ad_set             0x08005b95   0x8c  Code  Gb  command.o [1]
send_alarm_set          0x08005c25   0xbc  Code  Gb  command.o [1]
send_byte               0x08005ebd    0xe  Code  Gb  command.o [1]
send_dl_ack             0x08005245   0x26  Code  Gb  command.o [1]
send_frame              0x08005e7d   0x40  Code  Gb  command.o [1]
send_log_no             0x08005a1f   0x34  Code  Gb  command.o [1]
send_log_record         0x08005a5d   0x48  Code  Gb  command.o [1]
send_op_set             0x08005aad   0xe4  Code  Gb  command.o [1]
send_psu_name           0x08005d67   0x20  Code  Gb  command.o [1]
send_rect_status        0x08005ce1   0x86  Code  Gb  command.o [1]
send_system_info        0x080058e5   0xca  Code  Gb  command.o [1]
send_system_time        0x080059af   0x70  Code  Gb  command.o [1]
send_test_frame         0x0800965d   0x16  Code  Gb  debug.o [1]
set_ad_ba               0x08004d99   0x3e  Code  Gb  command.o [1]
set_ad_ia               0x08004c8b   0x3e  Code  Gb  command.o [1]
set_ad_iv               0x08004c43   0x48  Code  Gb  command.o [1]
set_ad_oa               0x08004d5b   0x3e  Code  Gb  command.o [1]
set_ad_ov               0x08004cc9   0x92  Code  Gb  command.o [1]
set_ad_reset            0x08004ddd   0xba  Code  Gb  command.o [1]
set_ad_set_log          0x08001405   0x38  Code  Gb  rabm.o [1]
set_ad_zero             0x08004e97   0x70  Code  Gb  command.o [1]
set_alarm_bfv           0x08004fa7   0x28  Code  Gb  command.o [1]
set_alarm_bht           0x08004ff7   0x28  Code  Gb  command.o [1]
set_alarm_blv           0x08004fcf   0x28  Code  Gb  command.o [1]
set_alarm_clear         0x0800505d   0x3a  Code  Gb  command.o [1]
set_alarm_default       0x08005047   0x16  Code  Gb  command.o [1]
set_alarm_ihv           0x08004f07   0x28  Code  Gb  command.o [1]
set_alarm_ilv           0x08004f2f   0x28  Code  Gb  command.o [1]
set_alarm_mode          0x08005d91   0x2c  Code  Gb  command.o [1]
set_alarm_ohv           0x08004f57   0x28  Code  Gb  command.o [1]
set_alarm_olv           0x08004f7f   0x28  Code  Gb  command.o [1]
set_alarm_rht           0x0800501f   0x28  Code  Gb  command.o [1]
set_alarm_set_log       0x080013cd   0x38  Code  Gb  rabm.o [1]
set_bat_equip           0x08005dbd   0x5c  Code  Gb  command.o [1]
set_bat_test_day        0x08004bf7   0x26  Code  Gb  command.o [1]
set_bat_test_log        0x08001475   0x38  Code  Gb  rabm.o [1]
set_bat_test_off        0x08004b57   0x1e  Code  Gb  command.o [1]
set_bat_test_off::__FUNCTION__
                        0x0800c0c0   0x14  Data  Lc  command.o [1]
set_bat_test_on         0x08004b39   0x1e  Code  Gb  command.o [1]
set_bat_test_on::__FUNCTION__
                        0x0800c238   0x10  Data  Lc  command.o [1]
set_bat_test_period     0x08004ba7   0x1a  Code  Gb  command.o [1]
set_bat_test_req        0x08004bc1   0x36  Code  Gb  command.o [1]
set_bat_test_req::__FUNCTION__
                        0x0800c0d4   0x14  Data  Lc  command.o [1]
set_bat_test_time       0x08004c1d   0x26  Code  Gb  command.o [1]
set_bat_test_v          0x08004b75   0x32  Code  Gb  command.o [1]
set_date_only           0x08003e29   0x2a  Code  Gb  Time.o [1]
set_flash_ip            0x0800153d   0x16  Code  Gb  rabm.o [1]
set_log_clear           0x08005e69    0xe  Code  Gb  command.o [1]
set_mac_address         0x08006611   0x3e  Code  Gb  AlarmComm.o [1]
set_management_id       0x0800664f   0x5e  Code  Gb  AlarmComm.o [1]
set_operation_log       0x0800143d   0x38  Code  Gb  rabm.o [1]
set_output_mode         0x080012d7   0x1e  Code  Gb  rabm.o [1]
set_output_voltage      0x08001395   0x34  Code  Gb  rabm.o [1]
set_psu_name            0x08004b29   0x10  Code  Gb  command.o [1]
set_shutdown_log        0x080014ad   0x38  Code  Gb  rabm.o [1]
set_system_date         0x08005e3f   0x2a  Code  Gb  command.o [1]
set_system_restart      0x08000153   0x2e  Code  Gb  rabm.o [1]
set_system_time         0x08005e19   0x26  Code  Gb  command.o [1]
set_time                0x08003e79   0x70  Code  Gb  Time.o [1]
set_time_only           0x08003e53   0x26  Code  Gb  Time.o [1]
sprintf                 0x08006c39   0x34  Code  Gb  sprintf.o [3]
sr_off                  0x08001ed9   0x18  Code  Gb  rabm.o [1]
sr_on                   0x08001ec1   0x18  Code  Gb  rabm.o [1]
strcat                  0x0800ac0f   0x1c  Code  Gb  strcat.o [3]
strchr                  0x0800ade9         Code  Gb  strchr.o [5]
strlen                  0x0800aba9         Code  Gb  strlen.o [5]
sys_error               0x080023c1    0xe  Code  Gb  util.o [1]
sys_frame               0x20001e80   0x40  Data  Gb  command.o [1]
sys_info                0x20001ef0   0x30  Data  Gb  rabm.o [1]
sys_info_init           0x08001be1   0x52  Code  Gb  rabm.o [1]
sys_read_fw_version     0x08001831   0x3e  Code  Gb  rabm.o [1]
sys_read_hw_version     0x0800187d   0x7a  Code  Gb  rabm.o [1]
sys_read_mac            0x080018fd   0x72  Code  Gb  rabm.o [1]
sys_read_management_id  0x08001c35   0x64  Code  Gb  rabm.o [1]
sys_read_sn             0x0800197d   0x42  Code  Gb  rabm.o [1]
sys_set_hw_version      0x08001ac9   0x10  Code  Gb  rabm.o [1]
sys_set_info            0x08001abd    0xc  Code  Gb  rabm.o [1]
sys_set_mac             0x08001ad9   0x10  Code  Gb  rabm.o [1]
sys_set_sn              0x08001ae9   0xf8  Code  Gb  rabm.o [1]
sys_write_hw_version    0x080019bf   0x1c  Code  Gb  rabm.o [1]
sys_write_ip_info       0x08001a05   0x64  Code  Gb  rabm.o [1]
sys_write_mac_info      0x08001a71   0x30  Code  Gb  rabm.o [1]
sys_write_sn            0x080019db   0x1e  Code  Gb  rabm.o [1]
system_alarm_status     0x200022c0    0x2  Data  Gb  rabm.o [1]
system_shutdown         0x08000181   0x2a  Code  Gb  rabm.o [1]
system_shutdown_flag    0x20002238    0x4  Data  Gb  rabm.o [1]
test_TxMessage          0x08002a3d   0x9c  Code  Gb  config.o [1]
test_mode               0x20002240    0x4  Data  Gb  rabm.o [1]
test_value              0x2000221c    0x4  Data  Gb  rabm.o [1]
time10ms                0x200021c0    0x8  Data  Gb  stm32f10x_it.o [1]
time3ms                 0x20002288    0x4  Data  Gb  stm32f10x_it.o [1]
time_tmp                0x2000223c    0x4  Data  Gb  rabm.o [1]
tolower                 0x0800b3f3   0x14  Code  Gb  tolower.o [3]
user_psu_name           0x20001d1c   0x64  Data  Gb  AlarmComm.o [1]
vfprintf                0x08007fad   0x2c  Code  Gb  vfprintf.o [3]
vref                    0x20001bc4   0x80  Data  Gb  rabm.o [1]
vref_flag               0x20002264    0x4  Data  Gb  rabm.o [1]
vref_ind                0x20002260    0x4  Data  Gb  rabm.o [1]
vref_init               0x08001e91   0x2e  Code  Gb  rabm.o [1]
vref_sum                0x20002268    0x4  Data  Gb  rabm.o [1]
write_eeprom            0x0800041d   0x24  Code  Gb  rabm.o [1]
write_output_mode       0x080012bd   0x1a  Code  Gb  rabm.o [1]
write_output_voltage    0x08001301   0x8a  Code  Gb  rabm.o [1]
write_shutdown_log      0x0800076d   0x28  Code  Gb  rabm.o [1]
yooha_debug             0x200022ac    0x4  Data  Gb  util.o [1]


[1] = H:\WORK_THIS\STM32F10x_StdPeriph_Lib_V3.5.0\Project\5G_TEST_JIG\EWARM\5G_TEST_JIG\Obj
[2] = command line
[3] = dl7M_tlf.a
[4] = m7M_tl.a
[5] = rt7M_tl.a
[6] = shb_l.a

  48 608 bytes of readonly  code memory
   2 339 bytes of readonly  data memory
   8 908 bytes of readwrite data memory

Errors: none
Warnings: none
