###############################################################################
#
# IAR ELF Linker V7.50.2.10312/W32 for ARM                13/May/2019  18:28:17
# Copyright 2007-2015 IAR Systems AB.
#
#    Output file  =  
#        H:\WORK_THIS\STM32F10x_StdPeriph_Lib_V3.5.0\Project\5G_TEST_JIG\EWARM\5G_TEST_JIG\Exe\SKT_5G.out
#    Map file     =  
#        H:\WORK_THIS\STM32F10x_StdPeriph_Lib_V3.5.0\Project\5G_TEST_JIG\EWARM\5G_TEST_JIG\List\SKT_5G.map
#    Command line =  
#        H:\WORK_THIS\STM32F10x_StdPeriph_Lib_V3.5.0\Project\5G_TEST_JIG\EWARM\5G_TEST_JIG\Obj\AlarmComm.o
#        H:\WORK_THIS\STM32F10x_StdPeriph_Lib_V3.5.0\Project\5G_TEST_JIG\EWARM\5G_TEST_JIG\Obj\command.o
#        H:\WORK_THIS\STM32F10x_StdPeriph_Lib_V3.5.0\Project\5G_TEST_JIG\EWARM\5G_TEST_JIG\Obj\config.o
#        H:\WORK_THIS\STM32F10x_StdPeriph_Lib_V3.5.0\Project\5G_TEST_JIG\EWARM\5G_TEST_JIG\Obj\debug.o
#        H:\WORK_THIS\STM32F10x_StdPeriph_Lib_V3.5.0\Project\5G_TEST_JIG\EWARM\5G_TEST_JIG\Obj\dhcp.o
#        H:\WORK_THIS\STM32F10x_StdPeriph_Lib_V3.5.0\Project\5G_TEST_JIG\EWARM\5G_TEST_JIG\Obj\I2CRoutines.o
#        H:\WORK_THIS\STM32F10x_StdPeriph_Lib_V3.5.0\Project\5G_TEST_JIG\EWARM\5G_TEST_JIG\Obj\loopback.o
#        H:\WORK_THIS\STM32F10x_StdPeriph_Lib_V3.5.0\Project\5G_TEST_JIG\EWARM\5G_TEST_JIG\Obj\main.o
#        H:\WORK_THIS\STM32F10x_StdPeriph_Lib_V3.5.0\Project\5G_TEST_JIG\EWARM\5G_TEST_JIG\Obj\md5.o
#        H:\WORK_THIS\STM32F10x_StdPeriph_Lib_V3.5.0\Project\5G_TEST_JIG\EWARM\5G_TEST_JIG\Obj\misc.o
#        H:\WORK_THIS\STM32F10x_StdPeriph_Lib_V3.5.0\Project\5G_TEST_JIG\EWARM\5G_TEST_JIG\Obj\ping.o
#        H:\WORK_THIS\STM32F10x_StdPeriph_Lib_V3.5.0\Project\5G_TEST_JIG\EWARM\5G_TEST_JIG\Obj\rabm.o
#        H:\WORK_THIS\STM32F10x_StdPeriph_Lib_V3.5.0\Project\5G_TEST_JIG\EWARM\5G_TEST_JIG\Obj\socket.o
#        H:\WORK_THIS\STM32F10x_StdPeriph_Lib_V3.5.0\Project\5G_TEST_JIG\EWARM\5G_TEST_JIG\Obj\sockutil.o
#        H:\WORK_THIS\STM32F10x_StdPeriph_Lib_V3.5.0\Project\5G_TEST_JIG\EWARM\5G_TEST_JIG\Obj\SPI2.o
#        H:\WORK_THIS\STM32F10x_StdPeriph_Lib_V3.5.0\Project\5G_TEST_JIG\EWARM\5G_TEST_JIG\Obj\startup_stm32f10x_hd.o
#        H:\WORK_THIS\STM32F10x_StdPeriph_Lib_V3.5.0\Project\5G_TEST_JIG\EWARM\5G_TEST_JIG\Obj\stm32f10x_adc.o
#        H:\WORK_THIS\STM32F10x_StdPeriph_Lib_V3.5.0\Project\5G_TEST_JIG\EWARM\5G_TEST_JIG\Obj\stm32f10x_bkp.o
#        H:\WORK_THIS\STM32F10x_StdPeriph_Lib_V3.5.0\Project\5G_TEST_JIG\EWARM\5G_TEST_JIG\Obj\stm32f10x_can.o
#        H:\WORK_THIS\STM32F10x_StdPeriph_Lib_V3.5.0\Project\5G_TEST_JIG\EWARM\5G_TEST_JIG\Obj\stm32f10x_dac.o
#        H:\WORK_THIS\STM32F10x_StdPeriph_Lib_V3.5.0\Project\5G_TEST_JIG\EWARM\5G_TEST_JIG\Obj\stm32f10x_dbgmcu.o
#        H:\WORK_THIS\STM32F10x_StdPeriph_Lib_V3.5.0\Project\5G_TEST_JIG\EWARM\5G_TEST_JIG\Obj\stm32f10x_dma.o
#        H:\WORK_THIS\STM32F10x_StdPeriph_Lib_V3.5.0\Project\5G_TEST_JIG\EWARM\5G_TEST_JIG\Obj\stm32f10x_exti.o
#        H:\WORK_THIS\STM32F10x_StdPeriph_Lib_V3.5.0\Project\5G_TEST_JIG\EWARM\5G_TEST_JIG\Obj\stm32f10x_flash.o
#        H:\WORK_THIS\STM32F10x_StdPeriph_Lib_V3.5.0\Project\5G_TEST_JIG\EWARM\5G_TEST_JIG\Obj\stm32f10x_gpio.o
#        H:\WORK_THIS\STM32F10x_StdPeriph_Lib_V3.5.0\Project\5G_TEST_JIG\EWARM\5G_TEST_JIG\Obj\stm32f10x_i2c.o
#        H:\WORK_THIS\STM32F10x_StdPeriph_Lib_V3.5.0\Project\5G_TEST_JIG\EWARM\5G_TEST_JIG\Obj\stm32f10x_it.o
#        H:\WORK_THIS\STM32F10x_StdPeriph_Lib_V3.5.0\Project\5G_TEST_JIG\EWARM\5G_TEST_JIG\Obj\stm32f10x_iwdg.o
#        H:\WORK_THIS\STM32F10x_StdPeriph_Lib_V3.5.0\Project\5G_TEST_JIG\EWARM\5G_TEST_JIG\Obj\stm32f10x_pwr.o
#        H:\WORK_THIS\STM32F10x_StdPeriph_Lib_V3.5.0\Project\5G_TEST_JIG\EWARM\5G_TEST_JIG\Obj\stm32f10x_rcc.o
#        H:\WORK_THIS\STM32F10x_StdPeriph_Lib_V3.5.0\Project\5G_TEST_JIG\EWARM\5G_TEST_JIG\Obj\stm32f10x_rtc.o
#        H:\WORK_THIS\STM32F10x_StdPeriph_Lib_V3.5.0\Project\5G_TEST_JIG\EWARM\5G_TEST_JIG\Obj\stm32f10x_spi.o
#        H:\WORK_THIS\STM32F10x_StdPeriph_Lib_V3.5.0\Project\5G_TEST_JIG\EWARM\5G_TEST_JIG\Obj\stm32f10x_tim.o
#        H:\WORK_THIS\STM32F10x_StdPeriph_Lib_V3.5.0\Project\5G_TEST_JIG\EWARM\5G_TEST_JIG\Obj\stm32f10x_usart.o
#        H:\WORK_THIS\STM32F10x_StdPeriph_Lib_V3.5.0\Project\5G_TEST_JIG\EWARM\5G_TEST_JIG\Obj\system_stm32f10x.o
#        H:\WORK_THIS\STM32F10x_StdPeriph_Lib_V3.5.0\Project\5G_TEST_JIG\EWARM\5G_TEST_JIG\Obj\telnet.o
#        H:\WORK_THIS\STM32F10x_StdPeriph_Lib_V3.5.0\Project\5G_TEST_JIG\EWARM\5G_TEST_JIG\Obj\Time.o
#        H:\WORK_THIS\STM32F10x_StdPeriph_Lib_V3.5.0\Project\5G_TEST_JIG\EWARM\5G_TEST_JIG\Obj\util.o
#        H:\WORK_THIS\STM32F10x_StdPeriph_Lib_V3.5.0\Project\5G_TEST_JIG\EWARM\5G_TEST_JIG\Obj\util_DHCP.o
#        H:\WORK_THIS\STM32F10x_StdPeriph_Lib_V3.5.0\Project\5G_TEST_JIG\EWARM\5G_TEST_JIG\Obj\w5500.o
#        --redirect _Printf=_PrintfFull --redirect _Scanf=_ScanfFull -o
#        H:\WORK_THIS\STM32F10x_StdPeriph_Lib_V3.5.0\Project\5G_TEST_JIG\EWARM\5G_TEST_JIG\Exe\SKT_5G.out
#        --map
#        H:\WORK_THIS\STM32F10x_StdPeriph_Lib_V3.5.0\Project\5G_TEST_JIG\EWARM\5G_TEST_JIG\List\SKT_5G.map
#        --config
#        H:\WORK_THIS\STM32F10x_StdPeriph_Lib_V3.5.0\Project\5G_TEST_JIG\EWARM\stm32f10x_flash_IAP.icf
#        --semihosting --entry __iar_program_start --vfe
#
###############################################################################

*******************************************************************************
*** RUNTIME MODEL ATTRIBUTES
***

CppFlavor                     = *
__Heap_Handler                = Basic
__SystemLibrary               = DLib
__dlib_dynamic_initialization = normal


*******************************************************************************
*** PLACEMENT SUMMARY
***

"A1":  place at 0x08000000 { ro section .intvec };
"P1":  place in [from 0x08000000 to 0x0803ffff] { ro };
"P2":  place in [from 0x20000000 to 0x2000bfff] { rw, block CSTACK, block HEAP };

  Section             Kind        Address    Size  Object
  -------             ----        -------    ----  ------
"A1":                                       0x130
  .intvec             ro code  0x08000000   0x130  startup_stm32f10x_hd.o [1]
                             - 0x08000130   0x130

"P1":                                      0xc081
  .text               ro code  0x08000130  0x208c  rabm.o [1]
  .text               ro code  0x080021bc    0x24  printf.o [3]
  .text               ro code  0x080021e0   0x162  util.o [1]
  .text               ro code  0x08002342    0x76  lz77_init_single.o [5]
  .text               ro code  0x080023b8   0x260  stm32f10x_gpio.o [1]
  .text               ro code  0x08002618  0x13e4  config.o [1]
  .text               ro code  0x080039fc   0x134  Time.o [1]
  .text               ro code  0x08003b30    0x10  stm32f10x_iwdg.o [1]
  .text               ro code  0x08003b40    0x4e  FltToDbl.o [4]
  .text               ro code  0x08003b8e     0xa  xsprout.o [3]
  .text               ro code  0x08003b98   0x1a2  DblMul.o [4]
  .text               ro code  0x08003d3c    0x58  DblToI32.o [4]
  .text               ro code  0x08003d94    0x9c  stm32f10x_rtc.o [1]
  .text               ro code  0x08003e30    0xb6  localtim.o [3]
  .text               ro code  0x08003ee8    0x44  FltToS32.o [4]
  .text               ro code  0x08003f2c    0x30  I32ToDbl.o [4]
  .text               ro code  0x08003f5c    0x90  DblToFlt.o [4]
  .text               ro code  0x08003fec    0xfc  FltDiv.o [4]
  .text               ro code  0x080040e8    0x24  FltCmpLe.o [4]
  .text               ro code  0x0800410c    0xe8  DblAdd.o [4]
  .text               ro code  0x080041f4   0x256  DblDiv.o [4]
  .text               ro code  0x0800444c    0x32  I32ToFlt.o [4]
  .text               ro code  0x08004480    0xd8  FltMul.o [4]
  .text               ro code  0x08004558    0xe6  FltSub.o [4]
  .text               ro code  0x08004640    0x84  FltAdd.o [4]
  .text               ro code  0x080046c4    0x1c  FltCmpEq.o [4]
  .text               ro code  0x080046e0    0x24  FltCmpGe.o [4]
  .text               ro code  0x08004704  0x15e0  command.o [1]
  .text               ro code  0x08005ce4   0x65c  AlarmComm.o [1]
  .text               ro code  0x08006340   0x56c  stm32f10x_can.o [1]
  .text               ro code  0x080068ac    0x34  sprintf.o [3]
  .text               ro code  0x080068e0    0x76  ABImemcpy_unaligned.o [5]
  .text               ro code  0x08006958    0x44  strcpy_unaligned.o [5]
  .text               ro code  0x0800699c     0x8  atoi.o [3]
  .text               ro code  0x080069a4    0xee  I64DivMod.o [5]
  .text               ro code  0x08006a94  0x1166  xprintffull.o [3]
  .text               ro code  0x08007bfc    0x2c  vfprintf.o [3]
  .text               ro code  0x08007c28   0x394  stm32f10x_rcc.o [1]
  .text               ro code  0x08007fbc    0x9c  misc.o [1]
  .text               ro code  0x08008058   0x19c  stm32f10x_dma.o [1]
  .text               ro code  0x080081f4   0x26c  stm32f10x_adc.o [1]
  .text               ro code  0x08008460   0x1e4  stm32f10x_tim.o [1]
  .text               ro code  0x08008644    0x18  stm32f10x_dac.o [1]
  .text               ro code  0x0800865c   0x1be  stm32f10x_flash.o [1]
  .text               ro code  0x0800881c   0x294  stm32f10x_usart.o [1]
  .text               ro code  0x08008ab0   0x218  stm32f10x_i2c.o [1]
  .text               ro code  0x08008cc8    0xe0  stm32f10x_spi.o [1]
  .text               ro code  0x08008da8    0xd0  mktime.o [3]
  .text               ro code  0x08008e78     0x2  xtls.o [3]
  .text               ro code  0x08008e7c    0x54  setlocale.o [3]
  .text               ro code  0x08008ed0     0xa  getzone.o [3]
  .text               ro code  0x08008eda    0x42  xgettime.o [3]
  .text               ro code  0x08008f1c    0x88  xstol.o [3]
  .text               ro code  0x08008fa4   0x188  xttotm.o [3]
  .text               ro code  0x0800912c   0x180  DblSub.o [4]
  .text               ro code  0x080092ac   0x9bc  debug.o [1]
  .text               ro code  0x08009c68    0x5c  ping.o [1]
  .text               ro code  0x08009cc4   0xa60  md5.o [1]
  .text               ro code  0x0800a724    0x62  memcmp_unaligned.o [5]
  .text               ro code  0x0800a788    0x36  strlen.o [5]
  .text               ro code  0x0800a7c0    0x2e  DblCmpGe.o [4]
  .text               ro code  0x0800a7ee    0x1c  strcat.o [3]
  .text               ro code  0x0800a80c   0x198  xstoul.o [3]
  .text               ro code  0x0800a9a4     0x2  I64DivZer.o [5]
  .text               ro code  0x0800a9a6    0x20  xmbtowc.o [3]
  .text               ro code  0x0800a9c8    0x16  strchr.o [5]
  .text               ro code  0x0800a9e0    0x58  memchr.o [5]
  .text               ro code  0x0800aa38     0xa  xmbcurmax.o [3]
  .text               ro code  0x0800aa44    0xb0  xxmemxmalloc.o [3]
  .text               ro code  0x0800aaf4    0x1a  xwctomb.o [3]
  .text               ro code  0x0800ab10    0x80  xxmemxfree.o [3]
  .text               ro code  0x0800ab90    0x42  xdnorm.o [4]
  .text               ro code  0x0800abd4    0x2e  DblCmpLe.o [4]
  .text               ro code  0x0800ac04   0x10c  xdscale.o [4]
  .text               ro code  0x0800ad10    0x6c  localeconv.o [3]
  .text               ro code  0x0800ad7c     0xe  div.o [3]
  .text               ro code  0x0800ad8a     0x4  xsyslock_nop.o [3]
  .text               ro code  0x0800ad8e    0x14  isxxx.o [3]
  .text               ro code  0x0800ada4     0xc  errno.o [3]
  .text               ro code  0x0800adb0   0x134  xisdst.o [3]
  .text               ro code  0x0800aee4    0x88  w5500.o [1]
  .text               ro code  0x0800af6c    0x66  ABImemset.o [5]
  .text               ro code  0x0800afd2    0x14  tolower.o [3]
  .text               ro code  0x0800afe8    0x60  xencoding_sb.o [3]
  .text               ro code  0x0800b048    0x2c  xgetmemchunk.o [3]
  .text               ro code  0x0800b074    0x14  xlocale_c.o [3]
  .text               ro code  0x0800b088   0x16a  xgetdst.o [3]
  .text               ro code  0x0800b1f2     0xc  xlocale_c.o [3]
  .text               ro code  0x0800b200   0x2d4  stm32f10x_it.o [1]
  .text               ro code  0x0800b4d4    0x38  stm32f10x_exti.o [1]
  .text               ro code  0x0800b50c   0x158  system_stm32f10x.o [1]
  .text               ro code  0x0800b664    0x74  main.o [1]
  .rodata             const    0x0800b6d8    0x50  AlarmComm.o [1]
  .rodata             const    0x0800b728    0x40  md5.o [1]
  .text               ro code  0x0800b768    0x40  zero_init3.o [5]
  .rodata             const    0x0800b7a8    0x2c  AlarmComm.o [1]
  .rodata             const    0x0800b7d4    0x2c  AlarmComm.o [1]
  .rodata             const    0x0800b800    0x28  AlarmComm.o [1]
  .rodata             const    0x0800b828    0x28  command.o [1]
  .rodata             const    0x0800b850    0x28  command.o [1]
  .rodata             const    0x0800b878    0x28  main.o [1]
  .text               ro code  0x0800b8a0    0x28  data_init.o [5]
  .rodata             const    0x0800b8c8    0x24  AlarmComm.o [1]
  .rodata             const    0x0800b8ec    0x24  command.o [1]
  .rodata             const    0x0800b910    0x24  command.o [1]
  .rodata             const    0x0800b934    0x24  debug.o [1]
  .iar.init_table     const    0x0800b958    0x20  - Linker created -
  .rodata             const    0x0800b978    0x20  AlarmComm.o [1]
  .rodata             const    0x0800b998    0x1c  AlarmComm.o [1]
  .rodata             const    0x0800b9b4    0x1c  command.o [1]
  .rodata             const    0x0800b9d0    0x1c  debug.o [1]
  .rodata             const    0x0800b9ec    0x1c  rabm.o [1]
  .rodata             const    0x0800ba08    0x1c  rabm.o [1]
  .text               ro code  0x0800ba24    0x1a  cmain.o [5]
  .text               ro code  0x0800ba3e     0x4  low_level_init.o [3]
  .text               ro code  0x0800ba42     0x4  exit.o [3]
  .text               ro code  0x0800ba48     0xa  cexit.o [5]
  .text               ro code  0x0800ba54    0x14  exit.o [6]
  .rodata             const    0x0800ba68    0x18  AlarmComm.o [1]
  .rodata             const    0x0800ba80    0x18  command.o [1]
  .rodata             const    0x0800ba98    0x18  main.o [1]
  .rodata             const    0x0800bab0    0x18  rabm.o [1]
  .rodata             const    0x0800bac8    0x18  rabm.o [1]
  .rodata             const    0x0800bae0    0x18  rabm.o [1]
  .rodata             const    0x0800baf8    0x18  rabm.o [1]
  .rodata             const    0x0800bb10    0x18  rabm.o [1]
  .text               ro code  0x0800bb28    0x18  xfprout.o [3]
  .text               ro code  0x0800bb40    0x16  xprout.o [3]
  .text               ro code  0x0800bb58     0xc  putchar.o [3]
  .rodata             const    0x0800bb64    0x14  AlarmComm.o [1]
  .rodata             const    0x0800bb78    0x14  AlarmComm.o [1]
  .rodata             const    0x0800bb8c    0x14  AlarmComm.o [1]
  .rodata             const    0x0800bba0    0x14  AlarmComm.o [1]
  .rodata             const    0x0800bbb4    0x14  command.o [1]
  .rodata             const    0x0800bbc8    0x14  command.o [1]
  .rodata             const    0x0800bbdc    0x14  command.o [1]
  .rodata             const    0x0800bbf0    0x14  command.o [1]
  .rodata             const    0x0800bc04    0x14  command.o [1]
  .rodata             const    0x0800bc18    0x14  command.o [1]
  .rodata             const    0x0800bc2c    0x14  debug.o [1]
  .rodata             const    0x0800bc40    0x14  debug.o [1]
  .rodata             const    0x0800bc54    0x14  debug.o [1]
  .rodata             const    0x0800bc68    0x14  ping.o [1]
  .rodata             const    0x0800bc7c    0x14  rabm.o [1]
  .rodata             const    0x0800bc90    0x14  rabm.o [1]
  .rodata             const    0x0800bca4    0x14  rabm.o [1]
  .rodata             const    0x0800bcb8    0x14  rabm.o [1]
  .rodata             const    0x0800bccc    0x14  rabm.o [1]
  .rodata             const    0x0800bce0    0x14  rabm.o [1]
  .rodata             const    0x0800bcf4    0x14  rabm.o [1]
  .rodata             const    0x0800bd08    0x14  rabm.o [1]
  .rodata             const    0x0800bd1c    0x10  AlarmComm.o [1]
  .rodata             const    0x0800bd2c    0x10  command.o [1]
  .rodata             const    0x0800bd3c    0x10  command.o [1]
  .rodata             const    0x0800bd4c    0x10  debug.o [1]
  .rodata             const    0x0800bd5c    0x10  debug.o [1]
  .rodata             const    0x0800bd6c    0x10  debug.o [1]
  .rodata             const    0x0800bd7c    0x10  debug.o [1]
  .rodata             const    0x0800bd8c    0x10  debug.o [1]
  .rodata             const    0x0800bd9c    0x10  debug.o [1]
  .rodata             const    0x0800bdac    0x10  debug.o [1]
  .rodata             const    0x0800bdbc    0x10  main.o [1]
  .rodata             const    0x0800bdcc    0x10  rabm.o [1]
  .rodata             const    0x0800bddc    0x10  rabm.o [1]
  .rodata             const    0x0800bdec    0x10  rabm.o [1]
  .rodata             const    0x0800bdfc    0x10  rabm.o [1]
  .rodata             const    0x0800be0c    0x10  rabm.o [1]
  .rodata             const    0x0800be1c    0x10  rabm.o [1]
  .rodata             const    0x0800be2c    0x10  util.o [1]
  .text               ro code  0x0800be3c    0x10  startup_stm32f10x_hd.o [1]
  .rodata             const    0x0800be4c     0xc  AlarmComm.o [1]
  .rodata             const    0x0800be58     0xc  AlarmComm.o [1]
  .rodata             const    0x0800be64     0xc  AlarmComm.o [1]
  .rodata             const    0x0800be70     0xc  AlarmComm.o [1]
  .rodata             const    0x0800be7c     0xc  AlarmComm.o [1]
  .rodata             const    0x0800be88     0xc  AlarmComm.o [1]
  .rodata             const    0x0800be94     0xc  command.o [1]
  .rodata             const    0x0800bea0     0xc  command.o [1]
  .rodata             const    0x0800beac     0xc  debug.o [1]
  .rodata             const    0x0800beb8     0xc  debug.o [1]
  .rodata             const    0x0800bec4     0xc  debug.o [1]
  .rodata             const    0x0800bed0     0xc  debug.o [1]
  .rodata             const    0x0800bedc     0xc  main.o [1]
  .rodata             const    0x0800bee8     0xc  main.o [1]
  .rodata             const    0x0800bef4     0xc  main.o [1]
  .rodata             const    0x0800bf00     0xc  rabm.o [1]
  .rodata             const    0x0800bf0c     0xc  rabm.o [1]
  .rodata             const    0x0800bf18     0xc  rabm.o [1]
  .rodata             const    0x0800bf24     0xc  rabm.o [1]
  .rodata             const    0x0800bf30     0xc  util.o [1]
  .text               ro code  0x0800bf3c     0xc  cstartup_M.o [5]
  .rodata             const    0x0800bf48     0x8  AlarmComm.o [1]
  .rodata             const    0x0800bf50     0x8  command.o [1]
  .rodata             const    0x0800bf58     0x8  debug.o [1]
  .rodata             const    0x0800bf60     0x8  debug.o [1]
  .rodata             const    0x0800bf68     0x8  rabm.o [1]
  .rodata             const    0x0800bf70     0x8  rabm.o [1]
  .rodata             const    0x0800bf78     0x8  rabm.o [1]
  .rodata             const    0x0800bf80     0x8  util.o [1]
  .text               ro code  0x0800bf88     0x4  startup_stm32f10x_hd.o [1]
  .text               ro code  0x0800bf8c     0x4  startup_stm32f10x_hd.o [1]
  .text               ro code  0x0800bf90     0x4  startup_stm32f10x_hd.o [1]
  .text               ro code  0x0800bf94     0x4  startup_stm32f10x_hd.o [1]
  .text               ro code  0x0800bf98     0x4  startup_stm32f10x_hd.o [1]
  .text               ro code  0x0800bf9c     0x4  startup_stm32f10x_hd.o [1]
  .text               ro code  0x0800bfa0     0x4  startup_stm32f10x_hd.o [1]
  .text               ro code  0x0800bfa4     0x4  startup_stm32f10x_hd.o [1]
  .text               ro code  0x0800bfa8     0x4  startup_stm32f10x_hd.o [1]
  .text               ro code  0x0800bfac     0x4  startup_stm32f10x_hd.o [1]
  .text               ro code  0x0800bfb0     0x4  startup_stm32f10x_hd.o [1]
  .text               ro code  0x0800bfb4     0x4  startup_stm32f10x_hd.o [1]
  .text               ro code  0x0800bfb8     0x4  startup_stm32f10x_hd.o [1]
  .text               ro code  0x0800bfbc     0x4  startup_stm32f10x_hd.o [1]
  .text               ro code  0x0800bfc0     0x4  startup_stm32f10x_hd.o [1]
  .text               ro code  0x0800bfc4     0x4  startup_stm32f10x_hd.o [1]
  .text               ro code  0x0800bfc8     0x4  startup_stm32f10x_hd.o [1]
  .text               ro code  0x0800bfcc     0x4  startup_stm32f10x_hd.o [1]
  .text               ro code  0x0800bfd0     0x4  startup_stm32f10x_hd.o [1]
  .text               ro code  0x0800bfd4     0x4  startup_stm32f10x_hd.o [1]
  .text               ro code  0x0800bfd8     0x4  startup_stm32f10x_hd.o [1]
  .text               ro code  0x0800bfdc     0x4  startup_stm32f10x_hd.o [1]
  .text               ro code  0x0800bfe0     0x4  startup_stm32f10x_hd.o [1]
  .text               ro code  0x0800bfe4     0x4  startup_stm32f10x_hd.o [1]
  .text               ro code  0x0800bfe8     0x4  startup_stm32f10x_hd.o [1]
  .text               ro code  0x0800bfec     0x4  startup_stm32f10x_hd.o [1]
  .text               ro code  0x0800bff0     0x4  startup_stm32f10x_hd.o [1]
  .text               ro code  0x0800bff4     0x4  startup_stm32f10x_hd.o [1]
  .text               ro code  0x0800bff8     0x4  startup_stm32f10x_hd.o [1]
  .text               ro code  0x0800bffc     0x4  startup_stm32f10x_hd.o [1]
  .text               ro code  0x0800c000     0x4  startup_stm32f10x_hd.o [1]
  .text               ro code  0x0800c004     0x4  startup_stm32f10x_hd.o [1]
  .text               ro code  0x0800c008     0x4  startup_stm32f10x_hd.o [1]
  .text               ro code  0x0800c00c     0x4  startup_stm32f10x_hd.o [1]
  .text               ro code  0x0800c010     0x4  startup_stm32f10x_hd.o [1]
  .text               ro code  0x0800c014     0x4  startup_stm32f10x_hd.o [1]
  .text               ro code  0x0800c018     0x4  startup_stm32f10x_hd.o [1]
  .text               ro code  0x0800c01c     0x4  startup_stm32f10x_hd.o [1]
  .text               ro code  0x0800c020     0x4  startup_stm32f10x_hd.o [1]
  .text               ro code  0x0800c024     0x4  startup_stm32f10x_hd.o [1]
  .text               ro code  0x0800c028     0x4  startup_stm32f10x_hd.o [1]
  .text               ro code  0x0800c02c     0x4  startup_stm32f10x_hd.o [1]
  .text               ro code  0x0800c030     0x4  startup_stm32f10x_hd.o [1]
  .text               ro code  0x0800c034     0x4  startup_stm32f10x_hd.o [1]
  .text               ro code  0x0800c038     0x4  startup_stm32f10x_hd.o [1]
  .text               ro code  0x0800c03c     0x4  startup_stm32f10x_hd.o [1]
  .text               ro code  0x0800c040     0x4  startup_stm32f10x_hd.o [1]
  .text               ro code  0x0800c044     0x4  startup_stm32f10x_hd.o [1]
  .text               ro code  0x0800c048     0x4  startup_stm32f10x_hd.o [1]
  .text               ro code  0x0800c04c     0x4  startup_stm32f10x_hd.o [1]
  .text               ro code  0x0800c050     0x4  startup_stm32f10x_hd.o [1]
  .text               ro code  0x0800c054     0x4  startup_stm32f10x_hd.o [1]
  .text               ro code  0x0800c058     0x4  startup_stm32f10x_hd.o [1]
  .text               ro code  0x0800c05c     0x4  startup_stm32f10x_hd.o [1]
  .text               ro code  0x0800c060     0x4  startup_stm32f10x_hd.o [1]
  .text               ro code  0x0800c064     0x4  startup_stm32f10x_hd.o [1]
  .text               ro code  0x0800c068     0x4  startup_stm32f10x_hd.o [1]
  .text               ro code  0x0800c06c     0x4  startup_stm32f10x_hd.o [1]
  .text               ro code  0x0800c070     0x4  startup_stm32f10x_hd.o [1]
  .text               ro code  0x0800c074     0x4  startup_stm32f10x_hd.o [1]
  .text               ro code  0x0800c078     0x4  startup_stm32f10x_hd.o [1]
  .text               ro code  0x0800c07c     0x4  startup_stm32f10x_hd.o [1]
  .text               ro code  0x0800c080     0x4  startup_stm32f10x_hd.o [1]
  .text               ro code  0x0800c084     0x4  startup_stm32f10x_hd.o [1]
  .text               ro code  0x0800c088     0x4  startup_stm32f10x_hd.o [1]
  .text               ro code  0x0800c08c     0x4  startup_stm32f10x_hd.o [1]
  .text               ro code  0x0800c090     0x4  startup_stm32f10x_hd.o [1]
  .text               ro code  0x0800c094     0x4  startup_stm32f10x_hd.o [1]
  .text               ro code  0x0800c098     0x4  startup_stm32f10x_hd.o [1]
  .rodata             const    0x0800c09c     0x0  zero_init3.o [5]
  .rodata             const    0x0800c09c     0x0  lz77_init_single.o [5]
  Initializer bytes   const    0x0800c09c   0x115  <for P2-1>
                             - 0x0800c1b1  0xc081

"P2", part 1 of 3:                          0x411
  P2-1                         0x20000000   0x411  <Init block>
    .data             inited   0x20000000     0x8  AlarmComm.o [1]
    .data             inited   0x20000008     0x4  AlarmComm.o [1]
    .data             inited   0x2000000c     0x4  AlarmComm.o [1]
    .data             inited   0x20000010    0x80  debug.o [1]
    .data             inited   0x20000090    0x80  debug.o [1]
    .data             inited   0x20000110     0xc  rabm.o [1]
    .data             inited   0x2000011c     0x4  rabm.o [1]
    .data             inited   0x20000120     0x4  rabm.o [1]
    .data             inited   0x20000124     0x4  rabm.o [1]
    .data             inited   0x20000128     0x4  rabm.o [1]
    .data             inited   0x2000012c   0x100  rabm.o [1]
    .data             inited   0x2000022c     0x8  rabm.o [1]
    .data             inited   0x20000234    0x48  rabm.o [1]
    .data             inited   0x2000027c    0x10  stm32f10x_rcc.o [1]
    .data             inited   0x2000028c     0x4  stm32f10x_rcc.o [1]
    .data             inited   0x20000290    0x40  xfiles.o [3]
    __DLIB_PERTHREAD  inited   0x200002d0     0x8  localtim.o [3]
    __DLIB_PERTHREAD  inited   0x200002d8    0x74  setlocale.o [3]
    __DLIB_PERTHREAD  inited   0x2000034c    0x2c  xttotm.o [3]
    __DLIB_PERTHREAD  inited   0x20000378     0x4  errno.o [3]
    __DLIB_PERTHREAD  inited   0x2000037c    0x88  localeconv.o [3]
    __DLIB_PERTHREAD  inited   0x20000404     0x4  xisdst.o [3]
    __DLIB_PERTHREAD  inited   0x20000408     0x4  xisdstData.o [3]
    .data             inited   0x2000040c     0x2  config.o [1]
    .data             inited   0x2000040e     0x2  rabm.o [1]
    .data             inited   0x20000410     0x1  config.o [1]
                             - 0x20000411   0x411

"P2", part 2 of 3:                         0x1000
  CSTACK                       0x20000418   0x800  <Block>
    CSTACK            uninit   0x20000418   0x800  <Block tail>
  HEAP                         0x20000c18   0x800  <Block>
    HEAP              uninit   0x20000c18   0x800  <Block tail>
                             - 0x20001418  0x1000

"P2", part 3 of 3:                          0xe70
  .bss                zero     0x20001418   0x200  config.o [1]
  .bss                zero     0x20001618   0x100  command.o [1]
  .bss                zero     0x20001718   0x100  command.o [1]
  .bss                zero     0x20001818   0x100  command.o [1]
  .bss                zero     0x20001918    0xf4  AlarmComm.o [1]
  .bss                zero     0x20001a0c    0xd8  AlarmComm.o [1]
  .bss                zero     0x20001ae4    0xa0  rabm.o [1]
  .bss                zero     0x20001b84    0x80  rabm.o [1]
  .bss                zero     0x20001c04    0x70  rabm.o [1]
  .bss                zero     0x20001c74    0x68  command.o [1]
  .bss                zero     0x20001cdc    0x64  AlarmComm.o [1]
  .bss                zero     0x20001d40    0x60  rabm.o [1]
  .bss                zero     0x20001da0    0x50  rabm.o [1]
  .bss                zero     0x20001df0    0x50  xfiles.o [3]
  .bss                zero     0x20001e40    0x48  command.o [1]
  .bss                zero     0x20001e88    0x30  rabm.o [1]
  .bss                zero     0x20001eb8    0x30  rabm.o [1]
  .bss                zero     0x20001ee8    0x2c  config.o [1]
  .bss                zero     0x20001f14    0x2c  Time.o [1]
  .bss                zero     0x20001f40    0x28  command.o [1]
  .bss                zero     0x20001f68    0x28  command.o [1]
  .bss                zero     0x20001f90    0x24  rabm.o [1]
  .bss                zero     0x20001fb4    0x20  AlarmComm.o [1]
  .bss                zero     0x20001fd4    0x20  command.o [1]
  .bss                zero     0x20001ff4    0x20  stm32f10x_it.o [1]
  .bss                zero     0x20002014    0x20  stm32f10x_it.o [1]
  .bss                zero     0x20002034    0x1c  rabm.o [1]
  .bss                zero     0x20002050    0x18  command.o [1]
  .bss                zero     0x20002068    0x18  rabm.o [1]
  .bss                zero     0x20002080    0x18  rabm.o [1]
  .bss                zero     0x20002098    0x14  config.o [1]
  .bss                zero     0x200020ac    0x14  config.o [1]
  .bss                zero     0x200020c0    0x14  config.o [1]
  .bss                zero     0x200020d4    0x14  rabm.o [1]
  .bss                zero     0x200020e8    0x14  rabm.o [1]
  .bss                zero     0x200020fc    0x14  rabm.o [1]
  .bss                zero     0x20002110    0x14  stm32f10x_it.o [1]
  .bss                zero     0x20002124    0x10  AlarmComm.o [1]
  .bss                zero     0x20002134    0x10  config.o [1]
  .bss                zero     0x20002144     0xc  config.o [1]
  .bss                zero     0x20002150     0xc  rabm.o [1]
  .bss                zero     0x2000215c     0x4  AlarmComm.o [1]
  .bss                zero     0x20002160     0x8  AlarmComm.o [1]
  .bss                zero     0x20002168     0x8  AlarmComm.o [1]
  .bss                zero     0x20002170     0x8  rabm.o [1]
  .bss                zero     0x20002178     0x8  stm32f10x_it.o [1]
  .bss                zero     0x20002180     0x8  xxmemxmalloc.o [3]
  .bss                zero     0x20002188     0x4  AlarmComm.o [1]
  .bss                zero     0x2000218c     0x4  AlarmComm.o [1]
  .bss                zero     0x20002190     0x4  AlarmComm.o [1]
  .bss                zero     0x20002194     0x4  AlarmComm.o [1]
  .bss                zero     0x20002198     0x4  AlarmComm.o [1]
  .bss                zero     0x2000219c     0x4  AlarmComm.o [1]
  .bss                zero     0x200021a0     0x4  AlarmComm.o [1]
  .bss                zero     0x200021a4     0x4  AlarmComm.o [1]
  .bss                zero     0x200021a8     0x4  command.o [1]
  .bss                zero     0x200021ac     0x4  config.o [1]
  .bss                zero     0x200021b0     0x4  config.o [1]
  .bss                zero     0x200021b4     0x4  config.o [1]
  .bss                zero     0x200021b8     0x4  config.o [1]
  .bss                zero     0x200021bc     0x4  config.o [1]
  .bss                zero     0x200021c0     0x4  config.o [1]
  .bss                zero     0x200021c4     0x4  config.o [1]
  .bss                zero     0x200021c8     0x4  config.o [1]
  .bss                zero     0x200021cc     0x4  ping.o [1]
  .bss                zero     0x200021d0     0x4  rabm.o [1]
  .bss                zero     0x200021d4     0x4  rabm.o [1]
  .bss                zero     0x200021d8     0x4  rabm.o [1]
  .bss                zero     0x200021dc     0x4  rabm.o [1]
  .bss                zero     0x200021e0     0x4  rabm.o [1]
  .bss                zero     0x200021e4     0x4  rabm.o [1]
  .bss                zero     0x200021e8     0x4  rabm.o [1]
  .bss                zero     0x200021ec     0x4  rabm.o [1]
  .bss                zero     0x200021f0     0x4  rabm.o [1]
  .bss                zero     0x200021f4     0x4  rabm.o [1]
  .bss                zero     0x200021f8     0x4  rabm.o [1]
  .bss                zero     0x200021fc     0x4  rabm.o [1]
  .bss                zero     0x20002200     0x4  rabm.o [1]
  .bss                zero     0x20002204     0x4  rabm.o [1]
  .bss                zero     0x20002208     0x4  rabm.o [1]
  .bss                zero     0x2000220c     0x4  rabm.o [1]
  .bss                zero     0x20002210     0x4  rabm.o [1]
  .bss                zero     0x20002214     0x4  rabm.o [1]
  .bss                zero     0x20002218     0x4  rabm.o [1]
  .bss                zero     0x2000221c     0x4  rabm.o [1]
  .bss                zero     0x20002220     0x4  rabm.o [1]
  .bss                zero     0x20002224     0x4  rabm.o [1]
  .bss                zero     0x20002228     0x4  rabm.o [1]
  .bss                zero     0x2000222c     0x4  rabm.o [1]
  .bss                zero     0x20002230     0x4  rabm.o [1]
  .bss                zero     0x20002234     0x4  rabm.o [1]
  .bss                zero     0x20002238     0x4  rabm.o [1]
  .bss                zero     0x2000223c     0x4  stm32f10x_it.o [1]
  .bss                zero     0x20002240     0x4  stm32f10x_it.o [1]
  .bss                zero     0x20002244     0x4  stm32f10x_it.o [1]
  .bss                zero     0x20002248     0x4  stm32f10x_it.o [1]
  .bss                zero     0x2000224c     0x4  stm32f10x_it.o [1]
  .bss                zero     0x20002250     0x4  stm32f10x_it.o [1]
  .bss                zero     0x20002254     0x4  Time.o [1]
  .bss                zero     0x20002258     0x4  Time.o [1]
  .bss                zero     0x2000225c     0x4  Time.o [1]
  .bss                zero     0x20002260     0x4  util.o [1]
  .bss                zero     0x20002264     0x4  xgetmemchunk.o [3]
  .bss                zero     0x20002268     0x2  AlarmComm.o [1]
  .bss                zero     0x2000226a     0x2  command.o [1]
  .bss                zero     0x2000226c     0x2  command.o [1]
  .bss                zero     0x2000226e     0x2  rabm.o [1]
  .bss                zero     0x20002270     0x2  rabm.o [1]
  .bss                zero     0x20002272     0x2  rabm.o [1]
  .bss                zero     0x20002274     0x2  rabm.o [1]
  .bss                zero     0x20002276     0x2  rabm.o [1]
  .bss                zero     0x20002278     0x2  rabm.o [1]
  .bss                zero     0x2000227a     0x2  rabm.o [1]
  .bss                zero     0x2000227c     0x2  rabm.o [1]
  .bss                zero     0x2000227e     0x2  stm32f10x_it.o [1]
  .bss                zero     0x20002280     0x1  AlarmComm.o [1]
  .bss                zero     0x20002281     0x1  command.o [1]
  .bss                zero     0x20002282     0x1  command.o [1]
  .bss                zero     0x20002283     0x1  config.o [1]
  .bss                zero     0x20002284     0x1  debug.o [1]
  .bss                zero     0x20002285     0x1  ping.o [1]
  .bss                zero     0x20002286     0x1  ping.o [1]
                             - 0x20002287   0xe6f


*******************************************************************************
*** INIT TABLE
***

          Address     Size
          -------     ----
Zero (__iar_zero_init3)
    1 destination range, total size 0xe6f:
          0x20001418  0xe6f

Copy/lz77 (__iar_lz77_init_single3)
    1 source range, total size 0x115 (26% of destination):
          0x0800c09c  0x115
    1 destination range, total size 0x411:
          0x20000000  0x411



*******************************************************************************
*** MODULE SUMMARY
***

    Module                  ro code  ro data  rw data
    ------                  -------  -------  -------
H:\WORK_THIS\STM32F10x_StdPeriph_Lib_V3.5.0\Project\5G_TEST_JIG\EWARM\5G_TEST_JIG\Obj: [1]
    AlarmComm.o               1 628      508      679
    Time.o                      308                56
    command.o                 5 600      388    1 090
    config.o                  5 092        2      680
    debug.o                   2 492      368      257
    main.o                      116      116
    md5.o                     2 656       64
    misc.o                      156
    ping.o                       92       20        6
    rabm.o                    8 332      601    1 354
    startup_stm32f10x_hd.o      596
    stm32f10x_adc.o             620
    stm32f10x_can.o           1 388
    stm32f10x_dac.o              24
    stm32f10x_dma.o             412
    stm32f10x_exti.o             56
    stm32f10x_flash.o           446
    stm32f10x_gpio.o            608
    stm32f10x_i2c.o             536
    stm32f10x_it.o              724               118
    stm32f10x_iwdg.o             16
    stm32f10x_rcc.o             916        5       20
    stm32f10x_rtc.o             156
    stm32f10x_spi.o             224
    stm32f10x_tim.o             484
    stm32f10x_usart.o           660
    system_stm32f10x.o          344
    util.o                      354       36        4
    w5500.o                     136
    -------------------------------------------------
    Total:                   35 172    2 108    4 264

command line: [2]
    -------------------------------------------------
    Total:

dl7M_tlf.a: [3]
    atoi.o                        8
    div.o                        14
    errno.o                      12        1        4
    exit.o                        4
    getzone.o                    10
    isxxx.o                      20
    localeconv.o                108       36      136
    localtim.o                  182        2        8
    low_level_init.o              4
    mktime.o                    208
    printf.o                     36
    putchar.o                    12
    setlocale.o                  84       31      116
    sprintf.o                    52
    strcat.o                     28
    tolower.o                    20
    vfprintf.o                   44
    xencoding_sb.o               96
    xfiles.o                              17      144
    xfprout.o                    24
    xgetdst.o                   362
    xgetmemchunk.o               44                 4
    xgettime.o                   66
    xisdst.o                    308        1        4
    xisdstData.o                           1        4
    xlocale_c.o                  32
    xmbcurmax.o                  10
    xmbtowc.o                    32
    xprintffull.o             4 454
    xprout.o                     22
    xsprout.o                    10
    xstol.o                     136
    xstoul.o                    408
    xsyslock_nop.o                4
    xtls.o                        2
    xttotm.o                    392       12       44
    xwctomb.o                    26
    xxmemxfree.o                128
    xxmemxmalloc.o              176                 8
    -------------------------------------------------
    Total:                    7 578      101      472

m7M_tl.a: [4]
    DblAdd.o                    232
    DblCmpGe.o                   46
    DblCmpLe.o                   46
    DblDiv.o                    598
    DblMul.o                    418
    DblSub.o                    384
    DblToFlt.o                  144
    DblToI32.o                   88
    FltAdd.o                    132
    FltCmpEq.o                   28
    FltCmpGe.o                   36
    FltCmpLe.o                   36
    FltDiv.o                    252
    FltMul.o                    216
    FltSub.o                    230
    FltToDbl.o                   78
    FltToS32.o                   68
    I32ToDbl.o                   48
    I32ToFlt.o                   50
    xdnorm.o                     66
    xdscale.o                   268
    -------------------------------------------------
    Total:                    3 464

rt7M_tl.a: [5]
    ABImemcpy_unaligned.o       118
    ABImemset.o                 102
    I64DivMod.o                 238
    I64DivZer.o                   2
    cexit.o                      10
    cmain.o                      26
    cstartup_M.o                 12
    data_init.o                  40
    lz77_init_single.o          118
    memchr.o                     88
    memcmp_unaligned.o           98
    strchr.o                     22
    strcpy_unaligned.o           68
    strlen.o                     54
    zero_init3.o                 64
    -------------------------------------------------
    Total:                    1 060

shb_l.a: [6]
    exit.o                       20
    -------------------------------------------------
    Total:                       20

    Gaps                         50
    Linker created                        32    4 096
-----------------------------------------------------
    Grand Total:             47 344    2 241    8 832


*******************************************************************************
*** ENTRY LIST
***

Entry                      Address   Size  Type      Object
-----                      -------   ----  ----      ------
.iar.init_table$$Base   0x0800b958          --   Gb  - Linker created -
.iar.init_table$$Limit  0x0800b978          --   Gb  - Linker created -
?main                   0x0800ba25         Code  Gb  cmain.o [5]
A1_flag                 0x20002270    0x2  Data  Gb  rabm.o [1]
ACA_Read                0x080008a1   0x5e  Code  Gb  rabm.o [1]
ACT_Read                0x08000901   0x50  Code  Gb  rabm.o [1]
ACV_Read                0x08000799  0x106  Code  Gb  rabm.o [1]
ACV_value               0x20000128    0x4  Data  Gb  rabm.o [1]
ADCPrescTable           0x2000028c    0x4  Data  Lc  stm32f10x_rcc.o [1]
ADC_Cmd                 0x080082a3   0x1a  Code  Gb  stm32f10x_adc.o [1]
ADC_Configuration_scanmode
                        0x08002a47   0xfc  Code  Gb  config.o [1]
ADC_DMACmd              0x080082bd   0x1a  Code  Gb  stm32f10x_adc.o [1]
ADC_DeInit              0x080081f5   0x5e  Code  Gb  stm32f10x_adc.o [1]
ADC_GetCalibrationStatus
                        0x08008303   0x18  Code  Gb  stm32f10x_adc.o [1]
ADC_GetResetCalibrationStatus
                        0x080082e1   0x18  Code  Gb  stm32f10x_adc.o [1]
ADC_Init                0x08008253   0x50  Code  Gb  stm32f10x_adc.o [1]
ADC_InitStructure       0x200020ac   0x14  Data  Gb  config.o [1]
ADC_RegularChannelConfig
                        0x08008335   0xee  Code  Gb  stm32f10x_adc.o [1]
ADC_ResetCalibration    0x080082d7    0xa  Code  Gb  stm32f10x_adc.o [1]
ADC_SoftwareStartConvCmd
                        0x0800831b   0x1a  Code  Gb  stm32f10x_adc.o [1]
ADC_StartCalibration    0x080082f9    0xa  Code  Gb  stm32f10x_adc.o [1]
ADC_TempSensorVrefintCmd
                        0x08008423   0x22  Code  Gb  stm32f10x_adc.o [1]
AFIO_Configuration      0x08002da5   0x22  Code  Gb  config.o [1]
APBAHBPrescTable        0x2000027c   0x10  Data  Lc  stm32f10x_rcc.o [1]
BATA_Calibration        0x08000cb1   0x22  Code  Gb  rabm.o [1]
BATA_Read               0x08000b21  0x190  Code  Gb  rabm.o [1]
BATT_Read               0x08000cd9  0x128  Code  Gb  rabm.o [1]
BCV_Read                0x08000965   0x90  Code  Gb  rabm.o [1]
BusFault_Handler        0x0800b207    0x2  Code  Gb  stm32f10x_it.o [1]
CAN_ClearITPendingBit   0x080067f5   0x94  Code  Gb  stm32f10x_can.o [1]
CAN_Config              0x080026d1  0x150  Code  Gb  config.o [1]
CAN_DeInit              0x08006341   0x38  Code  Gb  stm32f10x_can.o [1]
CAN_FilterInit          0x08006491  0x112  Code  Gb  stm32f10x_can.o [1]
CAN_FilterInitStructure
                        0x20002134   0x10  Data  Gb  config.o [1]
CAN_ITConfig            0x080067df   0x16  Code  Gb  stm32f10x_can.o [1]
CAN_Init                0x08006379  0x118  Code  Gb  stm32f10x_can.o [1]
CAN_InitStructure       0x20002144    0xc  Data  Gb  config.o [1]
CAN_Receive             0x080066f7   0xe8  Code  Gb  stm32f10x_can.o [1]
CAN_StructInit          0x080065a3   0x2e  Code  Gb  stm32f10x_can.o [1]
CAN_Transmit            0x080065d1  0x126  Code  Gb  stm32f10x_can.o [1]
CAN_reset               0x08002619   0xb8  Code  Gb  config.o [1]
CS5463_Read             0x08003961   0x24  Code  Gb  config.o [1]
CS5463_Read_            0x0800389d   0x5c  Code  Gb  config.o [1]
CS5463_Write_           0x08003901   0x60  Code  Gb  config.o [1]
CS5463_page             0x200021c8    0x4  Data  Gb  config.o [1]
CSTACK$$Base            0x20000418          --   Gb  - Linker created -
CSTACK$$Limit           0x20000c18          --   Gb  - Linker created -
DAC_Configuration       0x08002e53   0x3a  Code  Gb  config.o [1]
DAC_DeInit              0x08008645   0x18  Code  Gb  stm32f10x_dac.o [1]
DAC_I2C_write           0x080031b5  0x100  Code  Gb  config.o [1]
DAC_WriteCh             0x08002de3   0x70  Code  Gb  config.o [1]
DCV_Read                0x08000a6d    0xe  Code  Gb  rabm.o [1]
DCV_value               0x200021d4    0x4  Data  Gb  rabm.o [1]
DMA_Cmd                 0x080081a1   0x1c  Code  Gb  stm32f10x_dma.o [1]
DMA_Configuration       0x08002937   0x82  Code  Gb  config.o [1]
DMA_DeInit              0x08008059  0x10a  Code  Gb  stm32f10x_dma.o [1]
DMA_Init                0x08008163   0x3e  Code  Gb  stm32f10x_dma.o [1]
DMA_InitStructure       0x20001ee8   0x2c  Data  Gb  config.o [1]
DebugMon_Handler        0x0800b20b    0x2  Code  Gb  stm32f10x_it.o [1]
Delay                   0x0800224b    0xa  Code  Gb  util.o [1]
Delay_ms                0x0800231b   0x28  Code  Gb  util.o [1]
Delay_us                0x080022f1   0x2a  Code  Gb  util.o [1]
EEPROM_SendAddr         0x080032bd   0x72  Code  Gb  config.o [1]
EEPROM_SendData         0x0800332f   0x3e  Code  Gb  config.o [1]
EXTI1_IRQHandler        0x0800b43f   0x1a  Code  Gb  stm32f10x_it.o [1]
EXTI_ClearITPendingBit  0x0800b4fd    0x6  Code  Gb  stm32f10x_exti.o [1]
EXTI_GetITStatus        0x0800b4d5   0x28  Code  Gb  stm32f10x_exti.o [1]
Enable_DHCP             0x20002280    0x1  Data  Gb  AlarmComm.o [1]
FLASH_ErasePage         0x080086bd   0x5e  Code  Gb  stm32f10x_flash.o [1]
FLASH_GetBank1Status    0x0800879b   0x34  Code  Gb  stm32f10x_flash.o [1]
FLASH_Lock              0x080086ab   0x12  Code  Gb  stm32f10x_flash.o [1]
FLASH_PrefetchBufferCmd
                        0x08008675   0x20  Code  Gb  stm32f10x_flash.o [1]
FLASH_ProgramWord       0x0800871b   0x80  Code  Gb  stm32f10x_flash.o [1]
FLASH_SetLatency        0x0800865d   0x18  Code  Gb  stm32f10x_flash.o [1]
FLASH_Unlock            0x08008695   0x16  Code  Gb  stm32f10x_flash.o [1]
FLASH_WaitForLastOperation
                        0x080087ed   0x2e  Code  Gb  stm32f10x_flash.o [1]
GPIOA_Configuration     0x08002be3   0xc0  Code  Gb  config.o [1]
GPIOB_Configuration     0x08002ca3   0x5a  Code  Gb  config.o [1]
GPIOC_Configuration     0x08002d2d   0x78  Code  Gb  config.o [1]
GPIOD_Configuration     0x08002cfd   0x30  Code  Gb  config.o [1]
GPIO_Configuration      0x08002dc7   0x1c  Code  Gb  config.o [1]
GPIO_DeInit             0x080023b9   0xb4  Code  Gb  stm32f10x_gpio.o [1]
GPIO_Init               0x0800246d  0x136  Code  Gb  stm32f10x_gpio.o [1]
GPIO_InitStructure      0x200021b0    0x4  Data  Gb  config.o [1]
GPIO_ReadInputDataBit   0x080025a3   0x1a  Code  Gb  stm32f10x_gpio.o [1]
GPIO_ReadOutputDataBit  0x080025bd   0x1a  Code  Gb  stm32f10x_gpio.o [1]
GPIO_ResetBits          0x080025dd    0x6  Code  Gb  stm32f10x_gpio.o [1]
GPIO_SetBits            0x080025d7    0x6  Code  Gb  stm32f10x_gpio.o [1]
GPIO_Write              0x080025f5    0x6  Code  Gb  stm32f10x_gpio.o [1]
GPIO_WriteBit           0x080025e3   0x12  Code  Gb  stm32f10x_gpio.o [1]
HEAP$$Base              0x20000c18          --   Gb  - Linker created -
HEAP$$Limit             0x20001418          --   Gb  - Linker created -
HSEStartUpStatus        0x20002283    0x1  Data  Gb  config.o [1]
HW_VERSION              0x200020d4   0x14  Data  Gb  rabm.o [1]
HardFault_Handler       0x0800b203    0x2  Code  Gb  stm32f10x_it.o [1]
I2C1_ER_IRQHandler      0x0800b297    0x2  Code  Gb  stm32f10x_it.o [1]
I2C1_EV_IRQHandler      0x0800b291    0x2  Code  Gb  stm32f10x_it.o [1]
I2C2_ER_IRQHandler      0x0800b295    0x2  Code  Gb  stm32f10x_it.o [1]
I2C2_EV_IRQHandler      0x0800b293    0x2  Code  Gb  stm32f10x_it.o [1]
I2C_AcknowledgeConfig   0x08008c3d   0x1c  Code  Gb  stm32f10x_i2c.o [1]
I2C_CheckEvent          0x08008c91   0x38  Code  Gb  stm32f10x_i2c.o [1]
I2C_Cmd                 0x08008be9   0x1c  Code  Gb  stm32f10x_i2c.o [1]
I2C_Configuration       0x08003117   0x86  Code  Gb  config.o [1]
I2C_DeInit              0x08008ab1   0x36  Code  Gb  stm32f10x_i2c.o [1]
I2C_GenerateSTART       0x08008c05   0x1c  Code  Gb  stm32f10x_i2c.o [1]
I2C_GenerateSTOP        0x08008c21   0x1c  Code  Gb  stm32f10x_i2c.o [1]
I2C_ITConfig            0x08008c59   0x16  Code  Gb  stm32f10x_i2c.o [1]
I2C_Init                0x08008ae7   0xf2  Code  Gb  stm32f10x_i2c.o [1]
I2C_ReceiveData         0x08008c75    0x6  Code  Gb  stm32f10x_i2c.o [1]
I2C_Send7bitAddress     0x08008c7b   0x16  Code  Gb  stm32f10x_i2c.o [1]
I2C_SendData            0x08008c6f    0x6  Code  Gb  stm32f10x_i2c.o [1]
IINCHIP_CSoff           0x0800af0d    0xa  Code  Gb  w5500.o [1]
IINCHIP_CSon            0x0800af17    0xa  Code  Gb  w5500.o [1]
IINCHIP_READ            0x0800af31   0x38  Code  Gb  w5500.o [1]
IINCHIP_SpiSendData     0x0800af21   0x10  Code  Gb  w5500.o [1]
IWDG_ReloadCounter      0x08003b31    0xa  Code  Gb  stm32f10x_iwdg.o [1]
Init_RxMes              0x08002821   0x2e  Code  Gb  config.o [1]
Init_TxMessage          0x080028eb   0x4c  Code  Gb  config.o [1]
LDA_Read                0x08000a7b   0x9e  Code  Gb  rabm.o [1]
LoadInt                 0x080070e3   0x6e  Code  Lc  xprintffull.o [3]
MemManage_Handler       0x0800b205    0x2  Code  Gb  stm32f10x_it.o [1]
NMI_Handler             0x0800b201    0x2  Code  Gb  stm32f10x_it.o [1]
NVIC_Configuration      0x0800306d   0xaa  Code  Gb  config.o [1]
NVIC_Init               0x08007fc7   0x68  Code  Gb  misc.o [1]
NVIC_PriorityGroupConfig
                        0x08007fbd    0xa  Code  Gb  misc.o [1]
NVIC_SetVectorTable     0x0800802f    0xc  Code  Gb  misc.o [1]
NVIC_SystemReset        0x08000131   0x22  Code  Lc  rabm.o [1]
PendSV_Handler          0x0800b20f    0x2  Code  Gb  stm32f10x_it.o [1]
RCC_ADCCLKConfig        0x08007da1   0x14  Code  Gb  stm32f10x_rcc.o [1]
RCC_AHBPeriphClockCmd   0x08007e91   0x1e  Code  Gb  stm32f10x_rcc.o [1]
RCC_APB1PeriphClockCmd  0x08007ecd   0x1e  Code  Gb  stm32f10x_rcc.o [1]
RCC_APB1PeriphResetCmd  0x08007f09   0x1e  Code  Gb  stm32f10x_rcc.o [1]
RCC_APB2PeriphClockCmd  0x08007eaf   0x1e  Code  Gb  stm32f10x_rcc.o [1]
RCC_APB2PeriphResetCmd  0x08007eeb   0x1e  Code  Gb  stm32f10x_rcc.o [1]
RCC_Configuration       0x08002e8d   0x8a  Code  Gb  config.o [1]
RCC_DeInit              0x08007c29   0x60  Code  Gb  stm32f10x_rcc.o [1]
RCC_GetClocksFreq       0x08007db5   0xdc  Code  Gb  stm32f10x_rcc.o [1]
RCC_GetFlagStatus       0x08007f27   0x52  Code  Gb  stm32f10x_rcc.o [1]
RCC_GetSYSCLKSource     0x08007d59    0xa  Code  Gb  stm32f10x_rcc.o [1]
RCC_HCLKConfig          0x08007d63   0x14  Code  Gb  stm32f10x_rcc.o [1]
RCC_HSEConfig           0x08007c89   0x56  Code  Gb  stm32f10x_rcc.o [1]
RCC_PCLK1Config         0x08007d77   0x14  Code  Gb  stm32f10x_rcc.o [1]
RCC_PCLK2Config         0x08007d8b   0x16  Code  Gb  stm32f10x_rcc.o [1]
RCC_PLLCmd              0x08007d3b    0xa  Code  Gb  stm32f10x_rcc.o [1]
RCC_PLLConfig           0x08007d1f   0x1c  Code  Gb  stm32f10x_rcc.o [1]
RCC_SYSCLKConfig        0x08007d45   0x14  Code  Gb  stm32f10x_rcc.o [1]
RCC_WaitForHSEStartUp   0x08007cdf   0x40  Code  Gb  stm32f10x_rcc.o [1]
RET_Read                0x08000e05  0x128  Code  Gb  rabm.o [1]
RTC_ClearITPendingBit   0x08003e15    0xc  Code  Gb  stm32f10x_rtc.o [1]
RTC_EnterConfigMode     0x08003d95    0xe  Code  Gb  stm32f10x_rtc.o [1]
RTC_ExitConfigMode      0x08003da3   0x10  Code  Gb  stm32f10x_rtc.o [1]
RTC_GetCounter          0x08003db3   0x16  Code  Gb  stm32f10x_rtc.o [1]
RTC_GetITStatus         0x08003deb   0x2a  Code  Gb  stm32f10x_rtc.o [1]
RTC_IRQHandler          0x0800b213   0x1e  Code  Gb  stm32f10x_it.o [1]
RTC_SetCounter          0x08003dc9   0x18  Code  Gb  stm32f10x_rtc.o [1]
RTC_WaitForLastTask     0x08003de1    0xa  Code  Gb  stm32f10x_rtc.o [1]
Region$$Table$$Base     0x0800b958          --   Gb  - Linker created -
Region$$Table$$Limit    0x0800b978          --   Gb  - Linker created -
RxBuffer1               0x20001418  0x200  Data  Gb  config.o [1]
RxMessage               0x20002110   0x14  Data  Gb  stm32f10x_it.o [1]
SERIAL_NO               0x200020e8   0x14  Data  Gb  rabm.o [1]
SPI_Cmd                 0x08008d6d   0x1c  Code  Gb  stm32f10x_spi.o [1]
SPI_Configuration       0x080037f5   0x62  Code  Gb  config.o [1]
SPI_I2S_DeInit          0x08008cc9   0x58  Code  Gb  stm32f10x_spi.o [1]
SPI_I2S_GetFlagStatus   0x08008d91   0x18  Code  Gb  stm32f10x_spi.o [1]
SPI_I2S_ReceiveData     0x08008d8d    0x4  Code  Gb  stm32f10x_spi.o [1]
SPI_I2S_SendData        0x08008d89    0x4  Code  Gb  stm32f10x_spi.o [1]
SPI_Init                0x08008d21   0x40  Code  Gb  stm32f10x_spi.o [1]
SPI_SendByte            0x08003861   0x36  Code  Gb  config.o [1]
SVC_Handler             0x0800b20d    0x2  Code  Gb  stm32f10x_it.o [1]
SerialPutChar           0x08002fd1   0x22  Code  Gb  config.o [1]
SetSysClock             0x0800b561    0x8  Code  Lc  system_stm32f10x.o [1]
SetSysClockTo72         0x0800b569   0xe0  Code  Lc  system_stm32f10x.o [1]
SysTick_Handler         0x0800b211    0x2  Code  Gb  stm32f10x_it.o [1]
SystemInit              0x0800b50d   0x54  Code  Gb  system_stm32f10x.o [1]
TIM4_IRQHandler         0x0800b299  0x1a6  Code  Gb  stm32f10x_it.o [1]
TIME                    0x20002254    0x4  Data  Gb  Time.o [1]
TIM_ClearITPendingBit   0x08008613    0x8  Code  Gb  stm32f10x_tim.o [1]
TIM_Cmd                 0x0800858f   0x1c  Code  Gb  stm32f10x_tim.o [1]
TIM_GetCapture1         0x080085dd    0x4  Code  Gb  stm32f10x_tim.o [1]
TIM_GetITStatus         0x080085e1   0x32  Code  Gb  stm32f10x_tim.o [1]
TIM_ITConfig            0x080085ab   0x16  Code  Gb  stm32f10x_tim.o [1]
TIM_OC1Init             0x080084f5   0x9a  Code  Gb  stm32f10x_tim.o [1]
TIM_OC1PreloadConfig    0x080085c7   0x12  Code  Gb  stm32f10x_tim.o [1]
TIM_PrescalerConfig     0x080085c1    0x6  Code  Gb  stm32f10x_tim.o [1]
TIM_SetCompare1         0x080085d9    0x4  Code  Gb  stm32f10x_tim.o [1]
TIM_TimeBaseInit        0x08008461   0x94  Code  Gb  stm32f10x_tim.o [1]
Thr                     0x20000234   0x48  Data  Gb  rabm.o [1]
TimeDisplay             0x200021ac    0x4  Data  Gb  config.o [1]
Timer4_Init             0x08002b43   0xa0  Code  Gb  config.o [1]
TxMessage               0x200020c0   0x14  Data  Gb  config.o [1]
UART_Configuration      0x08002fc9    0x8  Code  Gb  config.o [1]
USART1_IRQHandler       0x0800b231   0x5e  Code  Gb  stm32f10x_it.o [1]
USART1_Init             0x08002f21   0xa8  Code  Gb  config.o [1]
USART2_IRQHandler       0x0800b28f    0x2  Code  Gb  stm32f10x_it.o [1]
USART_Cmd               0x080089a1   0x1c  Code  Gb  stm32f10x_usart.o [1]
USART_DeInit            0x0800881d   0x90  Code  Gb  stm32f10x_usart.o [1]
USART_GetFlagStatus     0x08008a23   0x1e  Code  Gb  stm32f10x_usart.o [1]
USART_GetITStatus       0x08008a41   0x70  Code  Gb  stm32f10x_usart.o [1]
USART_ITConfig          0x080089bd   0x56  Code  Gb  stm32f10x_usart.o [1]
USART_Init              0x080088ad   0xde  Code  Gb  stm32f10x_usart.o [1]
USART_ReceiveData       0x08008a1b    0x8  Code  Gb  stm32f10x_usart.o [1]
USART_Rx                0x08002ff9   0x4a  Code  Gb  config.o [1]
USART_SendData          0x08008a13    0x8  Code  Gb  stm32f10x_usart.o [1]
USB_LP_CAN1_RX0_IRQHandler
                        0x0800b459   0x26  Code  Gb  stm32f10x_it.o [1]
UsageFault_Handler      0x0800b209    0x2  Code  Gb  stm32f10x_it.o [1]
Vref                    0x2000011c    0x4  Data  Gb  rabm.o [1]
WIZ_CS                  0x0800aee5   0x28  Code  Gb  w5500.o [1]
_EncodingSb_Mbtowc      0x0800b003   0x30  Code  Gb  xencoding_sb.o [3]
_EncodingSb_Wctomb      0x0800afe9   0x1a  Code  Gb  xencoding_sb.o [3]
_FProut                 0x0800bb29   0x18  Code  Gb  xfprout.o [3]
_GenldFull              0x08007967  0x24c  Code  Lc  xprintffull.o [3]
_Getdst                 0x0800b0b5  0x13e  Code  Gb  xgetdst.o [3]
_Gettime                0x08008edb   0x42  Code  Gb  xgettime.o [3]
_IsdstStr               0x200002dc    0x4  Data  Gb  setlocale.o [3]
_Isdst_olddst           0x20000404    0x4  Data  Lc  xisdst.o [3]
_Isdst_rules            0x20000408    0x4  Data  Gb  xisdstData.o [3]
_LdtobFull              0x08007565  0x3fc  Code  Lc  xprintffull.o [3]
_LitobFull              0x0800745d  0x106  Code  Lc  xprintffull.o [3]
_LocaleC_isspace        0x0800b075   0x14  Code  Gb  xlocale_c.o [3]
_LocaleC_tolower        0x0800b1f3    0xc  Code  Gb  xlocale_c.o [3]
_LocaleEncoding         0x08008eb5    0xe  Code  Gb  setlocale.o [3]
_LocaleForCat           0x08008ea3   0x12  Code  Gb  setlocale.o [3]
_LocaleReturnString     0x200002fc   0x50  Data  Lc  setlocale.o [3]
_Locale_Profile         0x200002e0   0x1c  Data  Gb  setlocale.o [3]
_Locale_aeabi_lconv     0x200003cc   0x38  Data  Gb  localeconv.o [3]
_Locale_lconv           0x2000037c   0x50  Data  Gb  localeconv.o [3]
_Localtime_oldzone      0x200002d0    0x4  Data  Lc  localtim.o [3]
_Localtime_tzoff        0x200002d4    0x4  Data  Lc  localtim.o [3]
_Mbtowc                 0x0800a9a7   0x20  Code  Gb  xmbtowc.o [3]
_PrintfFull             0x08006a95  0x638  Code  Gb  xprintffull.o [3]
_Prout                  0x0800bb41   0x16  Code  Gb  xprout.o [3]
_PutcharsFull           0x08007bb3   0x2e  Code  Lc  xprintffull.o [3]
_PutstrFull             0x08007151  0x306  Code  Lc  xprintffull.o [3]
_SProut                 0x08003b8f    0xa  Code  Gb  xsprout.o [3]
_Ttotm_ts               0x2000034c   0x2c  Data  Lc  xttotm.o [3]
_Tzoff                  0x08003e31   0x94  Code  Gb  localtim.o [3]
_TzoneStr               0x200002d8    0x4  Data  Gb  setlocale.o [3]
_Wctomb                 0x0800aaf5   0x1a  Code  Gb  xwctomb.o [3]
__aeabi_cdcmple         0x0800abd5         Code  Gb  DblCmpLe.o [4]
__aeabi_cdrcmple        0x0800a7c1         Code  Gb  DblCmpGe.o [4]
__aeabi_cfcmpeq         0x080046c5         Code  Gb  FltCmpEq.o [4]
__aeabi_cfcmple         0x080040e9         Code  Gb  FltCmpLe.o [4]
__aeabi_cfrcmple        0x080046e1         Code  Gb  FltCmpGe.o [4]
__aeabi_d2f             0x08003f5d         Code  Gb  DblToFlt.o [4]
__aeabi_d2iz            0x08003d3d         Code  Gb  DblToI32.o [4]
__aeabi_d2uiz           0x08003d69         Code  Gb  DblToI32.o [4]
__aeabi_dadd            0x0800410d         Code  Gb  DblAdd.o [4]
__aeabi_ddiv            0x080041f5         Code  Gb  DblDiv.o [4]
__aeabi_dmul            0x08003b99         Code  Gb  DblMul.o [4]
__aeabi_dsub            0x0800912d         Code  Gb  DblSub.o [4]
__aeabi_errno_addr      0x0800ada5    0x6  Code  Gb  errno.o [3]
__aeabi_f2d             0x08003b41         Code  Gb  FltToDbl.o [4]
__aeabi_f2iz            0x08003ee9         Code  Gb  FltToS32.o [4]
__aeabi_fadd            0x08004641         Code  Gb  FltAdd.o [4]
__aeabi_fdiv            0x08003fed         Code  Gb  FltDiv.o [4]
__aeabi_fmul            0x08004481         Code  Gb  FltMul.o [4]
__aeabi_fsub            0x08004559         Code  Gb  FltSub.o [4]
__aeabi_i2d             0x08003f2d         Code  Gb  I32ToDbl.o [4]
__aeabi_i2f             0x0800444d         Code  Gb  I32ToFlt.o [4]
__aeabi_ldiv0           0x0800a9a5         Code  Gb  I64DivZer.o [5]
__aeabi_memset          0x0800af6d         Code  Gb  ABImemset.o [5]
__aeabi_ui2d            0x08003f41         Code  Gb  I32ToDbl.o [4]
__aeabi_ui2f            0x08004461         Code  Gb  I32ToFlt.o [4]
__aeabi_uldivmod        0x080069a5         Code  Gb  I64DivMod.o [5]
__cmain                 0x0800ba25         Code  Gb  cmain.o [5]
__data_Aldata           0x20002180    0x8  Data  Gb  xxmemxmalloc.o [3]
__data_GetMemChunk      0x0800b049   0x2c  Code  Gb  xgetmemchunk.o [3]
__exit                  0x0800ba55   0x14  Code  Gb  exit.o [6]
__getzone               0x08008ed1    0x6  Code  Gb  getzone.o [3]
__iar_Daysto32          0x08008fa5   0x3a  Code  Gb  xttotm.o [3]
__iar_Dnorm             0x0800ab91   0x42  Code  Gb  xdnorm.o [4]
__iar_Dscale            0x0800ac05  0x10c  Code  Gb  xdscale.o [4]
__iar_Errno             0x20000378    0x4  Data  Gb  errno.o [3]
__iar_Isdst32           0x0800adb1  0x134  Code  Gb  xisdst.o [3]
__iar_Locale_lconv_init
                        0x0800ad11   0x3a  Code  Gb  localeconv.o [3]
__iar_Lockfilelock      0x0800ad8b    0x2  Code  Gb  xsyslock_nop.o [3]
__iar_Mbcurmax          0x0800aa39    0xa  Code  Gb  xmbcurmax.o [3]
__iar_Memchr            0x0800a9e1         Code  Gb  memchr.o [5]
__iar_Memset            0x0800af6d         Code  Gb  ABImemset.o [5]
__iar_Memset_word       0x0800af75         Code  Gb  ABImemset.o [5]
__iar_Stdout            0x20000290   0x40  Data  Gb  xfiles.o [3]
__iar_Stolx             0x08008f1d   0x88  Code  Gb  xstol.o [3]
__iar_Stoul             0x0800a951    0x4  Code  Gb  xstoul.o [3]
__iar_Stoulx            0x0800a80d  0x13e  Code  Gb  xstoul.o [3]
__iar_Strchr            0x0800a9c9         Code  Gb  strchr.o [5]
__iar_Ttotm32           0x08008fdf  0x112  Code  Gb  xttotm.o [3]
__iar_TzoneStr_init     0x08008e7d   0x26  Code  Gb  setlocale.o [3]
__iar_Unlockfilelock    0x0800ad8d    0x2  Code  Gb  xsyslock_nop.o [3]
__iar_d2uiz             0x08003d75         Code  Gb  DblToI32.o [4]
__iar_dadd              0x08004121         Code  Gb  DblAdd.o [4]
__iar_data_init3        0x0800b8a1   0x28  Code  Gb  data_init.o [5]
__iar_dlib_perthread_access
                        0x08008e79    0x2  Code  Gb  xtls.o [3]
__iar_dsub              0x08009141         Code  Gb  DblSub.o [4]
__iar_dsubStart         0x08009153         Code  Gb  DblSub.o [4]
__iar_fadd              0x08004651         Code  Gb  FltAdd.o [4]
__iar_fsub              0x08004569         Code  Gb  FltSub.o [4]
__iar_fsubStart         0x08004579         Code  Gb  FltSub.o [4]
__iar_lz77_init_single3
                        0x08002343   0x76  Code  Gb  lz77_init_single.o [5]
__iar_program_start     0x0800bf3d         Code  Gb  cstartup_M.o [5]
__iar_ui2d              0x08003f45         Code  Gb  I32ToDbl.o [4]
__iar_ui2f              0x08004465         Code  Gb  I32ToFlt.o [4]
__iar_unaligned___aeabi_memcpy
                        0x080068e1         Code  Gb  ABImemcpy_unaligned.o [5]
__iar_unaligned___aeabi_memcpy4
                        0x08006901         Code  Gb  ABImemcpy_unaligned.o [5]
__iar_unaligned___aeabi_memcpy8
                        0x08006901         Code  Gb  ABImemcpy_unaligned.o [5]
__iar_unaligned_memcmp  0x0800a725         Code  Gb  memcmp_unaligned.o [5]
__iar_unaligned_strcpy  0x08006959         Code  Gb  strcpy_unaligned.o [5]
__iar_zero_init3        0x0800b769   0x40  Code  Gb  zero_init3.o [5]
__localtime32           0x08003ecd   0x1a  Code  Gb  localtim.o [3]
__low_level_init        0x0800ba3f    0x4  Code  Gb  low_level_init.o [3]
__mktime32              0x08008da9   0xd0  Code  Gb  mktime.o [3]
__vector_table          0x08000000         Data  Gb  startup_stm32f10x_hd.o [1]
_call_main              0x0800ba31         Code  Gb  cmain.o [5]
_exit                   0x0800ba49         Code  Gb  cexit.o [5]
_main                   0x0800ba3b         Code  Gb  cmain.o [5]
acv_flag                0x20002228    0x4  Data  Gb  rabm.o [1]
ad_offset               0x20001f90   0x24  Data  Gb  rabm.o [1]
ad_read_offset          0x08001513   0x22  Code  Gb  rabm.o [1]
ad_save_offset          0x08001501   0x12  Code  Gb  rabm.o [1]
ad_set                  0x20002050   0x18  Data  Gb  command.o [1]
ad_temp                 0x20002014   0x20  Data  Gb  stm32f10x_it.o [1]
adc_dr                  0x20002098   0x14  Data  Gb  config.o [1]
adc_ready               0x20002272    0x2  Data  Gb  rabm.o [1]
adv                     0x20001ff4   0x20  Data  Gb  stm32f10x_it.o [1]
alarm_set               0x20001f40   0x28  Data  Gb  command.o [1]
alarm_set_default       0x080016a5   0xe4  Code  Gb  rabm.o [1]
alarm_sts               0x20001ae4   0xa0  Data  Gb  rabm.o [1]
alarm_timer_init        0x080011e9   0x38  Code  Gb  rabm.o [1]
atimer                  0x20001d40   0x60  Data  Gb  rabm.o [1]
atoi                    0x0800699d    0x8  Code  Gb  atoi.o [3]
auto_test               0x20002068   0x18  Data  Gb  rabm.o [1]
auto_test_time          0x20002170    0x8  Data  Gb  rabm.o [1]
avg_ref                 0x08001b31   0xca  Code  Gb  rabm.o [1]
batA                    0x200020fc   0x14  Data  Gb  rabm.o [1]
batS                    0x20002220    0x4  Data  Gb  rabm.o [1]
bat_can_flag            0x2000227e    0x2  Data  Gb  stm32f10x_it.o [1]
bat_offset              0x20002230    0x4  Data  Gb  rabm.o [1]
bat_set_auto_test_day   0x08001e59  0x1a6  Code  Gb  rabm.o [1]
bat_test_save_mode      0x08001d5d   0x14  Code  Gb  rabm.o [1]
bat_test_save_period    0x08001d87   0x10  Code  Gb  rabm.o [1]
bat_test_save_time      0x08001d97   0x54  Code  Gb  rabm.o [1]
bat_test_save_v         0x08001d71   0x16  Code  Gb  rabm.o [1]
bat_test_set_mode       0x08001df1   0x26  Code  Gb  rabm.o [1]
bat_test_set_period     0x08002001   0x2e  Code  Gb  rabm.o [1]
bat_test_set_v          0x08001e19   0x40  Code  Gb  rabm.o [1]
bat_test_start          0x08002039   0x34  Code  Gb  rabm.o [1]
bms                     0x20000110    0xc  Data  Gb  rabm.o [1]
can_tx_count            0x2000226e    0x2  Data  Gb  rabm.o [1]
check_bat_sts           0x08001601   0x88  Code  Gb  rabm.o [1]
check_port_status       0x08001105   0xe0  Code  Gb  rabm.o [1]
check_status_flag       0x20002276    0x2  Data  Gb  rabm.o [1]
clear_alarms            0x08001559   0x9c  Code  Gb  rabm.o [1]
cmd_ac_test             0x08009517   0x7e  Code  Gb  debug.o [1]
cmd_adc_test            0x080093e7   0x94  Code  Gb  debug.o [1]
cmd_boot0_test          0x080095d1   0x4a  Code  Gb  debug.o [1]
cmd_button_test         0x0800961b   0x76  Code  Gb  debug.o [1]
cmd_chip_id             0x0800934f   0x42  Code  Gb  debug.o [1]
cmd_dac_test            0x0800947b   0x9c  Code  Gb  debug.o [1]
cmd_debug_mode          0x08009935   0x50  Code  Gb  debug.o [1]
cmd_eprom_erase         0x08009809   0x48  Code  Gb  debug.o [1]
cmd_eprom_test          0x080097bd   0x4c  Code  Gb  debug.o [1]
cmd_get_ip              0x08009391   0x56  Code  Gb  debug.o [1]
cmd_info_set            0x080099cd   0x4c  Code  Gb  debug.o [1]
cmd_led_test            0x08009595   0x3c  Code  Gb  debug.o [1]
cmd_out_sel             0x08009a19   0x2a  Code  Gb  debug.o [1]
cmd_output_test         0x08009691   0x98  Code  Gb  debug.o [1]
cmd_relay_test          0x08009729   0x94  Code  Gb  debug.o [1]
cmd_self_test           0x08009327   0x28  Code  Gb  debug.o [1]
cmd_set_hw_version      0x0800987d   0x42  Code  Gb  debug.o [1]
cmd_set_mac             0x080098bf   0x3a  Code  Gb  debug.o [1]
cmd_set_sn              0x080098f9   0x3c  Code  Gb  debug.o [1]
cmd_system_shutdown     0x08009851   0x2c  Code  Gb  debug.o [1]
cmd_test_mode           0x08009985   0x48  Code  Gb  debug.o [1]
const_hw_desc           0x0800b6d8   0x50  Data  Gb  AlarmComm.o [1]
conv                    0x08002203   0x48  Code  Gb  util.o [1]
ctoi                    0x08005ce5   0x1a  Code  Gb  AlarmComm.o [1]
ctx                     0x20001a0c   0xd8  Data  Gb  AlarmComm.o [1]
dac_addr                0x2000040c    0x2  Data  Gb  config.o [1]
dac_test                0x080092f3   0x34  Code  Gb  debug.o [1]
dac_test_flag           0x20002284    0x1  Data  Gb  debug.o [1]
dac_value               0x2000022c    0x8  Data  Gb  rabm.o [1]
debug_mode_toggle       0x080092db   0x18  Code  Gb  debug.o [1]
diagnosis               0x08009ac5  0x1a4  Code  Gb  debug.o [1]
digits                  0x0800a954   0x28  Data  Lc  xstoul.o [3]
div                     0x0800ad7d    0xe  Code  Gb  div.o [3]
dl_ack_frame            0x200021a8    0x4  Data  Gb  command.o [1]
do_test_mode            0x08004e0d   0x14  Code  Gb  command.o [1]
download_fw             0x08004e47  0x2da  Code  Gb  command.o [1]
dprintf                 0x080021e1   0x22  Code  Gb  util.o [1]
dump_memory             0x08002263   0x66  Code  Gb  util.o [1]
eeprom_OK               0x200021e8    0x4  Data  Gb  rabm.o [1]
eeprom_erase            0x0800034f   0x46  Code  Gb  rabm.o [1]
eeprom_read             0x08003531  0x19c  Code  Gb  config.o [1]
eeprom_read_buffer      0x08003371  0x1a0  Code  Gb  config.o [1]
eeprom_test             0x080002dd   0x72  Code  Gb  rabm.o [1]
eeprom_write            0x080036d5  0x118  Code  Gb  config.o [1]
exit                    0x0800ba43    0x4  Code  Gb  exit.o [3]
fail_lock               0x20002200    0x4  Data  Lc  rabm.o [1]
fail_on_ready           0x20002210    0x4  Data  Gb  rabm.o [1]
flash_erase             0x08005dd1   0x32  Code  Gb  AlarmComm.o [1]
flash_write             0x08005cff   0x60  Code  Gb  AlarmComm.o [1]
forced_bat_test         0x2000222c    0x4  Data  Gb  rabm.o [1]
fputc                   0x08003985   0x22  Code  Gb  config.o [1]
fram_addr               0x20000410    0x1  Data  Gb  config.o [1]
free                    0x0800ab11   0x7a  Code  Gb  xxmemxfree.o [3]
fusing_check_file       0x0800600d   0xc8  Code  Gb  AlarmComm.o [1]
fusing_count            0x200021a0    0x4  Data  Gb  AlarmComm.o [1]
fusing_finish           0x08005e39  0x1b0  Code  Gb  AlarmComm.o [1]
fusing_init             0x08005e05   0x2c  Code  Gb  AlarmComm.o [1]
fusing_mod              0x2000219c    0x4  Data  Gb  AlarmComm.o [1]
fusing_size             0x20002198    0x4  Data  Gb  AlarmComm.o [1]
fusing_total_size       0x200021a4    0x4  Data  Gb  AlarmComm.o [1]
fw_version              0x20000124    0x4  Data  Gb  rabm.o [1]
get_4byte               0x08004ca1   0x36  Code  Gb  command.o [1]
get_alarm_status        0x08001221    0x8  Code  Gb  rabm.o [1]
get_byte                0x08005cd9    0xc  Code  Gb  command.o [1]
get_command             0x08004c73   0x1c  Code  Gb  command.o [1]
get_data                0x08004ddd   0x30  Code  Gb  command.o [1]
get_floatvalue          0x08004d0d   0x54  Code  Gb  command.o [1]
get_frame               0x08005b49   0xea  Code  Gb  command.o [1]
get_intvalue            0x08004cd7   0x36  Code  Gb  command.o [1]
get_intvalue2           0x08004d61   0x36  Code  Gb  command.o [1]
get_ip_address          0x08005db7   0x1a  Code  Gb  AlarmComm.o [1]
get_log_size            0x08001081   0x1a  Code  Gb  rabm.o [1]
get_mode                0x08004dd5    0x8  Code  Gb  command.o [1]
get_op_mode             0x08001261   0x4e  Code  Gb  rabm.o [1]
get_rect_status         0x080010bd   0x36  Code  Gb  rabm.o [1]
get_str                 0x08004c8f   0x12  Code  Gb  command.o [1]
get_string2             0x08004d97   0x3e  Code  Gb  command.o [1]
get_system_time         0x08003abd   0x54  Code  Gb  Time.o [1]
get_time_counter        0x08003b11    0x8  Code  Gb  Time.o [1]
getint                  0x0800b089   0x2c  Code  Lc  xgetdst.o [3]
hw_desc                 0x20001918   0xf4  Data  Gb  AlarmComm.o [1]
hw_version              0x20000120    0x4  Data  Gb  rabm.o [1]
init_adc_dr             0x08002a2d   0x1a  Code  Gb  config.o [1]
inputs                  0x20000090   0x80  Data  Gb  debug.o [1]
ip_bat_test_residual    0x080060d5   0xa8  Code  Gb  AlarmComm.o [1]
ip_set_hw_desc          0x0800617d   0x34  Code  Gb  AlarmComm.o [1]
ip_set_memo_info        0x08005d5f   0x22  Code  Gb  AlarmComm.o [1]
ip_state                0x20002194    0x4  Data  Gb  AlarmComm.o [1]
ip_update_flash_ip      0x08005d81   0x36  Code  Gb  AlarmComm.o [1]
ip_write_psu_name       0x08006259   0x26  Code  Gb  AlarmComm.o [1]
isspace                 0x0800ad8f   0x14  Code  Gb  isxxx.o [3]
lmos                    0x080090fc   0x18  Data  Lc  xttotm.o [3]
localeconv              0x0800ad4b   0x16  Code  Gb  localeconv.o [3]
log_event               0x20002034   0x1c  Data  Gb  rabm.o [1]
log_format_eeprom       0x080006ad   0x52  Code  Gb  rabm.o [1]
log_frame               0x20001fd4   0x20  Data  Gb  command.o [1]
log_get_time            0x08000705   0x3a  Code  Gb  rabm.o [1]
log_header              0x20002150    0xc  Data  Gb  rabm.o [1]
log_header_no           0x200021f8    0x4  Data  Gb  rabm.o [1]
log_id                  0x2000040e    0x2  Data  Gb  rabm.o [1]
log_send_index          0x200021e4    0x4  Data  Gb  rabm.o [1]
log_send_size           0x200021e0    0x4  Data  Gb  rabm.o [1]
log_sending             0x200021dc    0x4  Data  Gb  rabm.o [1]
log_set_header_checksum
                        0x0800067d   0x22  Code  Gb  rabm.o [1]
log_sts                 0x20001da0   0x50  Data  Gb  rabm.o [1]
log_write               0x08000445  0x22a  Code  Gb  rabm.o [1]
main                    0x0800b665   0x74  Code  Gb  main.o [1]
malloc                  0x0800aa45   0xac  Code  Gb  xxmemxmalloc.o [3]
management_id           0x20002190    0x4  Data  Gb  AlarmComm.o [1]
management_id_flag      0x2000215c    0x4  Data  Gb  AlarmComm.o [1]
md5_finish              0x0800a533   0xde  Code  Gb  md5.o [1]
md5_free                0x08009ced   0x12  Code  Gb  md5.o [1]
md5_init                0x08009cd9   0x14  Code  Gb  md5.o [1]
md5_input               0x20001fb4   0x20  Data  Gb  AlarmComm.o [1]
md5_output              0x20002124   0x10  Data  Gb  AlarmComm.o [1]
md5_padding             0x0800b728   0x40  Data  Lc  md5.o [1]
md5_process             0x08009d21  0x784  Code  Gb  md5.o [1]
md5_starts              0x08009cff   0x22  Code  Gb  md5.o [1]
md5_update              0x0800a4a5   0x8e  Code  Gb  md5.o [1]
memchr                  0x0800a9e1         Code  Gb  memchr.o [5]
mos                     0x08009114   0x18  Data  Lc  xttotm.o [3]
ndigs                   0x0800a97c   0x28  Data  Lc  xstoul.o [3]
obuf                    0x20001df0   0x50  Data  Lc  xfiles.o [3]
ocp_lock                0x2000220c    0x4  Data  Lc  rabm.o [1]
offset_save             0x08000395   0x76  Code  Gb  rabm.o [1]
op_frame                0x20001f68   0x28  Data  Gb  command.o [1]
op_sts                  0x20001e88   0x30  Data  Gb  rabm.o [1]
operation_mode          0x20002268    0x2  Data  Gb  AlarmComm.o [1]
out_status              0x2000227a    0x2  Data  Gb  rabm.o [1]
outputs                 0x20000010   0x80  Data  Gb  debug.o [1]
ovp_count               0x20002204    0x4  Data  Lc  rabm.o [1]
ovp_flag                0x20002208    0x4  Data  Lc  rabm.o [1]
ovp_lock                0x200021fc    0x4  Data  Lc  rabm.o [1]
ping_addr               0x2000000c    0x4  Data  Gb  AlarmComm.o [1]
ping_ok                 0x20002286    0x1  Data  Gb  ping.o [1]
ping_repeat             0x200021cc    0x4  Data  Gb  ping.o [1]
ping_start              0x20002285    0x1  Data  Gb  ping.o [1]
ping_to                 0x08009c69   0x46  Code  Gb  ping.o [1]
polarssl_zeroize        0x08009cc5   0x14  Code  Lc  md5.o [1]
port_status             0x20002278    0x2  Data  Gb  rabm.o [1]
port_sts                0x2000012c  0x100  Data  Gb  rabm.o [1]
printf                  0x080021bd   0x24  Code  Gb  printf.o [3]
psu_ip                  0x20000008    0x4  Data  Gb  AlarmComm.o [1]
psu_mac                 0x20000000    0x8  Data  Gb  AlarmComm.o [1]
psu_name_set            0x20001c74   0x68  Data  Gb  command.o [1]
ptim                    0x20002258    0x4  Data  Gb  Time.o [1]
putchar                 0x0800bb59    0xc  Code  Gb  putchar.o [3]
rabm_main               0x0800206d   0xfc  Code  Gb  rabm.o [1]
rabm_process_command    0x08005149  0x372  Code  Gb  command.o [1]
read_adc                0x080029b9   0x74  Code  Gb  config.o [1]
read_bat_A              0x08000fa1   0x54  Code  Gb  rabm.o [1]
read_bat_T              0x08000ff9   0x10  Code  Gb  rabm.o [1]
read_bat_V              0x08000f5d   0x14  Code  Gb  rabm.o [1]
read_dcv                0x080009f9   0x74  Code  Gb  rabm.o [1]
read_eeprom             0x0800040b   0x16  Code  Gb  rabm.o [1]
read_input_A            0x08000f3d   0x10  Code  Gb  rabm.o [1]
read_input_V            0x08000f2d   0x10  Code  Gb  rabm.o [1]
read_output_A           0x08000f71   0x2c  Code  Gb  rabm.o [1]
read_output_V           0x08000f4d   0x10  Code  Gb  rabm.o [1]
read_rec_T              0x08001011   0x10  Code  Gb  rabm.o [1]
recover                 0x20002080   0x18  Data  Gb  rabm.o [1]
recovery_start          0x08001c01   0xa0  Code  Gb  rabm.o [1]
rect_on                 0x0800029b   0x42  Code  Gb  rabm.o [1]
rect_on_flag            0x200021d8    0x4  Data  Gb  rabm.o [1]
rect_sts                0x20001c04   0x70  Data  Gb  rabm.o [1]
rect_test_on            0x080092c3   0x18  Code  Gb  debug.o [1]
relay_off               0x08000223   0x78  Code  Gb  rabm.o [1]
relay_on                0x080001ab   0x78  Code  Gb  rabm.o [1]
reset_type              0x2000225c    0x4  Data  Gb  Time.o [1]
restart_flag            0x20002224    0x4  Data  Gb  rabm.o [1]
restart_time            0x20002160    0x8  Data  Gb  AlarmComm.o [1]
rs_fusing_image         0x08005fe9   0x1e  Code  Gb  AlarmComm.o [1]
rtc_time                0x20001f14   0x2c  Data  Gb  Time.o [1]
rx_array                0x20001818  0x100  Data  Gb  command.o [1]
rx_buffer               0x20001718  0x100  Data  Gb  command.o [1]
rx_frame                0x20001618  0x100  Data  Gb  command.o [1]
rx_head                 0x20002240    0x4  Data  Gb  stm32f10x_it.o [1]
rx_overrun              0x20002248    0x4  Data  Gb  stm32f10x_it.o [1]
rx_tail                 0x20002244    0x4  Data  Gb  stm32f10x_it.o [1]
save_value              0x080014e9   0x14  Code  Gb  rabm.o [1]
saved_ip                0x20002188    0x4  Data  Gb  AlarmComm.o [1]
saved_mac               0x20002168    0x8  Data  Gb  AlarmComm.o [1]
saved_management_id     0x2000218c    0x4  Data  Gb  AlarmComm.o [1]
send_ad_set             0x080057dd   0x8c  Code  Gb  command.o [1]
send_alarm_set          0x08005869   0xbc  Code  Gb  command.o [1]
send_byte               0x08005b1d    0xe  Code  Gb  command.o [1]
send_dl_ack             0x08004e21   0x26  Code  Gb  command.o [1]
send_frame              0x08005add   0x40  Code  Gb  command.o [1]
send_log_no             0x08005675   0x34  Code  Gb  command.o [1]
send_log_record         0x080056a9   0x48  Code  Gb  command.o [1]
send_op_set             0x080056f1   0xe4  Code  Gb  command.o [1]
send_psu_name           0x080059b1   0x28  Code  Gb  command.o [1]
send_rect_status        0x08005925   0x86  Code  Gb  command.o [1]
send_system_info        0x080054c1  0x134  Code  Gb  command.o [1]
send_system_time        0x080055fd   0x70  Code  Gb  command.o [1]
send_test_frame         0x080092ad   0x16  Code  Gb  debug.o [1]
set_ad_ba               0x08004975   0x3e  Code  Gb  command.o [1]
set_ad_ia               0x08004867   0x3e  Code  Gb  command.o [1]
set_ad_iv               0x0800481f   0x48  Code  Gb  command.o [1]
set_ad_oa               0x08004937   0x3e  Code  Gb  command.o [1]
set_ad_ov               0x080048a5   0x92  Code  Gb  command.o [1]
set_ad_reset            0x080049b9   0xba  Code  Gb  command.o [1]
set_ad_set_log          0x08001405   0x38  Code  Gb  rabm.o [1]
set_ad_zero             0x08004a73   0x70  Code  Gb  command.o [1]
set_alarm_bfv           0x08004b83   0x28  Code  Gb  command.o [1]
set_alarm_bht           0x08004bd3   0x28  Code  Gb  command.o [1]
set_alarm_blv           0x08004bab   0x28  Code  Gb  command.o [1]
set_alarm_clear         0x08004c39   0x3a  Code  Gb  command.o [1]
set_alarm_default       0x08004c23   0x16  Code  Gb  command.o [1]
set_alarm_ihv           0x08004ae3   0x28  Code  Gb  command.o [1]
set_alarm_ilv           0x08004b0b   0x28  Code  Gb  command.o [1]
set_alarm_mode          0x080059dd   0x2c  Code  Gb  command.o [1]
set_alarm_ohv           0x08004b33   0x28  Code  Gb  command.o [1]
set_alarm_olv           0x08004b5b   0x28  Code  Gb  command.o [1]
set_alarm_rht           0x08004bfb   0x28  Code  Gb  command.o [1]
set_alarm_set_log       0x080013cd   0x38  Code  Gb  rabm.o [1]
set_bat_equip           0x08005a09   0x5c  Code  Gb  command.o [1]
set_bat_test_day        0x080047d3   0x26  Code  Gb  command.o [1]
set_bat_test_log        0x08001475   0x38  Code  Gb  rabm.o [1]
set_bat_test_off        0x08004733   0x1e  Code  Gb  command.o [1]
set_bat_test_on         0x08004715   0x1e  Code  Gb  command.o [1]
set_bat_test_period     0x08004783   0x1a  Code  Gb  command.o [1]
set_bat_test_req        0x0800479d   0x36  Code  Gb  command.o [1]
set_bat_test_time       0x080047f9   0x26  Code  Gb  command.o [1]
set_bat_test_v          0x08004751   0x32  Code  Gb  command.o [1]
set_date_only           0x080039fd   0x2a  Code  Gb  Time.o [1]
set_flash_ip            0x08001535   0x16  Code  Gb  rabm.o [1]
set_log_clear           0x08005ac5    0xe  Code  Gb  command.o [1]
set_mac_address         0x08006285   0x3e  Code  Gb  AlarmComm.o [1]
set_management_id       0x080062c3   0x5e  Code  Gb  AlarmComm.o [1]
set_operation_log       0x0800143d   0x38  Code  Gb  rabm.o [1]
set_output_mode         0x080012d7   0x1e  Code  Gb  rabm.o [1]
set_output_voltage      0x08001391   0x34  Code  Gb  rabm.o [1]
set_psu_name            0x08004705   0x10  Code  Gb  command.o [1]
set_shutdown_log        0x080014ad   0x38  Code  Gb  rabm.o [1]
set_system_date         0x08005a9b   0x2a  Code  Gb  command.o [1]
set_system_restart      0x08000153   0x2e  Code  Gb  rabm.o [1]
set_system_time         0x08005a75   0x26  Code  Gb  command.o [1]
set_time                0x08003a4d   0x70  Code  Gb  Time.o [1]
set_time_only           0x08003a27   0x26  Code  Gb  Time.o [1]
sprintf                 0x080068ad   0x34  Code  Gb  sprintf.o [3]
sr_off                  0x08001d41   0x18  Code  Gb  rabm.o [1]
sr_on                   0x08001d29   0x18  Code  Gb  rabm.o [1]
strcat                  0x0800a7ef   0x1c  Code  Gb  strcat.o [3]
strchr                  0x0800a9c9         Code  Gb  strchr.o [5]
strlen                  0x0800a789         Code  Gb  strlen.o [5]
sys_error               0x08002255    0xe  Code  Gb  util.o [1]
sys_frame               0x20001e40   0x48  Data  Gb  command.o [1]
sys_info                0x20001eb8   0x30  Data  Gb  rabm.o [1]
sys_read_hw_version     0x080017b1   0x78  Code  Gb  rabm.o [1]
sys_read_mac            0x08001831   0x72  Code  Gb  rabm.o [1]
sys_read_sn             0x080018a9   0x42  Code  Gb  rabm.o [1]
sys_set_hw_version      0x080019fd   0x10  Code  Gb  rabm.o [1]
sys_set_info            0x080019f1    0xc  Code  Gb  rabm.o [1]
sys_set_mac             0x08001a0d   0x10  Code  Gb  rabm.o [1]
sys_set_sn              0x08001a1d   0xf8  Code  Gb  rabm.o [1]
sys_write_hw_version    0x080018eb   0x1c  Code  Gb  rabm.o [1]
sys_write_ip_info       0x08001939   0x64  Code  Gb  rabm.o [1]
sys_write_mac_info      0x080019a1   0x30  Code  Gb  rabm.o [1]
sys_write_sn            0x0800190d   0x1e  Code  Gb  rabm.o [1]
system_alarm_status     0x20002274    0x2  Data  Gb  rabm.o [1]
system_shutdown         0x08000181   0x2a  Code  Gb  rabm.o [1]
system_shutdown_flag    0x200021ec    0x4  Data  Gb  rabm.o [1]
test_TxMessage          0x0800284f   0x9c  Code  Gb  config.o [1]
test_mode               0x200021f4    0x4  Data  Gb  rabm.o [1]
test_value              0x200021d0    0x4  Data  Gb  rabm.o [1]
time10ms                0x20002178    0x8  Data  Gb  stm32f10x_it.o [1]
time3ms                 0x2000223c    0x4  Data  Gb  stm32f10x_it.o [1]
time_tmp                0x200021f0    0x4  Data  Gb  rabm.o [1]
tolower                 0x0800afd3   0x14  Code  Gb  tolower.o [3]
user_psu_name           0x20001cdc   0x64  Data  Gb  AlarmComm.o [1]
vfprintf                0x08007bfd   0x2c  Code  Gb  vfprintf.o [3]
vref                    0x20001b84   0x80  Data  Gb  rabm.o [1]
vref_flag               0x20002218    0x4  Data  Gb  rabm.o [1]
vref_ind                0x20002214    0x4  Data  Gb  rabm.o [1]
vref_init               0x08001cf9   0x2e  Code  Gb  rabm.o [1]
vref_sum                0x2000221c    0x4  Data  Gb  rabm.o [1]
write_eeprom            0x08000421   0x24  Code  Gb  rabm.o [1]
write_output_mode       0x080012bd   0x1a  Code  Gb  rabm.o [1]
write_output_voltage    0x08001301   0x8a  Code  Gb  rabm.o [1]
write_shutdown_log      0x08000771   0x28  Code  Gb  rabm.o [1]
yooha_debug             0x20002260    0x4  Data  Gb  util.o [1]


[1] = H:\WORK_THIS\STM32F10x_StdPeriph_Lib_V3.5.0\Project\5G_TEST_JIG\EWARM\5G_TEST_JIG\Obj
[2] = command line
[3] = dl7M_tlf.a
[4] = m7M_tl.a
[5] = rt7M_tl.a
[6] = shb_l.a

  47 344 bytes of readonly  code memory
   2 241 bytes of readonly  data memory
   8 832 bytes of readwrite data memory

Errors: none
Warnings: none
