###############################################################################
#
# IAR ELF Linker V7.70.1.11437/W32 for ARM                24/Mar/2021  14:28:44
# Copyright 2007-2016 IAR Systems AB.
#
#    Output file  =  
#        H:\WORK_THIS\STM32F10x_StdPeriph_Lib_V3.5.0\Project\5G_TEST_JIG\EWARM\SKT_JIG\Exe\KT_5G_TEST_JIG.out
#    Map file     =  
#        H:\WORK_THIS\STM32F10x_StdPeriph_Lib_V3.5.0\Project\5G_TEST_JIG\EWARM\SKT_JIG\List\KT_5G_TEST_JIG.map
#    Command line =  
#        H:\WORK_THIS\STM32F10x_StdPeriph_Lib_V3.5.0\Project\5G_TEST_JIG\EWARM\SKT_JIG\Obj\AlarmComm.o
#        H:\WORK_THIS\STM32F10x_StdPeriph_Lib_V3.5.0\Project\5G_TEST_JIG\EWARM\SKT_JIG\Obj\command.o
#        H:\WORK_THIS\STM32F10x_StdPeriph_Lib_V3.5.0\Project\5G_TEST_JIG\EWARM\SKT_JIG\Obj\config.o
#        H:\WORK_THIS\STM32F10x_StdPeriph_Lib_V3.5.0\Project\5G_TEST_JIG\EWARM\SKT_JIG\Obj\debug.o
#        H:\WORK_THIS\STM32F10x_StdPeriph_Lib_V3.5.0\Project\5G_TEST_JIG\EWARM\SKT_JIG\Obj\dhcp.o
#        H:\WORK_THIS\STM32F10x_StdPeriph_Lib_V3.5.0\Project\5G_TEST_JIG\EWARM\SKT_JIG\Obj\I2CRoutines.o
#        H:\WORK_THIS\STM32F10x_StdPeriph_Lib_V3.5.0\Project\5G_TEST_JIG\EWARM\SKT_JIG\Obj\loopback.o
#        H:\WORK_THIS\STM32F10x_StdPeriph_Lib_V3.5.0\Project\5G_TEST_JIG\EWARM\SKT_JIG\Obj\main.o
#        H:\WORK_THIS\STM32F10x_StdPeriph_Lib_V3.5.0\Project\5G_TEST_JIG\EWARM\SKT_JIG\Obj\md5.o
#        H:\WORK_THIS\STM32F10x_StdPeriph_Lib_V3.5.0\Project\5G_TEST_JIG\EWARM\SKT_JIG\Obj\misc.o
#        H:\WORK_THIS\STM32F10x_StdPeriph_Lib_V3.5.0\Project\5G_TEST_JIG\EWARM\SKT_JIG\Obj\ping.o
#        H:\WORK_THIS\STM32F10x_StdPeriph_Lib_V3.5.0\Project\5G_TEST_JIG\EWARM\SKT_JIG\Obj\rabm.o
#        H:\WORK_THIS\STM32F10x_StdPeriph_Lib_V3.5.0\Project\5G_TEST_JIG\EWARM\SKT_JIG\Obj\socket.o
#        H:\WORK_THIS\STM32F10x_StdPeriph_Lib_V3.5.0\Project\5G_TEST_JIG\EWARM\SKT_JIG\Obj\sockutil.o
#        H:\WORK_THIS\STM32F10x_StdPeriph_Lib_V3.5.0\Project\5G_TEST_JIG\EWARM\SKT_JIG\Obj\SPI2.o
#        H:\WORK_THIS\STM32F10x_StdPeriph_Lib_V3.5.0\Project\5G_TEST_JIG\EWARM\SKT_JIG\Obj\startup_stm32f10x_hd.o
#        H:\WORK_THIS\STM32F10x_StdPeriph_Lib_V3.5.0\Project\5G_TEST_JIG\EWARM\SKT_JIG\Obj\stm32f10x_adc.o
#        H:\WORK_THIS\STM32F10x_StdPeriph_Lib_V3.5.0\Project\5G_TEST_JIG\EWARM\SKT_JIG\Obj\stm32f10x_bkp.o
#        H:\WORK_THIS\STM32F10x_StdPeriph_Lib_V3.5.0\Project\5G_TEST_JIG\EWARM\SKT_JIG\Obj\stm32f10x_can.o
#        H:\WORK_THIS\STM32F10x_StdPeriph_Lib_V3.5.0\Project\5G_TEST_JIG\EWARM\SKT_JIG\Obj\stm32f10x_dac.o
#        H:\WORK_THIS\STM32F10x_StdPeriph_Lib_V3.5.0\Project\5G_TEST_JIG\EWARM\SKT_JIG\Obj\stm32f10x_dbgmcu.o
#        H:\WORK_THIS\STM32F10x_StdPeriph_Lib_V3.5.0\Project\5G_TEST_JIG\EWARM\SKT_JIG\Obj\stm32f10x_dma.o
#        H:\WORK_THIS\STM32F10x_StdPeriph_Lib_V3.5.0\Project\5G_TEST_JIG\EWARM\SKT_JIG\Obj\stm32f10x_exti.o
#        H:\WORK_THIS\STM32F10x_StdPeriph_Lib_V3.5.0\Project\5G_TEST_JIG\EWARM\SKT_JIG\Obj\stm32f10x_flash.o
#        H:\WORK_THIS\STM32F10x_StdPeriph_Lib_V3.5.0\Project\5G_TEST_JIG\EWARM\SKT_JIG\Obj\stm32f10x_gpio.o
#        H:\WORK_THIS\STM32F10x_StdPeriph_Lib_V3.5.0\Project\5G_TEST_JIG\EWARM\SKT_JIG\Obj\stm32f10x_i2c.o
#        H:\WORK_THIS\STM32F10x_StdPeriph_Lib_V3.5.0\Project\5G_TEST_JIG\EWARM\SKT_JIG\Obj\stm32f10x_it.o
#        H:\WORK_THIS\STM32F10x_StdPeriph_Lib_V3.5.0\Project\5G_TEST_JIG\EWARM\SKT_JIG\Obj\stm32f10x_iwdg.o
#        H:\WORK_THIS\STM32F10x_StdPeriph_Lib_V3.5.0\Project\5G_TEST_JIG\EWARM\SKT_JIG\Obj\stm32f10x_pwr.o
#        H:\WORK_THIS\STM32F10x_StdPeriph_Lib_V3.5.0\Project\5G_TEST_JIG\EWARM\SKT_JIG\Obj\stm32f10x_rcc.o
#        H:\WORK_THIS\STM32F10x_StdPeriph_Lib_V3.5.0\Project\5G_TEST_JIG\EWARM\SKT_JIG\Obj\stm32f10x_rtc.o
#        H:\WORK_THIS\STM32F10x_StdPeriph_Lib_V3.5.0\Project\5G_TEST_JIG\EWARM\SKT_JIG\Obj\stm32f10x_spi.o
#        H:\WORK_THIS\STM32F10x_StdPeriph_Lib_V3.5.0\Project\5G_TEST_JIG\EWARM\SKT_JIG\Obj\stm32f10x_tim.o
#        H:\WORK_THIS\STM32F10x_StdPeriph_Lib_V3.5.0\Project\5G_TEST_JIG\EWARM\SKT_JIG\Obj\stm32f10x_usart.o
#        H:\WORK_THIS\STM32F10x_StdPeriph_Lib_V3.5.0\Project\5G_TEST_JIG\EWARM\SKT_JIG\Obj\system_stm32f10x.o
#        H:\WORK_THIS\STM32F10x_StdPeriph_Lib_V3.5.0\Project\5G_TEST_JIG\EWARM\SKT_JIG\Obj\telnet.o
#        H:\WORK_THIS\STM32F10x_StdPeriph_Lib_V3.5.0\Project\5G_TEST_JIG\EWARM\SKT_JIG\Obj\Time.o
#        H:\WORK_THIS\STM32F10x_StdPeriph_Lib_V3.5.0\Project\5G_TEST_JIG\EWARM\SKT_JIG\Obj\util.o
#        H:\WORK_THIS\STM32F10x_StdPeriph_Lib_V3.5.0\Project\5G_TEST_JIG\EWARM\SKT_JIG\Obj\util_DHCP.o
#        H:\WORK_THIS\STM32F10x_StdPeriph_Lib_V3.5.0\Project\5G_TEST_JIG\EWARM\SKT_JIG\Obj\w5500.o
#        --redirect _Printf=_PrintfFull --redirect _Scanf=_ScanfFull -o
#        H:\WORK_THIS\STM32F10x_StdPeriph_Lib_V3.5.0\Project\5G_TEST_JIG\EWARM\SKT_JIG\Exe\KT_5G_TEST_JIG.out
#        --map
#        H:\WORK_THIS\STM32F10x_StdPeriph_Lib_V3.5.0\Project\5G_TEST_JIG\EWARM\SKT_JIG\List\KT_5G_TEST_JIG.map
#        --config
#        H:\WORK_THIS\STM32F10x_StdPeriph_Lib_V3.5.0\Project\5G_TEST_JIG\EWARM\stm32f10x_flash_IAP.icf
#        --semihosting --entry __iar_program_start --vfe
#
###############################################################################

*******************************************************************************
*** RUNTIME MODEL ATTRIBUTES
***

CppFlavor                     = *
__Heap_Handler                = Basic
__SystemLibrary               = DLib
__dlib_dynamic_initialization = normal


*******************************************************************************
*** PLACEMENT SUMMARY
***

"A0":  place at 0x08000000 { ro section .intvec };
"P1":  place in [from 0x08000000 to 0x0803ffff] { ro };
"P2":  place in [from 0x20000000 to 0x2000bfff] { rw, block CSTACK, block HEAP };
initialize by copy { rw };

  Section             Kind        Address    Size  Object
  -------             ----        -------    ----  ------
"A0":                                       0x130
  .intvec             ro code  0x08000000   0x130  startup_stm32f10x_hd.o [1]
                             - 0x08000130   0x130

"P1":                                      0xc445
  .text               ro code  0x08000130  0x2110  rabm.o [1]
  .text               ro code  0x08002240    0x24  printf.o [3]
  .text               ro code  0x08002264   0x16e  util.o [1]
  .text               ro code  0x080023d2     0xa  xsprout.o [3]
  .text               ro code  0x080023dc   0x260  stm32f10x_gpio.o [1]
  .text               ro code  0x0800263c  0x16ac  config.o [1]
  .text               ro code  0x08003ce8   0x134  Time.o [1]
  .text               ro code  0x08003e1c    0x10  stm32f10x_iwdg.o [1]
  .text               ro code  0x08003e2c    0x4e  FltToDbl.o [4]
  .text               ro code  0x08003e7c   0x1a2  DblMul.o [4]
  .text               ro code  0x08004020    0x58  DblToI32.o [4]
  .text               ro code  0x08004078    0x9c  stm32f10x_rtc.o [1]
  .text               ro code  0x08004114    0xb6  localtim.o [3]
  .text               ro code  0x080041cc    0x44  FltToS32.o [4]
  .text               ro code  0x08004210    0x30  I32ToDbl.o [4]
  .text               ro code  0x08004240    0x90  DblToFlt.o [4]
  .text               ro code  0x080042d0    0xfc  FltDiv.o [4]
  .text               ro code  0x080043cc    0x24  FltCmpLe.o [4]
  .text               ro code  0x080043f0    0xe8  DblAdd.o [4]
  .text               ro code  0x080044d8   0x256  DblDiv.o [4]
  .text               ro code  0x08004730    0x32  I32ToFlt.o [4]
  .text               ro code  0x08004764    0xd8  FltMul.o [4]
  .text               ro code  0x0800483c    0xe6  FltSub.o [4]
  .text               ro code  0x08004924    0x84  FltAdd.o [4]
  .text               ro code  0x080049a8    0x1c  FltCmpEq.o [4]
  .text               ro code  0x080049c4    0x24  FltCmpGe.o [4]
  .text               ro code  0x080049e8  0x15e0  command.o [1]
  .text               ro code  0x08005fc8   0x65c  AlarmComm.o [1]
  .text               ro code  0x08006624   0x56c  stm32f10x_can.o [1]
  .text               ro code  0x08006b90    0x34  sprintf.o [3]
  .text               ro code  0x08006bc4    0x76  ABImemcpy_unaligned.o [5]
  .text               ro code  0x08006c3c    0x44  strcpy_unaligned.o [5]
  .text               ro code  0x08006c80     0x8  atoi.o [3]
  .text               ro code  0x08006c88    0xee  I64DivMod.o [5]
  .text               ro code  0x08006d78  0x118a  xprintffull.o [3]
  .text               ro code  0x08007f04    0x2c  vfprintf.o [3]
  .text               ro code  0x08007f30   0x394  stm32f10x_rcc.o [1]
  .text               ro code  0x080082c4    0x9c  misc.o [1]
  .text               ro code  0x08008360   0x19c  stm32f10x_dma.o [1]
  .text               ro code  0x080084fc   0x26c  stm32f10x_adc.o [1]
  .text               ro code  0x08008768   0x1e4  stm32f10x_tim.o [1]
  .text               ro code  0x0800894c    0x18  stm32f10x_dac.o [1]
  .text               ro code  0x08008964   0x1be  stm32f10x_flash.o [1]
  .text               ro code  0x08008b24   0x294  stm32f10x_usart.o [1]
  .text               ro code  0x08008db8   0x218  stm32f10x_i2c.o [1]
  .text               ro code  0x08008fd0    0xe0  stm32f10x_spi.o [1]
  .text               ro code  0x080090b0    0xd0  mktime.o [3]
  .text               ro code  0x08009180     0x2  xtls.o [3]
  .text               ro code  0x08009184    0x54  setlocale.o [3]
  .text               ro code  0x080091d8     0xa  getzone.o [3]
  .text               ro code  0x080091e2    0x42  xgettime.o [3]
  .text               ro code  0x08009224    0x88  xstol.o [3]
  .text               ro code  0x080092ac   0x188  xttotm.o [3]
  .text               ro code  0x08009434   0x180  DblSub.o [4]
  .text               ro code  0x080095b4   0x968  debug.o [1]
  .text               ro code  0x08009f1c    0x5c  ping.o [1]
  .text               ro code  0x08009f78   0xa60  md5.o [1]
  .text               ro code  0x0800a9d8    0x62  memcmp_unaligned.o [5]
  .text               ro code  0x0800aa3c    0x36  strlen.o [5]
  .text               ro code  0x0800aa74    0x2e  DblCmpGe.o [4]
  .text               ro code  0x0800aaa2    0x1c  strcat.o [3]
  .text               ro code  0x0800aac0   0x198  xstoul.o [3]
  .text               ro code  0x0800ac58     0x2  I64DivZer.o [5]
  .text               ro code  0x0800ac5a    0x20  xmbtowc.o [3]
  .text               ro code  0x0800ac7c    0x16  strchr.o [5]
  .text               ro code  0x0800ac94    0x58  memchr.o [5]
  .text               ro code  0x0800acec     0xa  xmbcurmax.o [3]
  .text               ro code  0x0800acf8    0xb0  xxmemxmalloc.o [3]
  .text               ro code  0x0800ada8    0x1a  xwctomb.o [3]
  .text               ro code  0x0800adc4    0x80  xxmemxfree.o [3]
  .text               ro code  0x0800ae44    0x44  xdnorm.o [4]
  .text               ro code  0x0800ae88    0x2e  DblCmpLe.o [4]
  .text               ro code  0x0800aeb8   0x10c  xdscale.o [4]
  .text               ro code  0x0800afc4    0x6c  localeconv.o [3]
  .text               ro code  0x0800b030     0xe  div.o [3]
  .text               ro code  0x0800b03e     0x4  xsyslock_nop.o [3]
  .text               ro code  0x0800b042    0x14  isxxx.o [3]
  .text               ro code  0x0800b058     0xc  errno.o [3]
  .text               ro code  0x0800b064   0x134  xisdst.o [3]
  .text               ro code  0x0800b198    0x88  w5500.o [1]
  .text               ro code  0x0800b220    0x66  ABImemset.o [5]
  .text               ro code  0x0800b286    0x14  tolower.o [3]
  .text               ro code  0x0800b29c    0x60  xencoding_sb.o [3]
  .text               ro code  0x0800b2fc    0x2c  xgetmemchunk.o [3]
  .text               ro code  0x0800b328    0x14  xlocale_c.o [3]
  .text               ro code  0x0800b33c   0x15e  xgetdst.o [3]
  .text               ro code  0x0800b49a     0xc  xlocale_c.o [3]
  .text               ro code  0x0800b4a8   0x338  stm32f10x_it.o [1]
  .text               ro code  0x0800b7e0    0x38  stm32f10x_exti.o [1]
  .text               ro code  0x0800b818   0x158  system_stm32f10x.o [1]
  .text               ro code  0x0800b970    0x78  lz77_init_single.o [5]
  .text               ro code  0x0800b9e8    0x74  main.o [1]
  .rodata             const    0x0800ba5c    0x50  AlarmComm.o [1]
  .rodata             const    0x0800baac    0x40  md5.o [1]
  .text               ro code  0x0800baec    0x40  zero_init3.o [5]
  .rodata             const    0x0800bb2c    0x2c  AlarmComm.o [1]
  .rodata             const    0x0800bb58    0x2c  AlarmComm.o [1]
  .rodata             const    0x0800bb84    0x28  AlarmComm.o [1]
  .rodata             const    0x0800bbac    0x28  command.o [1]
  .rodata             const    0x0800bbd4    0x28  command.o [1]
  .rodata             const    0x0800bbfc    0x28  main.o [1]
  .text               ro code  0x0800bc24    0x28  data_init.o [5]
  .rodata             const    0x0800bc4c    0x24  AlarmComm.o [1]
  .rodata             const    0x0800bc70    0x24  command.o [1]
  .rodata             const    0x0800bc94    0x24  command.o [1]
  .rodata             const    0x0800bcb8    0x24  debug.o [1]
  .iar.init_table     const    0x0800bcdc    0x20  - Linker created -
  .rodata             const    0x0800bcfc    0x20  AlarmComm.o [1]
  .rodata             const    0x0800bd1c    0x1c  AlarmComm.o [1]
  .rodata             const    0x0800bd38    0x1c  command.o [1]
  .rodata             const    0x0800bd54    0x1c  debug.o [1]
  .rodata             const    0x0800bd70    0x1c  rabm.o [1]
  .rodata             const    0x0800bd8c    0x1c  rabm.o [1]
  .text               ro code  0x0800bda8    0x1a  cmain.o [5]
  .text               ro code  0x0800bdc2     0x4  low_level_init.o [3]
  .text               ro code  0x0800bdc6     0x4  exit.o [3]
  .text               ro code  0x0800bdcc     0xa  cexit.o [5]
  .text               ro code  0x0800bdd8    0x14  exit.o [6]
  .rodata             const    0x0800bdec    0x18  AlarmComm.o [1]
  .rodata             const    0x0800be04    0x18  command.o [1]
  .rodata             const    0x0800be1c    0x18  main.o [1]
  .rodata             const    0x0800be34    0x18  rabm.o [1]
  .rodata             const    0x0800be4c    0x18  rabm.o [1]
  .rodata             const    0x0800be64    0x18  rabm.o [1]
  .rodata             const    0x0800be7c    0x18  rabm.o [1]
  .rodata             const    0x0800be94    0x18  rabm.o [1]
  .text               ro code  0x0800beac    0x18  xfprout.o [3]
  .text               ro code  0x0800bec4    0x16  xprout.o [3]
  .text               ro code  0x0800bedc     0xc  putchar.o [3]
  .rodata             const    0x0800bee8    0x14  AlarmComm.o [1]
  .rodata             const    0x0800befc    0x14  AlarmComm.o [1]
  .rodata             const    0x0800bf10    0x14  AlarmComm.o [1]
  .rodata             const    0x0800bf24    0x14  AlarmComm.o [1]
  .rodata             const    0x0800bf38    0x14  command.o [1]
  .rodata             const    0x0800bf4c    0x14  command.o [1]
  .rodata             const    0x0800bf60    0x14  command.o [1]
  .rodata             const    0x0800bf74    0x14  command.o [1]
  .rodata             const    0x0800bf88    0x14  command.o [1]
  .rodata             const    0x0800bf9c    0x14  command.o [1]
  .rodata             const    0x0800bfb0    0x14  debug.o [1]
  .rodata             const    0x0800bfc4    0x14  debug.o [1]
  .rodata             const    0x0800bfd8    0x14  ping.o [1]
  .rodata             const    0x0800bfec    0x14  rabm.o [1]
  .rodata             const    0x0800c000    0x14  rabm.o [1]
  .rodata             const    0x0800c014    0x14  rabm.o [1]
  .rodata             const    0x0800c028    0x14  rabm.o [1]
  .rodata             const    0x0800c03c    0x14  rabm.o [1]
  .rodata             const    0x0800c050    0x14  rabm.o [1]
  .rodata             const    0x0800c064    0x14  rabm.o [1]
  .rodata             const    0x0800c078    0x14  rabm.o [1]
  .rodata             const    0x0800c08c    0x10  AlarmComm.o [1]
  .rodata             const    0x0800c09c    0x10  command.o [1]
  .rodata             const    0x0800c0ac    0x10  command.o [1]
  .rodata             const    0x0800c0bc    0x10  config.o [1]
  .rodata             const    0x0800c0cc    0x10  config.o [1]
  .rodata             const    0x0800c0dc    0x10  debug.o [1]
  .rodata             const    0x0800c0ec    0x10  debug.o [1]
  .rodata             const    0x0800c0fc    0x10  debug.o [1]
  .rodata             const    0x0800c10c    0x10  debug.o [1]
  .rodata             const    0x0800c11c    0x10  debug.o [1]
  .rodata             const    0x0800c12c    0x10  debug.o [1]
  .rodata             const    0x0800c13c    0x10  debug.o [1]
  .rodata             const    0x0800c14c    0x10  main.o [1]
  .rodata             const    0x0800c15c    0x10  rabm.o [1]
  .rodata             const    0x0800c16c    0x10  rabm.o [1]
  .rodata             const    0x0800c17c    0x10  rabm.o [1]
  .rodata             const    0x0800c18c    0x10  rabm.o [1]
  .rodata             const    0x0800c19c    0x10  rabm.o [1]
  .rodata             const    0x0800c1ac    0x10  rabm.o [1]
  .rodata             const    0x0800c1bc    0x10  rabm.o [1]
  .rodata             const    0x0800c1cc    0x10  util.o [1]
  .text               ro code  0x0800c1dc    0x10  startup_stm32f10x_hd.o [1]
  .rodata             const    0x0800c1ec     0xc  AlarmComm.o [1]
  .rodata             const    0x0800c1f8     0xc  AlarmComm.o [1]
  .rodata             const    0x0800c204     0xc  AlarmComm.o [1]
  .rodata             const    0x0800c210     0xc  AlarmComm.o [1]
  .rodata             const    0x0800c21c     0xc  AlarmComm.o [1]
  .rodata             const    0x0800c228     0xc  AlarmComm.o [1]
  .rodata             const    0x0800c234     0xc  command.o [1]
  .rodata             const    0x0800c240     0xc  command.o [1]
  .rodata             const    0x0800c24c     0xc  debug.o [1]
  .rodata             const    0x0800c258     0xc  debug.o [1]
  .rodata             const    0x0800c264     0xc  main.o [1]
  .rodata             const    0x0800c270     0xc  main.o [1]
  .rodata             const    0x0800c27c     0xc  main.o [1]
  .rodata             const    0x0800c288     0xc  rabm.o [1]
  .rodata             const    0x0800c294     0xc  rabm.o [1]
  .rodata             const    0x0800c2a0     0xc  rabm.o [1]
  .rodata             const    0x0800c2ac     0xc  rabm.o [1]
  .rodata             const    0x0800c2b8     0xc  rabm.o [1]
  .rodata             const    0x0800c2c4     0xc  rabm.o [1]
  .rodata             const    0x0800c2d0     0xc  util.o [1]
  .text               ro code  0x0800c2dc     0xc  cstartup_M.o [5]
  .rodata             const    0x0800c2e8     0x8  AlarmComm.o [1]
  .rodata             const    0x0800c2f0     0x8  command.o [1]
  .rodata             const    0x0800c2f8     0x8  debug.o [1]
  .rodata             const    0x0800c300     0x8  debug.o [1]
  .rodata             const    0x0800c308     0x8  rabm.o [1]
  .rodata             const    0x0800c310     0x8  rabm.o [1]
  .rodata             const    0x0800c318     0x8  rabm.o [1]
  .rodata             const    0x0800c320     0x8  util.o [1]
  .text               ro code  0x0800c328     0x4  startup_stm32f10x_hd.o [1]
  .text               ro code  0x0800c32c     0x4  startup_stm32f10x_hd.o [1]
  .text               ro code  0x0800c330     0x4  startup_stm32f10x_hd.o [1]
  .text               ro code  0x0800c334     0x4  startup_stm32f10x_hd.o [1]
  .text               ro code  0x0800c338     0x4  startup_stm32f10x_hd.o [1]
  .text               ro code  0x0800c33c     0x4  startup_stm32f10x_hd.o [1]
  .text               ro code  0x0800c340     0x4  startup_stm32f10x_hd.o [1]
  .text               ro code  0x0800c344     0x4  startup_stm32f10x_hd.o [1]
  .text               ro code  0x0800c348     0x4  startup_stm32f10x_hd.o [1]
  .text               ro code  0x0800c34c     0x4  startup_stm32f10x_hd.o [1]
  .text               ro code  0x0800c350     0x4  startup_stm32f10x_hd.o [1]
  .text               ro code  0x0800c354     0x4  startup_stm32f10x_hd.o [1]
  .text               ro code  0x0800c358     0x4  startup_stm32f10x_hd.o [1]
  .text               ro code  0x0800c35c     0x4  startup_stm32f10x_hd.o [1]
  .text               ro code  0x0800c360     0x4  startup_stm32f10x_hd.o [1]
  .text               ro code  0x0800c364     0x4  startup_stm32f10x_hd.o [1]
  .text               ro code  0x0800c368     0x4  startup_stm32f10x_hd.o [1]
  .text               ro code  0x0800c36c     0x4  startup_stm32f10x_hd.o [1]
  .text               ro code  0x0800c370     0x4  startup_stm32f10x_hd.o [1]
  .text               ro code  0x0800c374     0x4  startup_stm32f10x_hd.o [1]
  .text               ro code  0x0800c378     0x4  startup_stm32f10x_hd.o [1]
  .text               ro code  0x0800c37c     0x4  startup_stm32f10x_hd.o [1]
  .text               ro code  0x0800c380     0x4  startup_stm32f10x_hd.o [1]
  .text               ro code  0x0800c384     0x4  startup_stm32f10x_hd.o [1]
  .text               ro code  0x0800c388     0x4  startup_stm32f10x_hd.o [1]
  .text               ro code  0x0800c38c     0x4  startup_stm32f10x_hd.o [1]
  .text               ro code  0x0800c390     0x4  startup_stm32f10x_hd.o [1]
  .text               ro code  0x0800c394     0x4  startup_stm32f10x_hd.o [1]
  .text               ro code  0x0800c398     0x4  startup_stm32f10x_hd.o [1]
  .text               ro code  0x0800c39c     0x4  startup_stm32f10x_hd.o [1]
  .text               ro code  0x0800c3a0     0x4  startup_stm32f10x_hd.o [1]
  .text               ro code  0x0800c3a4     0x4  startup_stm32f10x_hd.o [1]
  .text               ro code  0x0800c3a8     0x4  startup_stm32f10x_hd.o [1]
  .text               ro code  0x0800c3ac     0x4  startup_stm32f10x_hd.o [1]
  .text               ro code  0x0800c3b0     0x4  startup_stm32f10x_hd.o [1]
  .text               ro code  0x0800c3b4     0x4  startup_stm32f10x_hd.o [1]
  .text               ro code  0x0800c3b8     0x4  startup_stm32f10x_hd.o [1]
  .text               ro code  0x0800c3bc     0x4  startup_stm32f10x_hd.o [1]
  .text               ro code  0x0800c3c0     0x4  startup_stm32f10x_hd.o [1]
  .text               ro code  0x0800c3c4     0x4  startup_stm32f10x_hd.o [1]
  .text               ro code  0x0800c3c8     0x4  startup_stm32f10x_hd.o [1]
  .text               ro code  0x0800c3cc     0x4  startup_stm32f10x_hd.o [1]
  .text               ro code  0x0800c3d0     0x4  startup_stm32f10x_hd.o [1]
  .text               ro code  0x0800c3d4     0x4  startup_stm32f10x_hd.o [1]
  .text               ro code  0x0800c3d8     0x4  startup_stm32f10x_hd.o [1]
  .text               ro code  0x0800c3dc     0x4  startup_stm32f10x_hd.o [1]
  .text               ro code  0x0800c3e0     0x4  startup_stm32f10x_hd.o [1]
  .text               ro code  0x0800c3e4     0x4  startup_stm32f10x_hd.o [1]
  .text               ro code  0x0800c3e8     0x4  startup_stm32f10x_hd.o [1]
  .text               ro code  0x0800c3ec     0x4  startup_stm32f10x_hd.o [1]
  .text               ro code  0x0800c3f0     0x4  startup_stm32f10x_hd.o [1]
  .text               ro code  0x0800c3f4     0x4  startup_stm32f10x_hd.o [1]
  .text               ro code  0x0800c3f8     0x4  startup_stm32f10x_hd.o [1]
  .text               ro code  0x0800c3fc     0x4  startup_stm32f10x_hd.o [1]
  .text               ro code  0x0800c400     0x4  startup_stm32f10x_hd.o [1]
  .text               ro code  0x0800c404     0x4  startup_stm32f10x_hd.o [1]
  .text               ro code  0x0800c408     0x4  startup_stm32f10x_hd.o [1]
  .text               ro code  0x0800c40c     0x4  startup_stm32f10x_hd.o [1]
  .text               ro code  0x0800c410     0x4  startup_stm32f10x_hd.o [1]
  .text               ro code  0x0800c414     0x4  startup_stm32f10x_hd.o [1]
  .text               ro code  0x0800c418     0x4  startup_stm32f10x_hd.o [1]
  .text               ro code  0x0800c41c     0x4  startup_stm32f10x_hd.o [1]
  .text               ro code  0x0800c420     0x4  startup_stm32f10x_hd.o [1]
  .text               ro code  0x0800c424     0x4  startup_stm32f10x_hd.o [1]
  .text               ro code  0x0800c428     0x4  startup_stm32f10x_hd.o [1]
  .text               ro code  0x0800c42c     0x4  startup_stm32f10x_hd.o [1]
  .text               ro code  0x0800c430     0x4  startup_stm32f10x_hd.o [1]
  .text               ro code  0x0800c434     0x4  startup_stm32f10x_hd.o [1]
  .text               ro code  0x0800c438     0x4  startup_stm32f10x_hd.o [1]
  .rodata             const    0x0800c43c     0x0  zero_init3.o [5]
  .rodata             const    0x0800c43c     0x0  lz77_init_single.o [5]
  Initializer bytes   const    0x0800c43c   0x139  <for P2-1>
                             - 0x0800c575  0xc445

"P2", part 1 of 3:                          0x431
  P2-1                         0x20000000   0x431  <Init block>
    .data             inited   0x20000000     0x8  AlarmComm.o [1]
    .data             inited   0x20000008     0x4  AlarmComm.o [1]
    .data             inited   0x2000000c     0x4  AlarmComm.o [1]
    .data             inited   0x20000010    0x80  debug.o [1]
    .data             inited   0x20000090    0x80  debug.o [1]
    .data             inited   0x20000110    0x28  rabm.o [1]
    .data             inited   0x20000138     0x4  rabm.o [1]
    .data             inited   0x2000013c     0x4  rabm.o [1]
    .data             inited   0x20000140     0x4  rabm.o [1]
    .data             inited   0x20000144     0x4  rabm.o [1]
    .data             inited   0x20000148   0x100  rabm.o [1]
    .data             inited   0x20000248     0x8  rabm.o [1]
    .data             inited   0x20000250    0x48  rabm.o [1]
    .data             inited   0x20000298    0x10  stm32f10x_rcc.o [1]
    .data             inited   0x200002a8     0x4  stm32f10x_rcc.o [1]
    .data             inited   0x200002ac    0x40  xfiles.o [3]
    __DLIB_PERTHREAD  inited   0x200002ec     0x8  localtim.o [3]
    __DLIB_PERTHREAD  inited   0x200002f4    0x74  setlocale.o [3]
    __DLIB_PERTHREAD  inited   0x20000368    0x2c  xttotm.o [3]
    __DLIB_PERTHREAD  inited   0x20000394     0x4  errno.o [3]
    __DLIB_PERTHREAD  inited   0x20000398    0x88  localeconv.o [3]
    __DLIB_PERTHREAD  inited   0x20000420     0x4  xisdst.o [3]
    __DLIB_PERTHREAD  inited   0x20000424     0x4  xisdstData.o [3]
    .data             inited   0x20000428     0x2  config.o [1]
    .data             inited   0x2000042a     0x2  config.o [1]
    .data             inited   0x2000042c     0x2  config.o [1]
    .data             inited   0x2000042e     0x2  rabm.o [1]
    .data             inited   0x20000430     0x1  config.o [1]
                             - 0x20000431   0x431

"P2", part 2 of 3:                         0x1000
  CSTACK                       0x20000438   0x800  <Block>
    CSTACK            uninit   0x20000438   0x800  <Block tail>
  HEAP                         0x20000c38   0x800  <Block>
    HEAP              uninit   0x20000c38   0x800  <Block tail>
                             - 0x20001438  0x1000

"P2", part 3 of 3:                          0xe70
  .bss                zero     0x20001438   0x200  config.o [1]
  .bss                zero     0x20001638   0x100  command.o [1]
  .bss                zero     0x20001738   0x100  command.o [1]
  .bss                zero     0x20001838   0x100  command.o [1]
  .bss                zero     0x20001938    0xf4  AlarmComm.o [1]
  .bss                zero     0x20001a2c    0xd8  AlarmComm.o [1]
  .bss                zero     0x20001b04    0xa0  rabm.o [1]
  .bss                zero     0x20001ba4    0x80  rabm.o [1]
  .bss                zero     0x20001c24    0x70  rabm.o [1]
  .bss                zero     0x20001c94    0x68  command.o [1]
  .bss                zero     0x20001cfc    0x64  AlarmComm.o [1]
  .bss                zero     0x20001d60    0x60  rabm.o [1]
  .bss                zero     0x20001dc0    0x50  rabm.o [1]
  .bss                zero     0x20001e10    0x50  xfiles.o [3]
  .bss                zero     0x20001e60    0x48  command.o [1]
  .bss                zero     0x20001ea8    0x30  rabm.o [1]
  .bss                zero     0x20001ed8    0x30  rabm.o [1]
  .bss                zero     0x20001f08    0x2c  config.o [1]
  .bss                zero     0x20001f34    0x2c  Time.o [1]
  .bss                zero     0x20001f60    0x28  command.o [1]
  .bss                zero     0x20001f88    0x28  command.o [1]
  .bss                zero     0x20001fb0    0x24  rabm.o [1]
  .bss                zero     0x20001fd4    0x20  AlarmComm.o [1]
  .bss                zero     0x20001ff4    0x20  command.o [1]
  .bss                zero     0x20002014    0x20  stm32f10x_it.o [1]
  .bss                zero     0x20002034    0x20  stm32f10x_it.o [1]
  .bss                zero     0x20002054    0x1c  rabm.o [1]
  .bss                zero     0x20002070    0x18  command.o [1]
  .bss                zero     0x20002088    0x18  rabm.o [1]
  .bss                zero     0x200020a0    0x18  rabm.o [1]
  .bss                zero     0x200020b8    0x14  config.o [1]
  .bss                zero     0x200020cc    0x14  config.o [1]
  .bss                zero     0x200020e0    0x14  config.o [1]
  .bss                zero     0x200020f4    0x14  rabm.o [1]
  .bss                zero     0x20002108    0x14  rabm.o [1]
  .bss                zero     0x2000211c    0x14  rabm.o [1]
  .bss                zero     0x20002130    0x14  stm32f10x_it.o [1]
  .bss                zero     0x20002144    0x10  AlarmComm.o [1]
  .bss                zero     0x20002154    0x10  config.o [1]
  .bss                zero     0x20002164     0xc  config.o [1]
  .bss                zero     0x20002170     0xc  rabm.o [1]
  .bss                zero     0x2000217c     0x4  AlarmComm.o [1]
  .bss                zero     0x20002180     0x8  AlarmComm.o [1]
  .bss                zero     0x20002188     0x8  AlarmComm.o [1]
  .bss                zero     0x20002190     0x8  rabm.o [1]
  .bss                zero     0x20002198     0x8  stm32f10x_it.o [1]
  .bss                zero     0x200021a0     0x8  xxmemxmalloc.o [3]
  .bss                zero     0x200021a8     0x4  AlarmComm.o [1]
  .bss                zero     0x200021ac     0x4  AlarmComm.o [1]
  .bss                zero     0x200021b0     0x4  AlarmComm.o [1]
  .bss                zero     0x200021b4     0x4  AlarmComm.o [1]
  .bss                zero     0x200021b8     0x4  AlarmComm.o [1]
  .bss                zero     0x200021bc     0x4  AlarmComm.o [1]
  .bss                zero     0x200021c0     0x4  AlarmComm.o [1]
  .bss                zero     0x200021c4     0x4  AlarmComm.o [1]
  .bss                zero     0x200021c8     0x4  command.o [1]
  .bss                zero     0x200021cc     0x4  config.o [1]
  .bss                zero     0x200021d0     0x4  config.o [1]
  .bss                zero     0x200021d4     0x4  config.o [1]
  .bss                zero     0x200021d8     0x4  config.o [1]
  .bss                zero     0x200021dc     0x4  config.o [1]
  .bss                zero     0x200021e0     0x4  config.o [1]
  .bss                zero     0x200021e4     0x4  config.o [1]
  .bss                zero     0x200021e8     0x4  config.o [1]
  .bss                zero     0x200021ec     0x4  ping.o [1]
  .bss                zero     0x200021f0     0x4  rabm.o [1]
  .bss                zero     0x200021f4     0x4  rabm.o [1]
  .bss                zero     0x200021f8     0x4  rabm.o [1]
  .bss                zero     0x200021fc     0x4  rabm.o [1]
  .bss                zero     0x20002200     0x4  rabm.o [1]
  .bss                zero     0x20002204     0x4  rabm.o [1]
  .bss                zero     0x20002208     0x4  rabm.o [1]
  .bss                zero     0x2000220c     0x4  rabm.o [1]
  .bss                zero     0x20002210     0x4  rabm.o [1]
  .bss                zero     0x20002214     0x4  rabm.o [1]
  .bss                zero     0x20002218     0x4  rabm.o [1]
  .bss                zero     0x2000221c     0x4  rabm.o [1]
  .bss                zero     0x20002220     0x4  rabm.o [1]
  .bss                zero     0x20002224     0x4  rabm.o [1]
  .bss                zero     0x20002228     0x4  rabm.o [1]
  .bss                zero     0x2000222c     0x4  rabm.o [1]
  .bss                zero     0x20002230     0x4  rabm.o [1]
  .bss                zero     0x20002234     0x4  rabm.o [1]
  .bss                zero     0x20002238     0x4  rabm.o [1]
  .bss                zero     0x2000223c     0x4  rabm.o [1]
  .bss                zero     0x20002240     0x4  rabm.o [1]
  .bss                zero     0x20002244     0x4  rabm.o [1]
  .bss                zero     0x20002248     0x4  rabm.o [1]
  .bss                zero     0x2000224c     0x4  rabm.o [1]
  .bss                zero     0x20002250     0x4  rabm.o [1]
  .bss                zero     0x20002254     0x4  rabm.o [1]
  .bss                zero     0x20002258     0x4  rabm.o [1]
  .bss                zero     0x2000225c     0x4  stm32f10x_it.o [1]
  .bss                zero     0x20002260     0x4  stm32f10x_it.o [1]
  .bss                zero     0x20002264     0x4  stm32f10x_it.o [1]
  .bss                zero     0x20002268     0x4  stm32f10x_it.o [1]
  .bss                zero     0x2000226c     0x4  stm32f10x_it.o [1]
  .bss                zero     0x20002270     0x4  stm32f10x_it.o [1]
  .bss                zero     0x20002274     0x4  Time.o [1]
  .bss                zero     0x20002278     0x4  Time.o [1]
  .bss                zero     0x2000227c     0x4  Time.o [1]
  .bss                zero     0x20002280     0x4  util.o [1]
  .bss                zero     0x20002284     0x4  xgetmemchunk.o [3]
  .bss                zero     0x20002288     0x2  AlarmComm.o [1]
  .bss                zero     0x2000228a     0x2  command.o [1]
  .bss                zero     0x2000228c     0x2  command.o [1]
  .bss                zero     0x2000228e     0x2  rabm.o [1]
  .bss                zero     0x20002290     0x2  rabm.o [1]
  .bss                zero     0x20002292     0x2  rabm.o [1]
  .bss                zero     0x20002294     0x2  rabm.o [1]
  .bss                zero     0x20002296     0x2  rabm.o [1]
  .bss                zero     0x20002298     0x2  rabm.o [1]
  .bss                zero     0x2000229a     0x2  rabm.o [1]
  .bss                zero     0x2000229c     0x2  rabm.o [1]
  .bss                zero     0x2000229e     0x2  stm32f10x_it.o [1]
  .bss                zero     0x200022a0     0x1  AlarmComm.o [1]
  .bss                zero     0x200022a1     0x1  command.o [1]
  .bss                zero     0x200022a2     0x1  command.o [1]
  .bss                zero     0x200022a3     0x1  config.o [1]
  .bss                zero     0x200022a4     0x1  debug.o [1]
  .bss                zero     0x200022a5     0x1  ping.o [1]
  .bss                zero     0x200022a6     0x1  ping.o [1]
                             - 0x200022a7   0xe6f


*******************************************************************************
*** INIT TABLE
***

          Address     Size
          -------     ----
Zero (__iar_zero_init3)
    1 destination range, total size 0xe6f:
          0x20001438  0xe6f

Copy/lz77 (__iar_lz77_init_single3)
    1 source range, total size 0x139 (29% of destination):
          0x0800c43c  0x139
    1 destination range, total size 0x431:
          0x20000000  0x431



*******************************************************************************
*** MODULE SUMMARY
***

    Module                  ro code  ro data  rw data
    ------                  -------  -------  -------
H:\WORK_THIS\STM32F10x_StdPeriph_Lib_V3.5.0\Project\5G_TEST_JIG\EWARM\SKT_JIG\Obj: [1]
    AlarmComm.o               1 628      508      679
    Time.o                      308                56
    command.o                 5 600      388    1 090
    config.o                  5 804       35      684
    debug.o                   2 408      331      257
    main.o                      116      116
    md5.o                     2 656       64
    misc.o                      156
    ping.o                       92       20        6
    rabm.o                    8 464      658    1 382
    startup_stm32f10x_hd.o      596
    stm32f10x_adc.o             620
    stm32f10x_can.o           1 388
    stm32f10x_dac.o              24
    stm32f10x_dma.o             412
    stm32f10x_exti.o             56
    stm32f10x_flash.o           446
    stm32f10x_gpio.o            608
    stm32f10x_i2c.o             536
    stm32f10x_it.o              824               118
    stm32f10x_iwdg.o             16
    stm32f10x_rcc.o             916        6       20
    stm32f10x_rtc.o             156
    stm32f10x_spi.o             224
    stm32f10x_tim.o             484
    stm32f10x_usart.o           660
    system_stm32f10x.o          344
    util.o                      366       36        4
    w5500.o                     136
    -------------------------------------------------
    Total:                   36 044    2 162    4 296

command line: [2]
    -------------------------------------------------
    Total:

dl7M_tlf.a: [3]
    atoi.o                        8
    div.o                        14
    errno.o                      12        1        4
    exit.o                        4
    getzone.o                    10
    isxxx.o                      20
    localeconv.o                108       40      136
    localtim.o                  182        2        8
    low_level_init.o              4
    mktime.o                    208
    printf.o                     36
    putchar.o                    12
    setlocale.o                  84       34      116
    sprintf.o                    52
    strcat.o                     28
    tolower.o                    20
    vfprintf.o                   44
    xencoding_sb.o               96
    xfiles.o                              19      144
    xfprout.o                    24
    xgetdst.o                   350
    xgetmemchunk.o               44                 4
    xgettime.o                   66
    xisdst.o                    308        1        4
    xisdstData.o                           1        4
    xlocale_c.o                  32
    xmbcurmax.o                  10
    xmbtowc.o                    32
    xprintffull.o             4 490
    xprout.o                     22
    xsprout.o                    10
    xstol.o                     136
    xstoul.o                    408
    xsyslock_nop.o                4
    xtls.o                        2
    xttotm.o                    392       13       44
    xwctomb.o                    26
    xxmemxfree.o                128
    xxmemxmalloc.o              176                 8
    -------------------------------------------------
    Total:                    7 602      111      472

m7M_tl.a: [4]
    DblAdd.o                    232
    DblCmpGe.o                   46
    DblCmpLe.o                   46
    DblDiv.o                    598
    DblMul.o                    418
    DblSub.o                    384
    DblToFlt.o                  144
    DblToI32.o                   88
    FltAdd.o                    132
    FltCmpEq.o                   28
    FltCmpGe.o                   36
    FltCmpLe.o                   36
    FltDiv.o                    252
    FltMul.o                    216
    FltSub.o                    230
    FltToDbl.o                   78
    FltToS32.o                   68
    I32ToDbl.o                   48
    I32ToFlt.o                   50
    xdnorm.o                     68
    xdscale.o                   268
    -------------------------------------------------
    Total:                    3 466

rt7M_tl.a: [5]
    ABImemcpy_unaligned.o       118
    ABImemset.o                 102
    I64DivMod.o                 238
    I64DivZer.o                   2
    cexit.o                      10
    cmain.o                      26
    cstartup_M.o                 12
    data_init.o                  40
    lz77_init_single.o          120
    memchr.o                     88
    memcmp_unaligned.o           98
    strchr.o                     22
    strcpy_unaligned.o           68
    strlen.o                     54
    zero_init3.o                 64
    -------------------------------------------------
    Total:                    1 062

shb_l.a: [6]
    exit.o                       20
    -------------------------------------------------
    Total:                       20

    Gaps                         50
    Linker created                        32    4 096
-----------------------------------------------------
    Grand Total:             48 244    2 305    8 864


*******************************************************************************
*** ENTRY LIST
***

Entry                      Address   Size  Type      Object
-----                      -------   ----  ----      ------
.iar.init_table$$Base   0x0800bcdc          --   Gb  - Linker created -
.iar.init_table$$Limit  0x0800bcfc          --   Gb  - Linker created -
?main                   0x0800bda9         Code  Gb  cmain.o [5]
A1_flag                 0x20002290    0x2  Data  Gb  rabm.o [1]
ACA_Read                0x0800089d   0x5e  Code  Gb  rabm.o [1]
ACT_Read                0x080008fd   0x50  Code  Gb  rabm.o [1]
ACV_Read                0x08000795  0x106  Code  Gb  rabm.o [1]
ACV_value               0x20000144    0x4  Data  Gb  rabm.o [1]
ADCPrescTable           0x200002a8    0x4  Data  Lc  stm32f10x_rcc.o [1]
ADC_Cmd                 0x080085ab   0x1a  Code  Gb  stm32f10x_adc.o [1]
ADC_Configuration_scanmode
                        0x08002d11  0x108  Code  Gb  config.o [1]
ADC_DMACmd              0x080085c5   0x1a  Code  Gb  stm32f10x_adc.o [1]
ADC_DeInit              0x080084fd   0x5e  Code  Gb  stm32f10x_adc.o [1]
ADC_GetCalibrationStatus
                        0x0800860b   0x18  Code  Gb  stm32f10x_adc.o [1]
ADC_GetResetCalibrationStatus
                        0x080085e9   0x18  Code  Gb  stm32f10x_adc.o [1]
ADC_Init                0x0800855b   0x50  Code  Gb  stm32f10x_adc.o [1]
ADC_InitStructure       0x200020cc   0x14  Data  Gb  config.o [1]
ADC_RegularChannelConfig
                        0x0800863d   0xee  Code  Gb  stm32f10x_adc.o [1]
ADC_ResetCalibration    0x080085df    0xa  Code  Gb  stm32f10x_adc.o [1]
ADC_SoftwareStartConvCmd
                        0x08008623   0x1a  Code  Gb  stm32f10x_adc.o [1]
ADC_StartCalibration    0x08008601    0xa  Code  Gb  stm32f10x_adc.o [1]
ADC_TempSensorVrefintCmd
                        0x0800872b   0x22  Code  Gb  stm32f10x_adc.o [1]
AFIO_Configuration      0x08003071   0x22  Code  Gb  config.o [1]
APBAHBPrescTable        0x20000298   0x10  Data  Lc  stm32f10x_rcc.o [1]
BATA_Calibration        0x08000c91   0x22  Code  Gb  rabm.o [1]
BATA_Read               0x08000b01  0x190  Code  Gb  rabm.o [1]
BATA_Read::index        0x20002254    0x4  Data  Lc  rabm.o [1]
BATA_Read::no           0x20002258    0x4  Data  Lc  rabm.o [1]
BATT_Read               0x08000cb3  0x128  Code  Gb  rabm.o [1]
BCV_Read                0x0800095d   0x74  Code  Gb  rabm.o [1]
BusFault_Handler        0x0800b4af    0x2  Code  Gb  stm32f10x_it.o [1]
CAN_ClearITPendingBit   0x08006ad9   0x94  Code  Gb  stm32f10x_can.o [1]
CAN_Config              0x08002775  0x186  Code  Gb  config.o [1]
CAN_DeInit              0x08006625   0x38  Code  Gb  stm32f10x_can.o [1]
CAN_FilterInit          0x08006775  0x112  Code  Gb  stm32f10x_can.o [1]
CAN_FilterInitStructure
                        0x20002154   0x10  Data  Gb  config.o [1]
CAN_ITConfig            0x08006ac3   0x16  Code  Gb  stm32f10x_can.o [1]
CAN_Init                0x0800665d  0x118  Code  Gb  stm32f10x_can.o [1]
CAN_InitStructure       0x20002164    0xc  Data  Gb  config.o [1]
CAN_LGT_TxMessage       0x08002a9b   0x30  Code  Gb  config.o [1]
CAN_Receive             0x080069db   0xe8  Code  Gb  stm32f10x_can.o [1]
CAN_StructInit          0x08006887   0x2e  Code  Gb  stm32f10x_can.o [1]
CAN_Transmit            0x080068b5  0x126  Code  Gb  stm32f10x_can.o [1]
CAN_reset               0x08002697   0xde  Code  Gb  config.o [1]
CS5463_Read             0x08003c4d   0x24  Code  Gb  config.o [1]
CS5463_Read_            0x08003b89   0x5c  Code  Gb  config.o [1]
CS5463_Write_           0x08003bed   0x60  Code  Gb  config.o [1]
CS5463_page             0x200021e8    0x4  Data  Gb  config.o [1]
CSTACK$$Base            0x20000438          --   Gb  - Linker created -
CSTACK$$Limit           0x20000c38          --   Gb  - Linker created -
DAC_Configuration       0x08003131   0x3a  Code  Gb  config.o [1]
DAC_DeInit              0x0800894d   0x18  Code  Gb  stm32f10x_dac.o [1]
DAC_I2C_write           0x0800349d  0x100  Code  Gb  config.o [1]
DAC_I2C_write::timeout  0x200021d8    0x4  Data  Lc  config.o [1]
DAC_WriteCh             0x080030bd   0x70  Code  Gb  config.o [1]
DCV_Read                0x08000a4d    0xe  Code  Gb  rabm.o [1]
DCV_value               0x200021f4    0x4  Data  Gb  rabm.o [1]
DMA_Cmd                 0x080084a9   0x1c  Code  Gb  stm32f10x_dma.o [1]
DMA_Configuration       0x08002c01   0x82  Code  Gb  config.o [1]
DMA_DeInit              0x08008361  0x10a  Code  Gb  stm32f10x_dma.o [1]
DMA_Init                0x0800846b   0x3e  Code  Gb  stm32f10x_dma.o [1]
DMA_InitStructure       0x20001f08   0x2c  Data  Gb  config.o [1]
DebugMon_Handler        0x0800b4b3    0x2  Code  Gb  stm32f10x_it.o [1]
Delay                   0x080022cf    0xa  Code  Gb  util.o [1]
Delay_ms                0x080023a7   0x2c  Code  Gb  util.o [1]
Delay_us                0x08002375   0x32  Code  Gb  util.o [1]
EEPROM_SendAddr         0x080035a5   0x72  Code  Gb  config.o [1]
EEPROM_SendData         0x08003617   0x3e  Code  Gb  config.o [1]
EXTI1_IRQHandler        0x0800b6e7   0x1a  Code  Gb  stm32f10x_it.o [1]
EXTI_ClearITPendingBit  0x0800b809    0x6  Code  Gb  stm32f10x_exti.o [1]
EXTI_GetITStatus        0x0800b7e1   0x28  Code  Gb  stm32f10x_exti.o [1]
Enable_DHCP             0x200022a0    0x1  Data  Gb  AlarmComm.o [1]
FLASH_ErasePage         0x080089c5   0x5e  Code  Gb  stm32f10x_flash.o [1]
FLASH_GetBank1Status    0x08008aa3   0x34  Code  Gb  stm32f10x_flash.o [1]
FLASH_Lock              0x080089b3   0x12  Code  Gb  stm32f10x_flash.o [1]
FLASH_PrefetchBufferCmd
                        0x0800897d   0x20  Code  Gb  stm32f10x_flash.o [1]
FLASH_ProgramWord       0x08008a23   0x80  Code  Gb  stm32f10x_flash.o [1]
FLASH_SetLatency        0x08008965   0x18  Code  Gb  stm32f10x_flash.o [1]
FLASH_Unlock            0x0800899d   0x16  Code  Gb  stm32f10x_flash.o [1]
FLASH_WaitForLastOperation
                        0x08008af5   0x2e  Code  Gb  stm32f10x_flash.o [1]
GPIOA_Configuration     0x08002eb9   0xb2  Code  Gb  config.o [1]
GPIOB_Configuration     0x08002f6b   0x5a  Code  Gb  config.o [1]
GPIOC_Configuration     0x08002ff9   0x78  Code  Gb  config.o [1]
GPIOD_Configuration     0x08002fc5   0x30  Code  Gb  config.o [1]
GPIO_Configuration      0x0800309d   0x1c  Code  Gb  config.o [1]
GPIO_DeInit             0x080023dd   0xb4  Code  Gb  stm32f10x_gpio.o [1]
GPIO_Init               0x08002491  0x136  Code  Gb  stm32f10x_gpio.o [1]
GPIO_InitStructure      0x200021d0    0x4  Data  Gb  config.o [1]
GPIO_ReadInputDataBit   0x080025c7   0x1a  Code  Gb  stm32f10x_gpio.o [1]
GPIO_ReadOutputDataBit  0x080025e1   0x1a  Code  Gb  stm32f10x_gpio.o [1]
GPIO_ResetBits          0x08002601    0x6  Code  Gb  stm32f10x_gpio.o [1]
GPIO_SetBits            0x080025fb    0x6  Code  Gb  stm32f10x_gpio.o [1]
GPIO_Write              0x08002619    0x6  Code  Gb  stm32f10x_gpio.o [1]
GPIO_WriteBit           0x08002607   0x12  Code  Gb  stm32f10x_gpio.o [1]
HEAP$$Base              0x20000c38          --   Gb  - Linker created -
HEAP$$Limit             0x20001438          --   Gb  - Linker created -
HSEStartUpStatus        0x200022a3    0x1  Data  Gb  config.o [1]
HW_VERSION              0x200020f4   0x14  Data  Gb  rabm.o [1]
HardFault_Handler       0x0800b4ab    0x2  Code  Gb  stm32f10x_it.o [1]
I2C1_ER_IRQHandler      0x0800b53f    0x2  Code  Gb  stm32f10x_it.o [1]
I2C1_EV_IRQHandler      0x0800b539    0x2  Code  Gb  stm32f10x_it.o [1]
I2C2_ER_IRQHandler      0x0800b53d    0x2  Code  Gb  stm32f10x_it.o [1]
I2C2_EV_IRQHandler      0x0800b53b    0x2  Code  Gb  stm32f10x_it.o [1]
I2C_AcknowledgeConfig   0x08008f45   0x1c  Code  Gb  stm32f10x_i2c.o [1]
I2C_CheckEvent          0x08008f99   0x38  Code  Gb  stm32f10x_i2c.o [1]
I2C_Cmd                 0x08008ef1   0x1c  Code  Gb  stm32f10x_i2c.o [1]
I2C_Configuration       0x08003403   0x86  Code  Gb  config.o [1]
I2C_DeInit              0x08008db9   0x36  Code  Gb  stm32f10x_i2c.o [1]
I2C_GenerateSTART       0x08008f0d   0x1c  Code  Gb  stm32f10x_i2c.o [1]
I2C_GenerateSTOP        0x08008f29   0x1c  Code  Gb  stm32f10x_i2c.o [1]
I2C_ITConfig            0x08008f61   0x16  Code  Gb  stm32f10x_i2c.o [1]
I2C_Init                0x08008def   0xf2  Code  Gb  stm32f10x_i2c.o [1]
I2C_ReceiveData         0x08008f7d    0x6  Code  Gb  stm32f10x_i2c.o [1]
I2C_Send7bitAddress     0x08008f83   0x16  Code  Gb  stm32f10x_i2c.o [1]
I2C_SendData            0x08008f77    0x6  Code  Gb  stm32f10x_i2c.o [1]
IINCHIP_CSoff           0x0800b1c1    0xa  Code  Gb  w5500.o [1]
IINCHIP_CSon            0x0800b1cb    0xa  Code  Gb  w5500.o [1]
IINCHIP_READ            0x0800b1e5   0x38  Code  Gb  w5500.o [1]
IINCHIP_SpiSendData     0x0800b1d5   0x10  Code  Gb  w5500.o [1]
IWDG_ReloadCounter      0x08003e1d    0xa  Code  Gb  stm32f10x_iwdg.o [1]
Init_RxMes              0x080028fb   0x5a  Code  Gb  config.o [1]
Init_TxMessage          0x080029f1   0xaa  Code  Gb  config.o [1]
LDA_Read                0x08000a5b   0x9e  Code  Gb  rabm.o [1]
LoadInt                 0x080073df   0x6e  Code  Lc  xprintffull.o [3]
MemManage_Handler       0x0800b4ad    0x2  Code  Gb  stm32f10x_it.o [1]
NMI_Handler             0x0800b4a9    0x2  Code  Gb  stm32f10x_it.o [1]
NVIC_Configuration      0x08003359   0xaa  Code  Gb  config.o [1]
NVIC_Init               0x080082cf   0x68  Code  Gb  misc.o [1]
NVIC_PriorityGroupConfig
                        0x080082c5    0xa  Code  Gb  misc.o [1]
NVIC_SetVectorTable     0x08008337    0xc  Code  Gb  misc.o [1]
NVIC_SystemReset        0x08000131   0x22  Code  Lc  rabm.o [1]
PendSV_Handler          0x0800b4b7    0x2  Code  Gb  stm32f10x_it.o [1]
RCC_ADCCLKConfig        0x080080a9   0x14  Code  Gb  stm32f10x_rcc.o [1]
RCC_AHBPeriphClockCmd   0x08008199   0x1e  Code  Gb  stm32f10x_rcc.o [1]
RCC_APB1PeriphClockCmd  0x080081d5   0x1e  Code  Gb  stm32f10x_rcc.o [1]
RCC_APB1PeriphResetCmd  0x08008211   0x1e  Code  Gb  stm32f10x_rcc.o [1]
RCC_APB2PeriphClockCmd  0x080081b7   0x1e  Code  Gb  stm32f10x_rcc.o [1]
RCC_APB2PeriphResetCmd  0x080081f3   0x1e  Code  Gb  stm32f10x_rcc.o [1]
RCC_Configuration       0x08003179   0x8a  Code  Gb  config.o [1]
RCC_DeInit              0x08007f31   0x60  Code  Gb  stm32f10x_rcc.o [1]
RCC_GetClocksFreq       0x080080bd   0xdc  Code  Gb  stm32f10x_rcc.o [1]
RCC_GetFlagStatus       0x0800822f   0x52  Code  Gb  stm32f10x_rcc.o [1]
RCC_GetSYSCLKSource     0x08008061    0xa  Code  Gb  stm32f10x_rcc.o [1]
RCC_HCLKConfig          0x0800806b   0x14  Code  Gb  stm32f10x_rcc.o [1]
RCC_HSEConfig           0x08007f91   0x56  Code  Gb  stm32f10x_rcc.o [1]
RCC_PCLK1Config         0x0800807f   0x14  Code  Gb  stm32f10x_rcc.o [1]
RCC_PCLK2Config         0x08008093   0x16  Code  Gb  stm32f10x_rcc.o [1]
RCC_PLLCmd              0x08008043    0xa  Code  Gb  stm32f10x_rcc.o [1]
RCC_PLLConfig           0x08008027   0x1c  Code  Gb  stm32f10x_rcc.o [1]
RCC_SYSCLKConfig        0x0800804d   0x14  Code  Gb  stm32f10x_rcc.o [1]
RCC_WaitForHSEStartUp   0x08007fe7   0x40  Code  Gb  stm32f10x_rcc.o [1]
RET_Read                0x08000de5  0x128  Code  Gb  rabm.o [1]
RTC_ClearITPendingBit   0x080040f9    0xc  Code  Gb  stm32f10x_rtc.o [1]
RTC_EnterConfigMode     0x08004079    0xe  Code  Gb  stm32f10x_rtc.o [1]
RTC_ExitConfigMode      0x08004087   0x10  Code  Gb  stm32f10x_rtc.o [1]
RTC_GetCounter          0x08004097   0x16  Code  Gb  stm32f10x_rtc.o [1]
RTC_GetITStatus         0x080040cf   0x2a  Code  Gb  stm32f10x_rtc.o [1]
RTC_IRQHandler          0x0800b4bb   0x1e  Code  Gb  stm32f10x_it.o [1]
RTC_SetCounter          0x080040ad   0x18  Code  Gb  stm32f10x_rtc.o [1]
RTC_WaitForLastTask     0x080040c5    0xa  Code  Gb  stm32f10x_rtc.o [1]
Region$$Table$$Base     0x0800bcdc          --   Gb  - Linker created -
Region$$Table$$Limit    0x0800bcfc          --   Gb  - Linker created -
RxBuffer1               0x20001438  0x200  Data  Gb  config.o [1]
RxMessage               0x20002130   0x14  Data  Gb  stm32f10x_it.o [1]
SERIAL_NO               0x20002108   0x14  Data  Gb  rabm.o [1]
SPI_Cmd                 0x08009075   0x1c  Code  Gb  stm32f10x_spi.o [1]
SPI_Configuration       0x08003ae1   0x62  Code  Gb  config.o [1]
SPI_I2S_DeInit          0x08008fd1   0x58  Code  Gb  stm32f10x_spi.o [1]
SPI_I2S_GetFlagStatus   0x08009099   0x18  Code  Gb  stm32f10x_spi.o [1]
SPI_I2S_ReceiveData     0x08009095    0x4  Code  Gb  stm32f10x_spi.o [1]
SPI_I2S_SendData        0x08009091    0x4  Code  Gb  stm32f10x_spi.o [1]
SPI_Init                0x08009029   0x40  Code  Gb  stm32f10x_spi.o [1]
SPI_SendByte            0x08003b4d   0x36  Code  Gb  config.o [1]
SVC_Handler             0x0800b4b5    0x2  Code  Gb  stm32f10x_it.o [1]
SerialPutChar           0x080032c1   0x22  Code  Gb  config.o [1]
SetSysClock             0x0800b86d    0x8  Code  Lc  system_stm32f10x.o [1]
SetSysClockTo72         0x0800b875   0xe0  Code  Lc  system_stm32f10x.o [1]
SysTick_Handler         0x0800b4b9    0x2  Code  Gb  stm32f10x_it.o [1]
SystemInit              0x0800b819   0x54  Code  Gb  system_stm32f10x.o [1]
TIM4_IRQHandler         0x0800b541  0x1a6  Code  Gb  stm32f10x_it.o [1]
TIM4_IRQHandler::i      0x20002270    0x4  Data  Lc  stm32f10x_it.o [1]
TIM4_IRQHandler::tmcnt  0x2000226c    0x4  Data  Lc  stm32f10x_it.o [1]
TIME                    0x20002274    0x4  Data  Gb  Time.o [1]
TIM_ClearITPendingBit   0x0800891b    0x8  Code  Gb  stm32f10x_tim.o [1]
TIM_Cmd                 0x08008897   0x1c  Code  Gb  stm32f10x_tim.o [1]
TIM_GetCapture1         0x080088e5    0x4  Code  Gb  stm32f10x_tim.o [1]
TIM_GetITStatus         0x080088e9   0x32  Code  Gb  stm32f10x_tim.o [1]
TIM_ITConfig            0x080088b3   0x16  Code  Gb  stm32f10x_tim.o [1]
TIM_OC1Init             0x080087fd   0x9a  Code  Gb  stm32f10x_tim.o [1]
TIM_OC1PreloadConfig    0x080088cf   0x12  Code  Gb  stm32f10x_tim.o [1]
TIM_PrescalerConfig     0x080088c9    0x6  Code  Gb  stm32f10x_tim.o [1]
TIM_SetCompare1         0x080088e1    0x4  Code  Gb  stm32f10x_tim.o [1]
TIM_TimeBaseInit        0x08008769   0x94  Code  Gb  stm32f10x_tim.o [1]
Thr                     0x20000250   0x48  Data  Gb  rabm.o [1]
TimeDisplay             0x200021cc    0x4  Data  Gb  config.o [1]
Timer4_Init             0x08002e19   0xa0  Code  Gb  config.o [1]
TxMessage               0x200020e0   0x14  Data  Gb  config.o [1]
UART_Configuration      0x080032b9    0x8  Code  Gb  config.o [1]
USART1_IRQHandler       0x0800b4d9   0x5e  Code  Gb  stm32f10x_it.o [1]
USART1_Init             0x0800320d   0xac  Code  Gb  config.o [1]
USART2_IRQHandler       0x0800b537    0x2  Code  Gb  stm32f10x_it.o [1]
USART_Cmd               0x08008ca9   0x1c  Code  Gb  stm32f10x_usart.o [1]
USART_DeInit            0x08008b25   0x90  Code  Gb  stm32f10x_usart.o [1]
USART_GetFlagStatus     0x08008d2b   0x1e  Code  Gb  stm32f10x_usart.o [1]
USART_GetITStatus       0x08008d49   0x70  Code  Gb  stm32f10x_usart.o [1]
USART_ITConfig          0x08008cc5   0x56  Code  Gb  stm32f10x_usart.o [1]
USART_Init              0x08008bb5   0xde  Code  Gb  stm32f10x_usart.o [1]
USART_ReceiveData       0x08008d23    0x8  Code  Gb  stm32f10x_usart.o [1]
USART_Rx                0x080032e9   0x4a  Code  Gb  config.o [1]
USART_SendData          0x08008d1b    0x8  Code  Gb  stm32f10x_usart.o [1]
USB_LP_CAN1_RX0_IRQHandler
                        0x0800b701   0x84  Code  Gb  stm32f10x_it.o [1]
UsageFault_Handler      0x0800b4b1    0x2  Code  Gb  stm32f10x_it.o [1]
Vref                    0x20000138    0x4  Data  Gb  rabm.o [1]
WIZ_CS                  0x0800b199   0x28  Code  Gb  w5500.o [1]
_EncodingSb_Mbtowc      0x0800b2b7   0x30  Code  Gb  xencoding_sb.o [3]
_EncodingSb_Mbtowc::initial
                        0x0800b2f4    0x8  Data  Lc  xencoding_sb.o [3]
_EncodingSb_Wctomb      0x0800b29d   0x1a  Code  Gb  xencoding_sb.o [3]
_EncodingSb_Wctomb::initial
                        0x0800b2ec    0x8  Data  Lc  xencoding_sb.o [3]
_FProut                 0x0800bead   0x18  Code  Gb  xfprout.o [3]
_GenldFull              0x08007c65  0x254  Code  Lc  xprintffull.o [3]
_Getdst                 0x0800b369  0x132  Code  Gb  xgetdst.o [3]
_Gettime                0x080091e3   0x42  Code  Gb  xgettime.o [3]
_IsdstStr               0x200002f8    0x4  Data  Gb  setlocale.o [3]
_Isdst_olddst           0x20000420    0x4  Data  Lc  xisdst.o [3]
_Isdst_rules            0x20000424    0x4  Data  Gb  xisdstData.o [3]
_LdtobFull              0x08007865  0x3fa  Code  Lc  xprintffull.o [3]
_LitobFull              0x08007759  0x10a  Code  Lc  xprintffull.o [3]
_LocaleC_isspace        0x0800b329   0x14  Code  Gb  xlocale_c.o [3]
_LocaleC_tolower        0x0800b49b    0xc  Code  Gb  xlocale_c.o [3]
_LocaleEncoding         0x080091bd    0xe  Code  Gb  setlocale.o [3]
_LocaleForCat           0x080091ab   0x12  Code  Gb  setlocale.o [3]
_LocaleReturnString     0x20000318   0x50  Data  Lc  setlocale.o [3]
_Locale_Profile         0x200002fc   0x1c  Data  Gb  setlocale.o [3]
_Locale_aeabi_lconv     0x200003e8   0x38  Data  Gb  localeconv.o [3]
_Locale_lconv           0x20000398   0x50  Data  Gb  localeconv.o [3]
_Localtime_oldzone      0x200002ec    0x4  Data  Lc  localtim.o [3]
_Localtime_tzoff        0x200002f0    0x4  Data  Lc  localtim.o [3]
_Mbtowc                 0x0800ac5b   0x20  Code  Gb  xmbtowc.o [3]
_PrintfFull             0x08006d79  0x650  Code  Gb  xprintffull.o [3]
_Prout                  0x0800bec5   0x16  Code  Gb  xprout.o [3]
_PutcharsFull           0x08007eb9   0x2e  Code  Lc  xprintffull.o [3]
_PutstrFull             0x0800744d  0x306  Code  Lc  xprintffull.o [3]
_SProut                 0x080023d3    0xa  Code  Gb  xsprout.o [3]
_Ttotm_ts               0x20000368   0x2c  Data  Lc  xttotm.o [3]
_Tzoff                  0x08004115   0x94  Code  Gb  localtim.o [3]
_TzoneStr               0x200002f4    0x4  Data  Gb  setlocale.o [3]
_Wctomb                 0x0800ada9   0x1a  Code  Gb  xwctomb.o [3]
__aeabi_cdcmple         0x0800ae89         Code  Gb  DblCmpLe.o [4]
__aeabi_cdrcmple        0x0800aa75         Code  Gb  DblCmpGe.o [4]
__aeabi_cfcmpeq         0x080049a9         Code  Gb  FltCmpEq.o [4]
__aeabi_cfcmple         0x080043cd         Code  Gb  FltCmpLe.o [4]
__aeabi_cfrcmple        0x080049c5         Code  Gb  FltCmpGe.o [4]
__aeabi_d2f             0x08004241         Code  Gb  DblToFlt.o [4]
__aeabi_d2iz            0x08004021         Code  Gb  DblToI32.o [4]
__aeabi_d2uiz           0x0800404d         Code  Gb  DblToI32.o [4]
__aeabi_dadd            0x080043f1         Code  Gb  DblAdd.o [4]
__aeabi_ddiv            0x080044d9         Code  Gb  DblDiv.o [4]
__aeabi_dmul            0x08003e7d         Code  Gb  DblMul.o [4]
__aeabi_dsub            0x08009435         Code  Gb  DblSub.o [4]
__aeabi_errno_addr      0x0800b059    0x6  Code  Gb  errno.o [3]
__aeabi_f2d             0x08003e2d         Code  Gb  FltToDbl.o [4]
__aeabi_f2iz            0x080041cd         Code  Gb  FltToS32.o [4]
__aeabi_fadd            0x08004925         Code  Gb  FltAdd.o [4]
__aeabi_fdiv            0x080042d1         Code  Gb  FltDiv.o [4]
__aeabi_fmul            0x08004765         Code  Gb  FltMul.o [4]
__aeabi_fsub            0x0800483d         Code  Gb  FltSub.o [4]
__aeabi_i2d             0x08004211         Code  Gb  I32ToDbl.o [4]
__aeabi_i2f             0x08004731         Code  Gb  I32ToFlt.o [4]
__aeabi_ldiv0           0x0800ac59         Code  Gb  I64DivZer.o [5]
__aeabi_memset          0x0800b221         Code  Gb  ABImemset.o [5]
__aeabi_ui2d            0x08004225         Code  Gb  I32ToDbl.o [4]
__aeabi_ui2f            0x08004745         Code  Gb  I32ToFlt.o [4]
__aeabi_uldivmod        0x08006c89         Code  Gb  I64DivMod.o [5]
__cmain                 0x0800bda9         Code  Gb  cmain.o [5]
__data_Aldata           0x200021a0    0x8  Data  Gb  xxmemxmalloc.o [3]
__data_GetMemChunk      0x0800b2fd   0x2c  Code  Gb  xgetmemchunk.o [3]
__data_GetMemChunk::start
                        0x20002284    0x4  Data  Lc  xgetmemchunk.o [3]
__exit                  0x0800bdd9   0x14  Code  Gb  exit.o [6]
__getzone               0x080091d9    0x6  Code  Gb  getzone.o [3]
__iar_Daysto32          0x080092ad   0x3a  Code  Gb  xttotm.o [3]
__iar_Dnorm             0x0800ae45   0x44  Code  Gb  xdnorm.o [4]
__iar_Dscale            0x0800aeb9  0x10c  Code  Gb  xdscale.o [4]
__iar_Errno             0x20000394    0x4  Data  Gb  errno.o [3]
__iar_Isdst32           0x0800b065  0x134  Code  Gb  xisdst.o [3]
__iar_Locale_lconv_init
                        0x0800afc5   0x3a  Code  Gb  localeconv.o [3]
__iar_Lockfilelock      0x0800b03f    0x2  Code  Gb  xsyslock_nop.o [3]
__iar_Mbcurmax          0x0800aced    0xa  Code  Gb  xmbcurmax.o [3]
__iar_Memchr            0x0800ac95         Code  Gb  memchr.o [5]
__iar_Memset            0x0800b221         Code  Gb  ABImemset.o [5]
__iar_Memset_word       0x0800b229         Code  Gb  ABImemset.o [5]
__iar_Stdout            0x200002ac   0x40  Data  Gb  xfiles.o [3]
__iar_Stolx             0x08009225   0x88  Code  Gb  xstol.o [3]
__iar_Stoul             0x0800ac05    0x4  Code  Gb  xstoul.o [3]
__iar_Stoulx            0x0800aac1  0x13e  Code  Gb  xstoul.o [3]
__iar_Strchr            0x0800ac7d         Code  Gb  strchr.o [5]
__iar_Ttotm32           0x080092e7  0x112  Code  Gb  xttotm.o [3]
__iar_TzoneStr_init     0x08009185   0x26  Code  Gb  setlocale.o [3]
__iar_Unlockfilelock    0x0800b041    0x2  Code  Gb  xsyslock_nop.o [3]
__iar_d2uiz             0x08004059         Code  Gb  DblToI32.o [4]
__iar_dadd              0x08004405         Code  Gb  DblAdd.o [4]
__iar_data_init3        0x0800bc25   0x28  Code  Gb  data_init.o [5]
__iar_dlib_perthread_access
                        0x08009181    0x2  Code  Gb  xtls.o [3]
__iar_dsub              0x08009449         Code  Gb  DblSub.o [4]
__iar_dsubStart         0x0800945b         Code  Gb  DblSub.o [4]
__iar_fadd              0x08004935         Code  Gb  FltAdd.o [4]
__iar_fsub              0x0800484d         Code  Gb  FltSub.o [4]
__iar_fsubStart         0x0800485d         Code  Gb  FltSub.o [4]
__iar_lz77_init_single3
                        0x0800b971   0x78  Code  Gb  lz77_init_single.o [5]
__iar_program_start     0x0800c2dd         Code  Gb  cstartup_M.o [5]
__iar_ui2d              0x08004229         Code  Gb  I32ToDbl.o [4]
__iar_ui2f              0x08004749         Code  Gb  I32ToFlt.o [4]
__iar_unaligned___aeabi_memcpy
                        0x08006bc5         Code  Gb  ABImemcpy_unaligned.o [5]
__iar_unaligned___aeabi_memcpy4
                        0x08006be5         Code  Gb  ABImemcpy_unaligned.o [5]
__iar_unaligned___aeabi_memcpy8
                        0x08006be5         Code  Gb  ABImemcpy_unaligned.o [5]
__iar_unaligned_memcmp  0x0800a9d9         Code  Gb  memcmp_unaligned.o [5]
__iar_unaligned_strcpy  0x08006c3d         Code  Gb  strcpy_unaligned.o [5]
__iar_zero_init3        0x0800baed   0x40  Code  Gb  zero_init3.o [5]
__localtime32           0x080041b1   0x1a  Code  Gb  localtim.o [3]
__low_level_init        0x0800bdc3    0x4  Code  Gb  low_level_init.o [3]
__mktime32              0x080090b1   0xd0  Code  Gb  mktime.o [3]
__vector_table          0x08000000         Data  Gb  startup_stm32f10x_hd.o [1]
_call_main              0x0800bdb5         Code  Gb  cmain.o [5]
_exit                   0x0800bdcd         Code  Gb  cexit.o [5]
_main                   0x0800bdbf         Code  Gb  cmain.o [5]
acv_flag                0x20002248    0x4  Data  Gb  rabm.o [1]
ad_offset               0x20001fb0   0x24  Data  Gb  rabm.o [1]
ad_read_offset          0x080014ff   0x22  Code  Gb  rabm.o [1]
ad_save_offset          0x080014ed   0x12  Code  Gb  rabm.o [1]
ad_set                  0x20002070   0x18  Data  Gb  command.o [1]
ad_temp                 0x20002034   0x20  Data  Gb  stm32f10x_it.o [1]
adc_dr                  0x200020b8   0x14  Data  Gb  config.o [1]
adc_ready               0x20002292    0x2  Data  Gb  rabm.o [1]
adv                     0x20002014   0x20  Data  Gb  stm32f10x_it.o [1]
alarm_set               0x20001f60   0x28  Data  Gb  command.o [1]
alarm_set_default       0x08001715   0xe4  Code  Gb  rabm.o [1]
alarm_sts               0x20001b04   0xa0  Data  Gb  rabm.o [1]
alarm_timer_init        0x080011c9   0x3c  Code  Gb  rabm.o [1]
atimer                  0x20001d60   0x60  Data  Gb  rabm.o [1]
atoi                    0x08006c81    0x8  Code  Gb  atoi.o [3]
auto_test               0x20002088   0x18  Data  Gb  rabm.o [1]
auto_test_time          0x20002190    0x8  Data  Gb  rabm.o [1]
avg_ref                 0x08001bb5   0xca  Code  Gb  rabm.o [1]
batA                    0x2000211c   0x14  Data  Gb  rabm.o [1]
batS                    0x20002240    0x4  Data  Gb  rabm.o [1]
bat_can_flag            0x2000229e    0x2  Data  Gb  stm32f10x_it.o [1]
bat_offset              0x20002250    0x4  Data  Gb  rabm.o [1]
bat_set_auto_test_day   0x08001edd  0x1a6  Code  Gb  rabm.o [1]
bat_test_save_mode      0x08001de1   0x14  Code  Gb  rabm.o [1]
bat_test_save_period    0x08001e0b   0x10  Code  Gb  rabm.o [1]
bat_test_save_time      0x08001e1b   0x54  Code  Gb  rabm.o [1]
bat_test_save_v         0x08001df5   0x16  Code  Gb  rabm.o [1]
bat_test_set_mode       0x08001e75   0x26  Code  Gb  rabm.o [1]
bat_test_set_period     0x08002085   0x2e  Code  Gb  rabm.o [1]
bat_test_set_v          0x08001e9d   0x40  Code  Gb  rabm.o [1]
bat_test_start          0x080020bd   0x34  Code  Gb  rabm.o [1]
bms                     0x20000110   0x28  Data  Gb  rabm.o [1]
bms_send_resp           0x08002acb  0x136  Code  Gb  config.o [1]
bms_type                0x2000042a    0x2  Data  Gb  config.o [1]
can_tx_count            0x2000228e    0x2  Data  Gb  rabm.o [1]
check_bat_sts           0x080015f1  0x110  Code  Gb  rabm.o [1]
check_can_type          0x0800263d   0x5a  Code  Gb  config.o [1]
check_can_type::type    0x2000042c    0x2  Data  Lc  config.o [1]
check_port_status       0x080010e1   0xe0  Code  Gb  rabm.o [1]
check_port_status::pstatus
                        0x2000229c    0x2  Data  Lc  rabm.o [1]
check_status_flag       0x20002296    0x2  Data  Gb  rabm.o [1]
clear_alarms            0x08001541   0x9c  Code  Gb  rabm.o [1]
cmd_ac_test             0x080097d7   0x7e  Code  Gb  debug.o [1]
cmd_adc_test            0x080096ef   0x5a  Code  Gb  debug.o [1]
cmd_boot0_test          0x08009891   0x4a  Code  Gb  debug.o [1]
cmd_button_test         0x080098db   0x76  Code  Gb  debug.o [1]
cmd_chip_id             0x08009657   0x42  Code  Gb  debug.o [1]
cmd_dac_test            0x08009749   0x8e  Code  Gb  debug.o [1]
cmd_debug_mode          0x08009bf5   0x50  Code  Gb  debug.o [1]
cmd_eprom_erase         0x08009ac9   0x48  Code  Gb  debug.o [1]
cmd_eprom_test          0x08009a7d   0x4c  Code  Gb  debug.o [1]
cmd_get_ip              0x08009699   0x56  Code  Gb  debug.o [1]
cmd_info_set            0x08009c8d   0x4c  Code  Gb  debug.o [1]
cmd_led_test            0x08009855   0x3c  Code  Gb  debug.o [1]
cmd_out_sel             0x08009cd9   0x2a  Code  Gb  debug.o [1]
cmd_output_test         0x08009951   0x98  Code  Gb  debug.o [1]
cmd_relay_test          0x080099e9   0x94  Code  Gb  debug.o [1]
cmd_self_test           0x0800962f   0x28  Code  Gb  debug.o [1]
cmd_set_hw_version      0x08009b3d   0x42  Code  Gb  debug.o [1]
cmd_set_mac             0x08009b7f   0x3a  Code  Gb  debug.o [1]
cmd_set_sn              0x08009bb9   0x3c  Code  Gb  debug.o [1]
cmd_system_shutdown     0x08009b11   0x2c  Code  Gb  debug.o [1]
cmd_test_mode           0x08009c45   0x48  Code  Gb  debug.o [1]
const_hw_desc           0x0800ba5c   0x50  Data  Gb  AlarmComm.o [1]
conv                    0x08002287   0x48  Code  Gb  util.o [1]
ctoi                    0x08005fc9   0x1a  Code  Gb  AlarmComm.o [1]
ctx                     0x20001a2c   0xd8  Data  Gb  AlarmComm.o [1]
dac_addr                0x20000428    0x2  Data  Gb  config.o [1]
dac_test                0x080095fb   0x34  Code  Gb  debug.o [1]
dac_test_flag           0x200022a4    0x1  Data  Gb  debug.o [1]
dac_value               0x20000248    0x8  Data  Gb  rabm.o [1]
debug_mode_toggle       0x080095e3   0x18  Code  Gb  debug.o [1]
diagnosis               0x08009d79  0x1a4  Code  Gb  debug.o [1]
digits                  0x0800ac08   0x28  Data  Lc  xstoul.o [3]
div                     0x0800b031    0xe  Code  Gb  div.o [3]
dl_ack_frame            0x200021c8    0x4  Data  Gb  command.o [1]
do_test_mode            0x080050f1   0x14  Code  Gb  command.o [1]
download_fw             0x0800512b  0x2da  Code  Gb  command.o [1]
dprintf                 0x08002265   0x22  Code  Gb  util.o [1]
dump_memory             0x080022e7   0x66  Code  Gb  util.o [1]
eeprom_OK               0x20002208    0x4  Data  Gb  rabm.o [1]
eeprom_erase            0x08000349   0x46  Code  Gb  rabm.o [1]
eeprom_read             0x08003819  0x19c  Code  Gb  config.o [1]
eeprom_read::timeout    0x200021e0    0x4  Data  Lc  config.o [1]
eeprom_read_buffer      0x08003659  0x1a0  Code  Gb  config.o [1]
eeprom_read_buffer::timeout
                        0x200021dc    0x4  Data  Lc  config.o [1]
eeprom_test             0x080002dd   0x6c  Code  Gb  rabm.o [1]
eeprom_write            0x080039c1  0x118  Code  Gb  config.o [1]
eeprom_write::timeout   0x200021e4    0x4  Data  Lc  config.o [1]
exit                    0x0800bdc7    0x4  Code  Gb  exit.o [3]
fail_lock               0x20002220    0x4  Data  Lc  rabm.o [1]
fail_on_ready           0x20002230    0x4  Data  Gb  rabm.o [1]
flash_erase             0x080060b5   0x32  Code  Gb  AlarmComm.o [1]
flash_write             0x08005fe3   0x60  Code  Gb  AlarmComm.o [1]
forced_bat_test         0x2000224c    0x4  Data  Gb  rabm.o [1]
fputc                   0x08003c71   0x22  Code  Gb  config.o [1]
fram_addr               0x20000430    0x1  Data  Gb  config.o [1]
free                    0x0800adc5   0x7a  Code  Gb  xxmemxfree.o [3]
fusing_check_file       0x080062f1   0xc8  Code  Gb  AlarmComm.o [1]
fusing_count            0x200021c0    0x4  Data  Gb  AlarmComm.o [1]
fusing_finish           0x0800611d  0x1b0  Code  Gb  AlarmComm.o [1]
fusing_init             0x080060e9   0x2c  Code  Gb  AlarmComm.o [1]
fusing_mod              0x200021bc    0x4  Data  Gb  AlarmComm.o [1]
fusing_size             0x200021b8    0x4  Data  Gb  AlarmComm.o [1]
fusing_total_size       0x200021c4    0x4  Data  Gb  AlarmComm.o [1]
fw_version              0x20000140    0x4  Data  Gb  rabm.o [1]
get_4byte               0x08004f85   0x36  Code  Gb  command.o [1]
get_alarm_status        0x08001205    0x8  Code  Gb  rabm.o [1]
get_byte                0x08005fbd    0xc  Code  Gb  command.o [1]
get_command             0x08004f57   0x1c  Code  Gb  command.o [1]
get_data                0x080050c1   0x30  Code  Gb  command.o [1]
get_floatvalue          0x08004ff1   0x54  Code  Gb  command.o [1]
get_frame               0x08005e2d   0xea  Code  Gb  command.o [1]
get_frame::check_sum    0x200022a2    0x1  Data  Lc  command.o [1]
get_frame::frame_length
                        0x200022a1    0x1  Data  Lc  command.o [1]
get_frame::frame_ptr    0x2000228a    0x2  Data  Lc  command.o [1]
get_frame::frame_start  0x2000228c    0x2  Data  Lc  command.o [1]
get_intvalue            0x08004fbb   0x36  Code  Gb  command.o [1]
get_intvalue2           0x08005045   0x36  Code  Gb  command.o [1]
get_ip_address          0x0800609b   0x1a  Code  Gb  AlarmComm.o [1]
get_log_size            0x08001061   0x1a  Code  Gb  rabm.o [1]
get_mode                0x080050b9    0x8  Code  Gb  command.o [1]
get_op_mode             0x08001249   0x4e  Code  Gb  rabm.o [1]
get_rect_status         0x0800109d   0x36  Code  Gb  rabm.o [1]
get_str                 0x08004f73   0x12  Code  Gb  command.o [1]
get_string2             0x0800507b   0x3e  Code  Gb  command.o [1]
get_system_time         0x08003da9   0x54  Code  Gb  Time.o [1]
get_time_counter        0x08003dfd    0x8  Code  Gb  Time.o [1]
getint                  0x0800b33d   0x2c  Code  Lc  xgetdst.o [3]
hw_desc                 0x20001938   0xf4  Data  Gb  AlarmComm.o [1]
hw_version              0x2000013c    0x4  Data  Gb  rabm.o [1]
init_adc_dr             0x08002cf7   0x1a  Code  Gb  config.o [1]
inputs                  0x20000090   0x80  Data  Gb  debug.o [1]
ip_bat_test_residual    0x080063b9   0xa8  Code  Gb  AlarmComm.o [1]
ip_set_hw_desc          0x08006461   0x34  Code  Gb  AlarmComm.o [1]
ip_set_memo_info        0x08006043   0x22  Code  Gb  AlarmComm.o [1]
ip_state                0x200021b4    0x4  Data  Gb  AlarmComm.o [1]
ip_update_flash_ip      0x08006065   0x36  Code  Gb  AlarmComm.o [1]
ip_write_psu_name       0x0800653d   0x26  Code  Gb  AlarmComm.o [1]
isspace                 0x0800b043   0x14  Code  Gb  isxxx.o [3]
lmos                    0x08009404   0x18  Data  Lc  xttotm.o [3]
localeconv              0x0800afff   0x16  Code  Gb  localeconv.o [3]
log_event               0x20002054   0x1c  Data  Gb  rabm.o [1]
log_format_eeprom       0x080006a9   0x52  Code  Gb  rabm.o [1]
log_frame               0x20001ff4   0x20  Data  Gb  command.o [1]
log_get_time            0x08000701   0x3a  Code  Gb  rabm.o [1]
log_header              0x20002170    0xc  Data  Gb  rabm.o [1]
log_header_no           0x20002218    0x4  Data  Gb  rabm.o [1]
log_id                  0x2000042e    0x2  Data  Gb  rabm.o [1]
log_send_index          0x20002204    0x4  Data  Gb  rabm.o [1]
log_send_size           0x20002200    0x4  Data  Gb  rabm.o [1]
log_sending             0x200021fc    0x4  Data  Gb  rabm.o [1]
log_set_header_checksum
                        0x08000679   0x22  Code  Gb  rabm.o [1]
log_sts                 0x20001dc0   0x50  Data  Gb  rabm.o [1]
log_write               0x08000441  0x22a  Code  Gb  rabm.o [1]
main                    0x0800b9e9   0x74  Code  Gb  main.o [1]
malloc                  0x0800acf9   0xac  Code  Gb  xxmemxmalloc.o [3]
management_id           0x200021b0    0x4  Data  Gb  AlarmComm.o [1]
management_id_flag      0x2000217c    0x4  Data  Gb  AlarmComm.o [1]
md5_finish              0x0800a7e7   0xde  Code  Gb  md5.o [1]
md5_free                0x08009fa1   0x12  Code  Gb  md5.o [1]
md5_init                0x08009f8d   0x14  Code  Gb  md5.o [1]
md5_input               0x20001fd4   0x20  Data  Gb  AlarmComm.o [1]
md5_output              0x20002144   0x10  Data  Gb  AlarmComm.o [1]
md5_padding             0x0800baac   0x40  Data  Lc  md5.o [1]
md5_process             0x08009fd5  0x784  Code  Gb  md5.o [1]
md5_starts              0x08009fb3   0x22  Code  Gb  md5.o [1]
md5_update              0x0800a759   0x8e  Code  Gb  md5.o [1]
memchr                  0x0800ac95         Code  Gb  memchr.o [5]
mos                     0x0800941c   0x18  Data  Lc  xttotm.o [3]
ndigs                   0x0800ac30   0x28  Data  Lc  xstoul.o [3]
obuf                    0x20001e10   0x50  Data  Lc  xfiles.o [3]
ocp_lock                0x2000222c    0x4  Data  Lc  rabm.o [1]
offset_save             0x0800038f   0x78  Code  Gb  rabm.o [1]
op_frame                0x20001f88   0x28  Data  Gb  command.o [1]
op_sts                  0x20001ea8   0x30  Data  Gb  rabm.o [1]
operation_mode          0x20002288    0x2  Data  Gb  AlarmComm.o [1]
out_status              0x2000229a    0x2  Data  Gb  rabm.o [1]
outputs                 0x20000010   0x80  Data  Gb  debug.o [1]
ovp_count               0x20002224    0x4  Data  Lc  rabm.o [1]
ovp_flag                0x20002228    0x4  Data  Lc  rabm.o [1]
ovp_lock                0x2000221c    0x4  Data  Lc  rabm.o [1]
ping_addr               0x2000000c    0x4  Data  Gb  AlarmComm.o [1]
ping_ok                 0x200022a6    0x1  Data  Gb  ping.o [1]
ping_repeat             0x200021ec    0x4  Data  Gb  ping.o [1]
ping_start              0x200022a5    0x1  Data  Gb  ping.o [1]
ping_to                 0x08009f1d   0x46  Code  Gb  ping.o [1]
polarssl_zeroize        0x08009f79   0x14  Code  Lc  md5.o [1]
port_status             0x20002298    0x2  Data  Gb  rabm.o [1]
port_sts                0x20000148  0x100  Data  Gb  rabm.o [1]
printf                  0x08002241   0x24  Code  Gb  printf.o [3]
psu_ip                  0x20000008    0x4  Data  Gb  AlarmComm.o [1]
psu_mac                 0x20000000    0x8  Data  Gb  AlarmComm.o [1]
psu_name_set            0x20001c94   0x68  Data  Gb  command.o [1]
ptim                    0x20002278    0x4  Data  Gb  Time.o [1]
putchar                 0x0800bedd    0xc  Code  Gb  putchar.o [3]
rabm_main               0x080020f9   0xea  Code  Gb  rabm.o [1]
rabm_process_command    0x0800542d  0x372  Code  Gb  command.o [1]
read_adc                0x08002c83   0x74  Code  Gb  config.o [1]
read_adc::flag          0x200021d4    0x4  Data  Lc  config.o [1]
read_bat_A              0x08000f7d   0x54  Code  Gb  rabm.o [1]
read_bat_T              0x08000fd5   0x10  Code  Gb  rabm.o [1]
read_bat_V              0x08000f3d   0x14  Code  Gb  rabm.o [1]
read_dcv                0x080009d9   0x74  Code  Gb  rabm.o [1]
read_eeprom             0x08000407   0x16  Code  Gb  rabm.o [1]
read_input_A            0x08000f1d   0x10  Code  Gb  rabm.o [1]
read_input_V            0x08000f0d   0x10  Code  Gb  rabm.o [1]
read_output_A           0x08000f51   0x2c  Code  Gb  rabm.o [1]
read_output_V           0x08000f2d   0x10  Code  Gb  rabm.o [1]
read_rec_T              0x08000fe9   0x10  Code  Gb  rabm.o [1]
recover                 0x200020a0   0x18  Data  Gb  rabm.o [1]
recovery_start          0x08001c85   0xa0  Code  Gb  rabm.o [1]
rect_on                 0x0800029b   0x42  Code  Gb  rabm.o [1]
rect_on_flag            0x200021f8    0x4  Data  Gb  rabm.o [1]
rect_sts                0x20001c24   0x70  Data  Gb  rabm.o [1]
rect_test_on            0x080095cb   0x18  Code  Gb  debug.o [1]
relay_off               0x08000223   0x78  Code  Gb  rabm.o [1]
relay_on                0x080001ab   0x78  Code  Gb  rabm.o [1]
reset_type              0x2000227c    0x4  Data  Gb  Time.o [1]
restart_flag            0x20002244    0x4  Data  Gb  rabm.o [1]
restart_time            0x20002180    0x8  Data  Gb  AlarmComm.o [1]
rs_fusing_image         0x080062d1   0x1e  Code  Gb  AlarmComm.o [1]
rtc_time                0x20001f34   0x2c  Data  Gb  Time.o [1]
rx_array                0x20001838  0x100  Data  Gb  command.o [1]
rx_buffer               0x20001738  0x100  Data  Gb  command.o [1]
rx_frame                0x20001638  0x100  Data  Gb  command.o [1]
rx_head                 0x20002260    0x4  Data  Gb  stm32f10x_it.o [1]
rx_overrun              0x20002268    0x4  Data  Gb  stm32f10x_it.o [1]
rx_tail                 0x20002264    0x4  Data  Gb  stm32f10x_it.o [1]
save_value              0x080014d1   0x14  Code  Gb  rabm.o [1]
saved_ip                0x200021a8    0x4  Data  Gb  AlarmComm.o [1]
saved_mac               0x20002188    0x8  Data  Gb  AlarmComm.o [1]
saved_management_id     0x200021ac    0x4  Data  Gb  AlarmComm.o [1]
send_ad_set             0x08005ac1   0x8c  Code  Gb  command.o [1]
send_alarm_set          0x08005b4d   0xbc  Code  Gb  command.o [1]
send_byte               0x08005e01    0xe  Code  Gb  command.o [1]
send_dl_ack             0x08005105   0x26  Code  Gb  command.o [1]
send_frame              0x08005dc1   0x40  Code  Gb  command.o [1]
send_log_no             0x08005959   0x34  Code  Gb  command.o [1]
send_log_record         0x0800598d   0x48  Code  Gb  command.o [1]
send_op_set             0x080059d5   0xe4  Code  Gb  command.o [1]
send_psu_name           0x08005c95   0x28  Code  Gb  command.o [1]
send_rect_status        0x08005c09   0x86  Code  Gb  command.o [1]
send_system_info        0x080057a5  0x134  Code  Gb  command.o [1]
send_system_time        0x080058e1   0x70  Code  Gb  command.o [1]
send_test_frame         0x080095b5   0x16  Code  Gb  debug.o [1]
set_ad_ba               0x08004c59   0x3e  Code  Gb  command.o [1]
set_ad_ia               0x08004b4b   0x3e  Code  Gb  command.o [1]
set_ad_iv               0x08004b03   0x48  Code  Gb  command.o [1]
set_ad_oa               0x08004c1b   0x3e  Code  Gb  command.o [1]
set_ad_ov               0x08004b89   0x92  Code  Gb  command.o [1]
set_ad_reset            0x08004c9d   0xba  Code  Gb  command.o [1]
set_ad_set_log          0x080013e9   0x38  Code  Gb  rabm.o [1]
set_ad_zero             0x08004d57   0x70  Code  Gb  command.o [1]
set_alarm_bfv           0x08004e67   0x28  Code  Gb  command.o [1]
set_alarm_bht           0x08004eb7   0x28  Code  Gb  command.o [1]
set_alarm_blv           0x08004e8f   0x28  Code  Gb  command.o [1]
set_alarm_clear         0x08004f1d   0x3a  Code  Gb  command.o [1]
set_alarm_default       0x08004f07   0x16  Code  Gb  command.o [1]
set_alarm_ihv           0x08004dc7   0x28  Code  Gb  command.o [1]
set_alarm_ilv           0x08004def   0x28  Code  Gb  command.o [1]
set_alarm_mode          0x08005cc1   0x2c  Code  Gb  command.o [1]
set_alarm_ohv           0x08004e17   0x28  Code  Gb  command.o [1]
set_alarm_olv           0x08004e3f   0x28  Code  Gb  command.o [1]
set_alarm_rht           0x08004edf   0x28  Code  Gb  command.o [1]
set_alarm_set_log       0x080013b1   0x38  Code  Gb  rabm.o [1]
set_bat_equip           0x08005ced   0x5c  Code  Gb  command.o [1]
set_bat_test_day        0x08004ab7   0x26  Code  Gb  command.o [1]
set_bat_test_log        0x08001459   0x38  Code  Gb  rabm.o [1]
set_bat_test_off        0x08004a17   0x1e  Code  Gb  command.o [1]
set_bat_test_off::__FUNCTION__
                        0x0800bf38   0x14  Data  Lc  command.o [1]
set_bat_test_on         0x080049f9   0x1e  Code  Gb  command.o [1]
set_bat_test_on::__FUNCTION__
                        0x0800c09c   0x10  Data  Lc  command.o [1]
set_bat_test_period     0x08004a67   0x1a  Code  Gb  command.o [1]
set_bat_test_req        0x08004a81   0x36  Code  Gb  command.o [1]
set_bat_test_req::__FUNCTION__
                        0x0800bf4c   0x14  Data  Lc  command.o [1]
set_bat_test_time       0x08004add   0x26  Code  Gb  command.o [1]
set_bat_test_v          0x08004a35   0x32  Code  Gb  command.o [1]
set_date_only           0x08003ce9   0x2a  Code  Gb  Time.o [1]
set_flash_ip            0x08001521   0x16  Code  Gb  rabm.o [1]
set_log_clear           0x08005da9    0xe  Code  Gb  command.o [1]
set_mac_address         0x08006569   0x3e  Code  Gb  AlarmComm.o [1]
set_management_id       0x080065a7   0x5e  Code  Gb  AlarmComm.o [1]
set_operation_log       0x08001421   0x38  Code  Gb  rabm.o [1]
set_output_mode         0x080012bb   0x1e  Code  Gb  rabm.o [1]
set_output_voltage      0x08001379   0x34  Code  Gb  rabm.o [1]
set_psu_name            0x080049e9   0x10  Code  Gb  command.o [1]
set_shutdown_log        0x08001491   0x38  Code  Gb  rabm.o [1]
set_system_date         0x08005d7f   0x2a  Code  Gb  command.o [1]
set_system_restart      0x08000153   0x2e  Code  Gb  rabm.o [1]
set_system_time         0x08005d59   0x26  Code  Gb  command.o [1]
set_time                0x08003d39   0x70  Code  Gb  Time.o [1]
set_time_only           0x08003d13   0x26  Code  Gb  Time.o [1]
sprintf                 0x08006b91   0x34  Code  Gb  sprintf.o [3]
sr_off                  0x08001dc5   0x18  Code  Gb  rabm.o [1]
sr_on                   0x08001dad   0x18  Code  Gb  rabm.o [1]
strcat                  0x0800aaa3   0x1c  Code  Gb  strcat.o [3]
strchr                  0x0800ac7d         Code  Gb  strchr.o [5]
strlen                  0x0800aa3d         Code  Gb  strlen.o [5]
sys_error               0x080022d9    0xe  Code  Gb  util.o [1]
sys_frame               0x20001e60   0x48  Data  Gb  command.o [1]
sys_info                0x20001ed8   0x30  Data  Gb  rabm.o [1]
sys_read_hw_version     0x0800182d   0x7a  Code  Gb  rabm.o [1]
sys_read_mac            0x080018ad   0x72  Code  Gb  rabm.o [1]
sys_read_sn             0x0800192d   0x42  Code  Gb  rabm.o [1]
sys_set_hw_version      0x08001a81   0x10  Code  Gb  rabm.o [1]
sys_set_info            0x08001a75    0xc  Code  Gb  rabm.o [1]
sys_set_mac             0x08001a91   0x10  Code  Gb  rabm.o [1]
sys_set_sn              0x08001aa1   0xf8  Code  Gb  rabm.o [1]
sys_write_hw_version    0x0800196f   0x1c  Code  Gb  rabm.o [1]
sys_write_ip_info       0x080019b9   0x64  Code  Gb  rabm.o [1]
sys_write_mac_info      0x08001a25   0x30  Code  Gb  rabm.o [1]
sys_write_sn            0x08001991   0x1e  Code  Gb  rabm.o [1]
system_alarm_status     0x20002294    0x2  Data  Gb  rabm.o [1]
system_shutdown         0x08000181   0x2a  Code  Gb  rabm.o [1]
system_shutdown_flag    0x2000220c    0x4  Data  Gb  rabm.o [1]
test_TxMessage          0x08002955   0x9c  Code  Gb  config.o [1]
test_mode               0x20002214    0x4  Data  Gb  rabm.o [1]
test_value              0x200021f0    0x4  Data  Gb  rabm.o [1]
time10ms                0x20002198    0x8  Data  Gb  stm32f10x_it.o [1]
time3ms                 0x2000225c    0x4  Data  Gb  stm32f10x_it.o [1]
time_tmp                0x20002210    0x4  Data  Gb  rabm.o [1]
tolower                 0x0800b287   0x14  Code  Gb  tolower.o [3]
user_psu_name           0x20001cfc   0x64  Data  Gb  AlarmComm.o [1]
vfprintf                0x08007f05   0x2c  Code  Gb  vfprintf.o [3]
vref                    0x20001ba4   0x80  Data  Gb  rabm.o [1]
vref_flag               0x20002238    0x4  Data  Gb  rabm.o [1]
vref_ind                0x20002234    0x4  Data  Gb  rabm.o [1]
vref_init               0x08001d7d   0x2e  Code  Gb  rabm.o [1]
vref_sum                0x2000223c    0x4  Data  Gb  rabm.o [1]
write_eeprom            0x0800041d   0x24  Code  Gb  rabm.o [1]
write_output_mode       0x080012a1   0x1a  Code  Gb  rabm.o [1]
write_output_voltage    0x080012e5   0x8a  Code  Gb  rabm.o [1]
write_shutdown_log      0x0800076d   0x28  Code  Gb  rabm.o [1]
yooha_debug             0x20002280    0x4  Data  Gb  util.o [1]


[1] = H:\WORK_THIS\STM32F10x_StdPeriph_Lib_V3.5.0\Project\5G_TEST_JIG\EWARM\SKT_JIG\Obj
[2] = command line
[3] = dl7M_tlf.a
[4] = m7M_tl.a
[5] = rt7M_tl.a
[6] = shb_l.a

  48 244 bytes of readonly  code memory
   2 305 bytes of readonly  data memory
   8 864 bytes of readwrite data memory

Errors: none
Warnings: none
