###############################################################################
#
# IAR ELF Linker V7.50.2.10312/W32 for ARM                15/Feb/2019  13:28:17
# Copyright 2007-2015 IAR Systems AB.
#
#    Output file  =  
#        H:\WORK_THIS\STM32F10x_StdPeriph_Lib_V3.5.0\Project\TH_TEST_DRV\EWARM\TH_5G_TEST\Exe\SKT_5G.out
#    Map file     =  
#        H:\WORK_THIS\STM32F10x_StdPeriph_Lib_V3.5.0\Project\TH_TEST_DRV\EWARM\TH_5G_TEST\List\SKT_5G.map
#    Command line =  
#        H:\WORK_THIS\STM32F10x_StdPeriph_Lib_V3.5.0\Project\TH_TEST_DRV\EWARM\TH_5G_TEST\Obj\AlarmComm.o
#        H:\WORK_THIS\STM32F10x_StdPeriph_Lib_V3.5.0\Project\TH_TEST_DRV\EWARM\TH_5G_TEST\Obj\command.o
#        H:\WORK_THIS\STM32F10x_StdPeriph_Lib_V3.5.0\Project\TH_TEST_DRV\EWARM\TH_5G_TEST\Obj\config.o
#        H:\WORK_THIS\STM32F10x_StdPeriph_Lib_V3.5.0\Project\TH_TEST_DRV\EWARM\TH_5G_TEST\Obj\debug.o
#        H:\WORK_THIS\STM32F10x_StdPeriph_Lib_V3.5.0\Project\TH_TEST_DRV\EWARM\TH_5G_TEST\Obj\dhcp.o
#        H:\WORK_THIS\STM32F10x_StdPeriph_Lib_V3.5.0\Project\TH_TEST_DRV\EWARM\TH_5G_TEST\Obj\I2CRoutines.o
#        H:\WORK_THIS\STM32F10x_StdPeriph_Lib_V3.5.0\Project\TH_TEST_DRV\EWARM\TH_5G_TEST\Obj\loopback.o
#        H:\WORK_THIS\STM32F10x_StdPeriph_Lib_V3.5.0\Project\TH_TEST_DRV\EWARM\TH_5G_TEST\Obj\main.o
#        H:\WORK_THIS\STM32F10x_StdPeriph_Lib_V3.5.0\Project\TH_TEST_DRV\EWARM\TH_5G_TEST\Obj\md5.o
#        H:\WORK_THIS\STM32F10x_StdPeriph_Lib_V3.5.0\Project\TH_TEST_DRV\EWARM\TH_5G_TEST\Obj\misc.o
#        H:\WORK_THIS\STM32F10x_StdPeriph_Lib_V3.5.0\Project\TH_TEST_DRV\EWARM\TH_5G_TEST\Obj\ping.o
#        H:\WORK_THIS\STM32F10x_StdPeriph_Lib_V3.5.0\Project\TH_TEST_DRV\EWARM\TH_5G_TEST\Obj\rabm.o
#        H:\WORK_THIS\STM32F10x_StdPeriph_Lib_V3.5.0\Project\TH_TEST_DRV\EWARM\TH_5G_TEST\Obj\socket.o
#        H:\WORK_THIS\STM32F10x_StdPeriph_Lib_V3.5.0\Project\TH_TEST_DRV\EWARM\TH_5G_TEST\Obj\sockutil.o
#        H:\WORK_THIS\STM32F10x_StdPeriph_Lib_V3.5.0\Project\TH_TEST_DRV\EWARM\TH_5G_TEST\Obj\SPI2.o
#        H:\WORK_THIS\STM32F10x_StdPeriph_Lib_V3.5.0\Project\TH_TEST_DRV\EWARM\TH_5G_TEST\Obj\startup_stm32f10x_hd.o
#        H:\WORK_THIS\STM32F10x_StdPeriph_Lib_V3.5.0\Project\TH_TEST_DRV\EWARM\TH_5G_TEST\Obj\stm32f10x_adc.o
#        H:\WORK_THIS\STM32F10x_StdPeriph_Lib_V3.5.0\Project\TH_TEST_DRV\EWARM\TH_5G_TEST\Obj\stm32f10x_bkp.o
#        H:\WORK_THIS\STM32F10x_StdPeriph_Lib_V3.5.0\Project\TH_TEST_DRV\EWARM\TH_5G_TEST\Obj\stm32f10x_dac.o
#        H:\WORK_THIS\STM32F10x_StdPeriph_Lib_V3.5.0\Project\TH_TEST_DRV\EWARM\TH_5G_TEST\Obj\stm32f10x_dbgmcu.o
#        H:\WORK_THIS\STM32F10x_StdPeriph_Lib_V3.5.0\Project\TH_TEST_DRV\EWARM\TH_5G_TEST\Obj\stm32f10x_dma.o
#        H:\WORK_THIS\STM32F10x_StdPeriph_Lib_V3.5.0\Project\TH_TEST_DRV\EWARM\TH_5G_TEST\Obj\stm32f10x_exti.o
#        H:\WORK_THIS\STM32F10x_StdPeriph_Lib_V3.5.0\Project\TH_TEST_DRV\EWARM\TH_5G_TEST\Obj\stm32f10x_flash.o
#        H:\WORK_THIS\STM32F10x_StdPeriph_Lib_V3.5.0\Project\TH_TEST_DRV\EWARM\TH_5G_TEST\Obj\stm32f10x_gpio.o
#        H:\WORK_THIS\STM32F10x_StdPeriph_Lib_V3.5.0\Project\TH_TEST_DRV\EWARM\TH_5G_TEST\Obj\stm32f10x_i2c.o
#        H:\WORK_THIS\STM32F10x_StdPeriph_Lib_V3.5.0\Project\TH_TEST_DRV\EWARM\TH_5G_TEST\Obj\stm32f10x_it.o
#        H:\WORK_THIS\STM32F10x_StdPeriph_Lib_V3.5.0\Project\TH_TEST_DRV\EWARM\TH_5G_TEST\Obj\stm32f10x_iwdg.o
#        H:\WORK_THIS\STM32F10x_StdPeriph_Lib_V3.5.0\Project\TH_TEST_DRV\EWARM\TH_5G_TEST\Obj\stm32f10x_pwr.o
#        H:\WORK_THIS\STM32F10x_StdPeriph_Lib_V3.5.0\Project\TH_TEST_DRV\EWARM\TH_5G_TEST\Obj\stm32f10x_rcc.o
#        H:\WORK_THIS\STM32F10x_StdPeriph_Lib_V3.5.0\Project\TH_TEST_DRV\EWARM\TH_5G_TEST\Obj\stm32f10x_rtc.o
#        H:\WORK_THIS\STM32F10x_StdPeriph_Lib_V3.5.0\Project\TH_TEST_DRV\EWARM\TH_5G_TEST\Obj\stm32f10x_spi.o
#        H:\WORK_THIS\STM32F10x_StdPeriph_Lib_V3.5.0\Project\TH_TEST_DRV\EWARM\TH_5G_TEST\Obj\stm32f10x_tim.o
#        H:\WORK_THIS\STM32F10x_StdPeriph_Lib_V3.5.0\Project\TH_TEST_DRV\EWARM\TH_5G_TEST\Obj\stm32f10x_usart.o
#        H:\WORK_THIS\STM32F10x_StdPeriph_Lib_V3.5.0\Project\TH_TEST_DRV\EWARM\TH_5G_TEST\Obj\system_stm32f10x.o
#        H:\WORK_THIS\STM32F10x_StdPeriph_Lib_V3.5.0\Project\TH_TEST_DRV\EWARM\TH_5G_TEST\Obj\telnet.o
#        H:\WORK_THIS\STM32F10x_StdPeriph_Lib_V3.5.0\Project\TH_TEST_DRV\EWARM\TH_5G_TEST\Obj\Time.o
#        H:\WORK_THIS\STM32F10x_StdPeriph_Lib_V3.5.0\Project\TH_TEST_DRV\EWARM\TH_5G_TEST\Obj\util.o
#        H:\WORK_THIS\STM32F10x_StdPeriph_Lib_V3.5.0\Project\TH_TEST_DRV\EWARM\TH_5G_TEST\Obj\util_DHCP.o
#        H:\WORK_THIS\STM32F10x_StdPeriph_Lib_V3.5.0\Project\TH_TEST_DRV\EWARM\TH_5G_TEST\Obj\w5500.o
#        --redirect _Printf=_PrintfFull --redirect _Scanf=_ScanfFull -o
#        H:\WORK_THIS\STM32F10x_StdPeriph_Lib_V3.5.0\Project\TH_TEST_DRV\EWARM\TH_5G_TEST\Exe\SKT_5G.out
#        --map
#        H:\WORK_THIS\STM32F10x_StdPeriph_Lib_V3.5.0\Project\TH_TEST_DRV\EWARM\TH_5G_TEST\List\SKT_5G.map
#        --config
#        H:\WORK_THIS\STM32F10x_StdPeriph_Lib_V3.5.0\Project\TH_TEST_DRV\EWARM\stm32f10x_flash_IAP.icf
#        --semihosting --entry __iar_program_start --vfe
#
###############################################################################

*******************************************************************************
*** RUNTIME MODEL ATTRIBUTES
***

CppFlavor                     = *
__Heap_Handler                = Basic
__SystemLibrary               = DLib
__dlib_dynamic_initialization = normal


*******************************************************************************
*** PLACEMENT SUMMARY
***

"A1":  place at 0x08004000 { ro section .intvec };
"P1":  place in [from 0x08004000 to 0x0803ffff] { ro };
"P2":  place in [from 0x20000000 to 0x2000bfff] { rw, block CSTACK, block HEAP };

  Section             Kind        Address    Size  Object
  -------             ----        -------    ----  ------
"A1":                                       0x130
  .intvec             ro code  0x08004000   0x130  startup_stm32f10x_hd.o [1]
                             - 0x08004130   0x130

"P1":                                      0xe5b6
  .text               ro code  0x08004130  0x341c  rabm.o [1]
  .text               ro code  0x0800754c    0x24  printf.o [3]
  .text               ro code  0x08007570  0x1380  config.o [1]
  .text               ro code  0x080088f0   0x2b4  stm32f10x_gpio.o [1]
  .text               ro code  0x08008ba4   0x162  util.o [1]
  .text               ro code  0x08008d06    0x76  lz77_init_single.o [5]
  .text               ro code  0x08008d7c   0x1d4  Time.o [1]
  .text               ro code  0x08008f50    0x10  stm32f10x_iwdg.o [1]
  .text               ro code  0x08008f60    0x66  ABImemset.o [5]
  .text               ro code  0x08008fc6     0xa  xsprout.o [3]
  .text               ro code  0x08008fd0   0x3f4  stm32f10x_rcc.o [1]
  .text               ro code  0x080093c4    0x4e  FltToDbl.o [4]
  .text               ro code  0x08009414   0x1a2  DblMul.o [4]
  .text               ro code  0x080095b8    0x58  DblToI32.o [4]
  .text               ro code  0x08009610    0xf8  stm32f10x_rtc.o [1]
  .text               ro code  0x08009708    0xb6  localtim.o [3]
  .text               ro code  0x080097c0    0x44  FltToS32.o [4]
  .text               ro code  0x08009804    0x30  I32ToDbl.o [4]
  .text               ro code  0x08009834    0x90  DblToFlt.o [4]
  .text               ro code  0x080098c4    0xfc  FltDiv.o [4]
  .text               ro code  0x080099c0    0x24  FltCmpLe.o [4]
  .text               ro code  0x080099e4    0xe8  DblAdd.o [4]
  .text               ro code  0x08009acc   0x256  DblDiv.o [4]
  .text               ro code  0x08009d24    0x32  I32ToFlt.o [4]
  .text               ro code  0x08009d58    0xd8  FltMul.o [4]
  .text               ro code  0x08009e30    0x84  FltAdd.o [4]
  .text               ro code  0x08009eb4    0xe6  FltSub.o [4]
  .text               ro code  0x08009f9c    0x1c  FltCmpEq.o [4]
  .text               ro code  0x08009fb8    0x24  FltCmpGe.o [4]
  .text               ro code  0x08009fdc  0x15e0  command.o [1]
  .text               ro code  0x0800b5bc   0xc14  AlarmComm.o [1]
  .text               ro code  0x0800c1d0    0x2e  DblCmpLe.o [4]
  .text               ro code  0x0800c200    0x34  sprintf.o [3]
  .text               ro code  0x0800c234    0x76  ABImemcpy_unaligned.o [5]
  .text               ro code  0x0800c2ac    0x44  strcpy_unaligned.o [5]
  .text               ro code  0x0800c2f0     0x8  atoi.o [3]
  .text               ro code  0x0800c2f8    0x2e  DblCmpGe.o [4]
  .text               ro code  0x0800c328   0x4a0  w5500.o [1]
  .text               ro code  0x0800c7c8   0xa28  debug.o [1]
  .text               ro code  0x0800d1f0    0xee  I64DivMod.o [5]
  .text               ro code  0x0800d2e0  0x1166  xprintffull.o [3]
  .text               ro code  0x0800e448   0x19c  stm32f10x_dma.o [1]
  .text               ro code  0x0800e5e4   0x28a  stm32f10x_adc.o [1]
  .text               ro code  0x0800e870    0xcc  stm32f10x_exti.o [1]
  .text               ro code  0x0800e93c    0x9c  misc.o [1]
  .text               ro code  0x0800e9d8   0x1e4  stm32f10x_tim.o [1]
  .text               ro code  0x0800ebbc    0x18  stm32f10x_dac.o [1]
  .text               ro code  0x0800ebd4   0x1be  stm32f10x_flash.o [1]
  .text               ro code  0x0800ed94   0x294  stm32f10x_usart.o [1]
  .text               ro code  0x0800f028   0x232  stm32f10x_i2c.o [1]
  .text               ro code  0x0800f25c    0xe0  stm32f10x_spi.o [1]
  .text               ro code  0x0800f33c    0x2c  vfprintf.o [3]
  .text               ro code  0x0800f368    0xd0  mktime.o [3]
  .text               ro code  0x0800f438    0x4c  stm32f10x_bkp.o [1]
  .text               ro code  0x0800f484     0xc  stm32f10x_pwr.o [1]
  .text               ro code  0x0800f490     0x2  xtls.o [3]
  .text               ro code  0x0800f494    0x54  setlocale.o [3]
  .text               ro code  0x0800f4e8     0xa  getzone.o [3]
  .text               ro code  0x0800f4f2    0x42  xgettime.o [3]
  .text               ro code  0x0800f534    0x88  xstol.o [3]
  .text               ro code  0x0800f5bc   0x188  xttotm.o [3]
  .text               ro code  0x0800f744   0x180  DblSub.o [4]
  .text               ro code  0x0800f8c4    0x5c  ping.o [1]
  .text               ro code  0x0800f920   0x104  loopback.o [1]
  .text               ro code  0x0800fa24   0xa60  md5.o [1]
  .text               ro code  0x08010484    0x62  memcmp_unaligned.o [5]
  .text               ro code  0x080104e8    0x36  strlen.o [5]
  .text               ro code  0x0801051e    0x1c  strcat.o [3]
  .text               ro code  0x0801053c   0x46c  socket.o [1]
  .text               ro code  0x080109a8   0x14c  dhcp.o [1]
  .text               ro code  0x08010af4   0x198  xstoul.o [3]
  .text               ro code  0x08010c8c     0x2  I64DivZer.o [5]
  .text               ro code  0x08010c8e    0x20  xmbtowc.o [3]
  .text               ro code  0x08010cb0    0x16  strchr.o [5]
  .text               ro code  0x08010cc8    0x58  memchr.o [5]
  .text               ro code  0x08010d20     0xa  xmbcurmax.o [3]
  .text               ro code  0x08010d2c    0xb0  xxmemxmalloc.o [3]
  .text               ro code  0x08010ddc    0x1a  xwctomb.o [3]
  .text               ro code  0x08010df8    0x80  xxmemxfree.o [3]
  .text               ro code  0x08010e78    0x42  xdnorm.o [4]
  .text               ro code  0x08010ebc   0x10c  xdscale.o [4]
  .text               ro code  0x08010fc8    0x6c  localeconv.o [3]
  .text               ro code  0x08011034     0xe  div.o [3]
  .text               ro code  0x08011042     0x4  xsyslock_nop.o [3]
  .text               ro code  0x08011046    0x14  isxxx.o [3]
  .text               ro code  0x0801105c     0xc  errno.o [3]
  .text               ro code  0x08011068   0x134  xisdst.o [3]
  .text               ro code  0x0801119c    0x14  tolower.o [3]
  .text               ro code  0x080111b0    0x60  xencoding_sb.o [3]
  .text               ro code  0x08011210    0x2c  xgetmemchunk.o [3]
  .text               ro code  0x0801123c    0x14  xlocale_c.o [3]
  .text               ro code  0x08011250   0x16a  xgetdst.o [3]
  .text               ro code  0x080113ba     0xc  xlocale_c.o [3]
  .text               ro code  0x080113c8   0x2d8  stm32f10x_it.o [1]
  .text               ro code  0x080116a0   0x158  system_stm32f10x.o [1]
  .text               ro code  0x080117f8    0x7c  main.o [1]
  .rodata             const    0x08011874    0x50  AlarmComm.o [1]
  .rodata             const    0x080118c4    0x40  md5.o [1]
  .text               ro code  0x08011904    0x40  zero_init3.o [5]
  .rodata             const    0x08011944    0x34  rabm.o [1]
  .rodata             const    0x08011978    0x30  rabm.o [1]
  .rodata             const    0x080119a8    0x30  rabm.o [1]
  .rodata             const    0x080119d8    0x2c  AlarmComm.o [1]
  .rodata             const    0x08011a04    0x2c  AlarmComm.o [1]
  .rodata             const    0x08011a30    0x28  AlarmComm.o [1]
  .rodata             const    0x08011a58    0x28  AlarmComm.o [1]
  .rodata             const    0x08011a80    0x28  command.o [1]
  .rodata             const    0x08011aa8    0x28  command.o [1]
  .rodata             const    0x08011ad0    0x28  main.o [1]
  .rodata             const    0x08011af8    0x28  rabm.o [1]
  .text               ro code  0x08011b20    0x28  data_init.o [5]
  .rodata             const    0x08011b48    0x24  AlarmComm.o [1]
  .rodata             const    0x08011b6c    0x24  command.o [1]
  .rodata             const    0x08011b90    0x24  command.o [1]
  .rodata             const    0x08011bb4    0x24  debug.o [1]
  .rodata             const    0x08011bd8    0x24  rabm.o [1]
  .iar.init_table     const    0x08011bfc    0x20  - Linker created -
  .rodata             const    0x08011c1c    0x20  AlarmComm.o [1]
  .rodata             const    0x08011c3c    0x20  loopback.o [1]
  .rodata             const    0x08011c5c    0x20  rabm.o [1]
  .rodata             const    0x08011c7c    0x20  rabm.o [1]
  .rodata             const    0x08011c9c    0x1c  AlarmComm.o [1]
  .rodata             const    0x08011cb8    0x1c  command.o [1]
  .rodata             const    0x08011cd4    0x1c  debug.o [1]
  .rodata             const    0x08011cf0    0x1c  rabm.o [1]
  .rodata             const    0x08011d0c    0x1c  rabm.o [1]
  .rodata             const    0x08011d28    0x1c  rabm.o [1]
  .rodata             const    0x08011d44    0x1c  rabm.o [1]
  .rodata             const    0x08011d60    0x1c  rabm.o [1]
  .rodata             const    0x08011d7c    0x1c  rabm.o [1]
  .text               ro code  0x08011d98    0x1a  cmain.o [5]
  .text               ro code  0x08011db2     0x4  low_level_init.o [3]
  .text               ro code  0x08011db6     0x4  exit.o [3]
  .text               ro code  0x08011dbc     0xa  cexit.o [5]
  .text               ro code  0x08011dc8    0x14  exit.o [6]
  .rodata             const    0x08011ddc    0x18  AlarmComm.o [1]
  .rodata             const    0x08011df4    0x18  command.o [1]
  .rodata             const    0x08011e0c    0x18  main.o [1]
  .rodata             const    0x08011e24    0x18  rabm.o [1]
  .rodata             const    0x08011e3c    0x18  rabm.o [1]
  .rodata             const    0x08011e54    0x18  rabm.o [1]
  .rodata             const    0x08011e6c    0x18  rabm.o [1]
  .rodata             const    0x08011e84    0x18  rabm.o [1]
  .rodata             const    0x08011e9c    0x18  rabm.o [1]
  .rodata             const    0x08011eb4    0x18  rabm.o [1]
  .rodata             const    0x08011ecc    0x18  rabm.o [1]
  .text               ro code  0x08011ee4    0x18  xfprout.o [3]
  .text               ro code  0x08011efc    0x16  xprout.o [3]
  .text               ro code  0x08011f14     0xc  putchar.o [3]
  .rodata             const    0x08011f20    0x14  AlarmComm.o [1]
  .rodata             const    0x08011f34    0x14  AlarmComm.o [1]
  .rodata             const    0x08011f48    0x14  AlarmComm.o [1]
  .rodata             const    0x08011f5c    0x14  AlarmComm.o [1]
  .rodata             const    0x08011f70    0x14  AlarmComm.o [1]
  .rodata             const    0x08011f84    0x14  AlarmComm.o [1]
  .rodata             const    0x08011f98    0x14  AlarmComm.o [1]
  .rodata             const    0x08011fac    0x14  command.o [1]
  .rodata             const    0x08011fc0    0x14  command.o [1]
  .rodata             const    0x08011fd4    0x14  command.o [1]
  .rodata             const    0x08011fe8    0x14  command.o [1]
  .rodata             const    0x08011ffc    0x14  command.o [1]
  .rodata             const    0x08012010    0x14  command.o [1]
  .rodata             const    0x08012024    0x14  debug.o [1]
  .rodata             const    0x08012038    0x14  debug.o [1]
  .rodata             const    0x0801204c    0x14  debug.o [1]
  .rodata             const    0x08012060    0x14  ping.o [1]
  .rodata             const    0x08012074    0x14  rabm.o [1]
  .rodata             const    0x08012088    0x14  rabm.o [1]
  .rodata             const    0x0801209c    0x14  rabm.o [1]
  .rodata             const    0x080120b0    0x14  rabm.o [1]
  .rodata             const    0x080120c4    0x14  rabm.o [1]
  .rodata             const    0x080120d8    0x14  rabm.o [1]
  .rodata             const    0x080120ec    0x14  rabm.o [1]
  .rodata             const    0x08012100    0x14  rabm.o [1]
  .rodata             const    0x08012114    0x14  rabm.o [1]
  .rodata             const    0x08012128    0x14  rabm.o [1]
  .rodata             const    0x0801213c    0x14  rabm.o [1]
  .rodata             const    0x08012150    0x14  rabm.o [1]
  .rodata             const    0x08012164    0x10  AlarmComm.o [1]
  .rodata             const    0x08012174    0x10  AlarmComm.o [1]
  .rodata             const    0x08012184    0x10  AlarmComm.o [1]
  .rodata             const    0x08012194    0x10  command.o [1]
  .rodata             const    0x080121a4    0x10  command.o [1]
  .rodata             const    0x080121b4    0x10  debug.o [1]
  .rodata             const    0x080121c4    0x10  debug.o [1]
  .rodata             const    0x080121d4    0x10  debug.o [1]
  .rodata             const    0x080121e4    0x10  debug.o [1]
  .rodata             const    0x080121f4    0x10  debug.o [1]
  .rodata             const    0x08012204    0x10  debug.o [1]
  .rodata             const    0x08012214    0x10  debug.o [1]
  .rodata             const    0x08012224    0x10  debug.o [1]
  .rodata             const    0x08012234    0x10  loopback.o [1]
  .rodata             const    0x08012244    0x10  loopback.o [1]
  .rodata             const    0x08012254    0x10  main.o [1]
  .rodata             const    0x08012264    0x10  rabm.o [1]
  .rodata             const    0x08012274    0x10  rabm.o [1]
  .rodata             const    0x08012284    0x10  rabm.o [1]
  .rodata             const    0x08012294    0x10  rabm.o [1]
  .rodata             const    0x080122a4    0x10  rabm.o [1]
  .rodata             const    0x080122b4    0x10  rabm.o [1]
  .rodata             const    0x080122c4    0x10  rabm.o [1]
  .rodata             const    0x080122d4    0x10  rabm.o [1]
  .rodata             const    0x080122e4    0x10  rabm.o [1]
  .rodata             const    0x080122f4    0x10  rabm.o [1]
  .rodata             const    0x08012304    0x10  rabm.o [1]
  .rodata             const    0x08012314    0x10  rabm.o [1]
  .rodata             const    0x08012324    0x10  Time.o [1]
  .rodata             const    0x08012334    0x10  util.o [1]
  .text               ro code  0x08012344    0x10  startup_stm32f10x_hd.o [1]
  .rodata             const    0x08012354     0xc  AlarmComm.o [1]
  .rodata             const    0x08012360     0xc  AlarmComm.o [1]
  .rodata             const    0x0801236c     0xc  AlarmComm.o [1]
  .rodata             const    0x08012378     0xc  AlarmComm.o [1]
  .rodata             const    0x08012384     0xc  AlarmComm.o [1]
  .rodata             const    0x08012390     0xc  AlarmComm.o [1]
  .rodata             const    0x0801239c     0xc  AlarmComm.o [1]
  .rodata             const    0x080123a8     0xc  AlarmComm.o [1]
  .rodata             const    0x080123b4     0xc  command.o [1]
  .rodata             const    0x080123c0     0xc  command.o [1]
  .rodata             const    0x080123cc     0xc  debug.o [1]
  .rodata             const    0x080123d8     0xc  debug.o [1]
  .rodata             const    0x080123e4     0xc  debug.o [1]
  .rodata             const    0x080123f0     0xc  debug.o [1]
  .rodata             const    0x080123fc     0xc  main.o [1]
  .rodata             const    0x08012408     0xc  main.o [1]
  .rodata             const    0x08012414     0xc  main.o [1]
  .rodata             const    0x08012420     0xc  rabm.o [1]
  .rodata             const    0x0801242c     0xc  rabm.o [1]
  .rodata             const    0x08012438     0xc  rabm.o [1]
  .rodata             const    0x08012444     0xc  rabm.o [1]
  .rodata             const    0x08012450     0xc  socket.o [1]
  .rodata             const    0x0801245c     0xc  util.o [1]
  .text               ro code  0x08012468     0xc  cstartup_M.o [5]
  .rodata             const    0x08012474     0x8  AlarmComm.o [1]
  .rodata             const    0x0801247c     0x8  command.o [1]
  .rodata             const    0x08012484     0x8  debug.o [1]
  .rodata             const    0x0801248c     0x8  debug.o [1]
  .rodata             const    0x08012494     0x8  dhcp.o [1]
  .rodata             const    0x0801249c     0x8  dhcp.o [1]
  .rodata             const    0x080124a4     0x8  rabm.o [1]
  .rodata             const    0x080124ac     0x8  rabm.o [1]
  .rodata             const    0x080124b4     0x8  rabm.o [1]
  .rodata             const    0x080124bc     0x8  util.o [1]
  .rodata             const    0x080124c4     0x4  dhcp.o [1]
  .text               ro code  0x080124c8     0x4  startup_stm32f10x_hd.o [1]
  .text               ro code  0x080124cc     0x4  startup_stm32f10x_hd.o [1]
  .text               ro code  0x080124d0     0x4  startup_stm32f10x_hd.o [1]
  .text               ro code  0x080124d4     0x4  startup_stm32f10x_hd.o [1]
  .text               ro code  0x080124d8     0x4  startup_stm32f10x_hd.o [1]
  .text               ro code  0x080124dc     0x4  startup_stm32f10x_hd.o [1]
  .text               ro code  0x080124e0     0x4  startup_stm32f10x_hd.o [1]
  .text               ro code  0x080124e4     0x4  startup_stm32f10x_hd.o [1]
  .text               ro code  0x080124e8     0x4  startup_stm32f10x_hd.o [1]
  .text               ro code  0x080124ec     0x4  startup_stm32f10x_hd.o [1]
  .text               ro code  0x080124f0     0x4  startup_stm32f10x_hd.o [1]
  .text               ro code  0x080124f4     0x4  startup_stm32f10x_hd.o [1]
  .text               ro code  0x080124f8     0x4  startup_stm32f10x_hd.o [1]
  .text               ro code  0x080124fc     0x4  startup_stm32f10x_hd.o [1]
  .text               ro code  0x08012500     0x4  startup_stm32f10x_hd.o [1]
  .text               ro code  0x08012504     0x4  startup_stm32f10x_hd.o [1]
  .text               ro code  0x08012508     0x4  startup_stm32f10x_hd.o [1]
  .text               ro code  0x0801250c     0x4  startup_stm32f10x_hd.o [1]
  .text               ro code  0x08012510     0x4  startup_stm32f10x_hd.o [1]
  .text               ro code  0x08012514     0x4  startup_stm32f10x_hd.o [1]
  .text               ro code  0x08012518     0x4  startup_stm32f10x_hd.o [1]
  .text               ro code  0x0801251c     0x4  startup_stm32f10x_hd.o [1]
  .text               ro code  0x08012520     0x4  startup_stm32f10x_hd.o [1]
  .text               ro code  0x08012524     0x4  startup_stm32f10x_hd.o [1]
  .text               ro code  0x08012528     0x4  startup_stm32f10x_hd.o [1]
  .text               ro code  0x0801252c     0x4  startup_stm32f10x_hd.o [1]
  .text               ro code  0x08012530     0x4  startup_stm32f10x_hd.o [1]
  .text               ro code  0x08012534     0x4  startup_stm32f10x_hd.o [1]
  .text               ro code  0x08012538     0x4  startup_stm32f10x_hd.o [1]
  .text               ro code  0x0801253c     0x4  startup_stm32f10x_hd.o [1]
  .text               ro code  0x08012540     0x4  startup_stm32f10x_hd.o [1]
  .text               ro code  0x08012544     0x4  startup_stm32f10x_hd.o [1]
  .text               ro code  0x08012548     0x4  startup_stm32f10x_hd.o [1]
  .text               ro code  0x0801254c     0x4  startup_stm32f10x_hd.o [1]
  .text               ro code  0x08012550     0x4  startup_stm32f10x_hd.o [1]
  .text               ro code  0x08012554     0x4  startup_stm32f10x_hd.o [1]
  .text               ro code  0x08012558     0x4  startup_stm32f10x_hd.o [1]
  .text               ro code  0x0801255c     0x4  startup_stm32f10x_hd.o [1]
  .text               ro code  0x08012560     0x4  startup_stm32f10x_hd.o [1]
  .text               ro code  0x08012564     0x4  startup_stm32f10x_hd.o [1]
  .text               ro code  0x08012568     0x4  startup_stm32f10x_hd.o [1]
  .text               ro code  0x0801256c     0x4  startup_stm32f10x_hd.o [1]
  .text               ro code  0x08012570     0x4  startup_stm32f10x_hd.o [1]
  .text               ro code  0x08012574     0x4  startup_stm32f10x_hd.o [1]
  .text               ro code  0x08012578     0x4  startup_stm32f10x_hd.o [1]
  .text               ro code  0x0801257c     0x4  startup_stm32f10x_hd.o [1]
  .text               ro code  0x08012580     0x4  startup_stm32f10x_hd.o [1]
  .text               ro code  0x08012584     0x4  startup_stm32f10x_hd.o [1]
  .text               ro code  0x08012588     0x4  startup_stm32f10x_hd.o [1]
  .text               ro code  0x0801258c     0x4  startup_stm32f10x_hd.o [1]
  .text               ro code  0x08012590     0x4  startup_stm32f10x_hd.o [1]
  .text               ro code  0x08012594     0x4  startup_stm32f10x_hd.o [1]
  .text               ro code  0x08012598     0x4  startup_stm32f10x_hd.o [1]
  .text               ro code  0x0801259c     0x4  startup_stm32f10x_hd.o [1]
  .text               ro code  0x080125a0     0x4  startup_stm32f10x_hd.o [1]
  .text               ro code  0x080125a4     0x4  startup_stm32f10x_hd.o [1]
  .text               ro code  0x080125a8     0x4  startup_stm32f10x_hd.o [1]
  .text               ro code  0x080125ac     0x4  startup_stm32f10x_hd.o [1]
  .text               ro code  0x080125b0     0x4  startup_stm32f10x_hd.o [1]
  .text               ro code  0x080125b4     0x4  startup_stm32f10x_hd.o [1]
  .text               ro code  0x080125b8     0x4  startup_stm32f10x_hd.o [1]
  .text               ro code  0x080125bc     0x4  startup_stm32f10x_hd.o [1]
  .text               ro code  0x080125c0     0x4  startup_stm32f10x_hd.o [1]
  .text               ro code  0x080125c4     0x4  startup_stm32f10x_hd.o [1]
  .text               ro code  0x080125c8     0x4  startup_stm32f10x_hd.o [1]
  .text               ro code  0x080125cc     0x4  startup_stm32f10x_hd.o [1]
  .text               ro code  0x080125d0     0x4  startup_stm32f10x_hd.o [1]
  .text               ro code  0x080125d4     0x4  startup_stm32f10x_hd.o [1]
  .text               ro code  0x080125d8     0x4  startup_stm32f10x_hd.o [1]
  .rodata             const    0x080125dc     0x0  zero_init3.o [5]
  .rodata             const    0x080125dc     0x0  lz77_init_single.o [5]
  Initializer bytes   const    0x080125dc   0x10a  <for P2-1>
                             - 0x080126e6  0xe5b6

"P2", part 1 of 3:                          0x3df
  P2-1                         0x20000000   0x3df  <Init block>
    .data             inited   0x20000000     0x8  AlarmComm.o [1]
    .data             inited   0x20000008     0x4  AlarmComm.o [1]
    .data             inited   0x2000000c     0x4  AlarmComm.o [1]
    .data             inited   0x20000010     0x4  AlarmComm.o [1]
    .data             inited   0x20000014     0x4  AlarmComm.o [1]
    .data             inited   0x20000018     0x4  AlarmComm.o [1]
    .data             inited   0x2000001c     0x8  AlarmComm.o [1]
    .data             inited   0x20000024     0x8  AlarmComm.o [1]
    .data             inited   0x2000002c     0x4  config.o [1]
    .data             inited   0x20000030    0x80  debug.o [1]
    .data             inited   0x200000b0    0x40  debug.o [1]
    .data             inited   0x200000f0     0x4  rabm.o [1]
    .data             inited   0x200000f4     0x4  rabm.o [1]
    .data             inited   0x200000f8     0x4  rabm.o [1]
    .data             inited   0x200000fc     0x4  rabm.o [1]
    .data             inited   0x20000100   0x100  rabm.o [1]
    .data             inited   0x20000200    0x48  rabm.o [1]
    .data             inited   0x20000248    0x10  stm32f10x_rcc.o [1]
    .data             inited   0x20000258     0x4  stm32f10x_rcc.o [1]
    .data             inited   0x2000025c    0x40  xfiles.o [3]
    __DLIB_PERTHREAD  inited   0x2000029c     0x8  localtim.o [3]
    __DLIB_PERTHREAD  inited   0x200002a4    0x74  setlocale.o [3]
    __DLIB_PERTHREAD  inited   0x20000318    0x2c  xttotm.o [3]
    __DLIB_PERTHREAD  inited   0x20000344     0x4  errno.o [3]
    __DLIB_PERTHREAD  inited   0x20000348    0x88  localeconv.o [3]
    __DLIB_PERTHREAD  inited   0x200003d0     0x4  xisdst.o [3]
    __DLIB_PERTHREAD  inited   0x200003d4     0x4  xisdstData.o [3]
    .data             inited   0x200003d8     0x2  AlarmComm.o [1]
    .data             inited   0x200003da     0x2  rabm.o [1]
    .data             inited   0x200003dc     0x1  AlarmComm.o [1]
    .data             inited   0x200003dd     0x1  AlarmComm.o [1]
    .data             inited   0x200003de     0x1  config.o [1]
                             - 0x200003df   0x3df

"P2", part 2 of 3:                         0x1000
  CSTACK                       0x200003e0   0x800  <Block>
    CSTACK            uninit   0x200003e0   0x800  <Block tail>
  HEAP                         0x20000be0   0x800  <Block>
    HEAP              uninit   0x20000be0   0x800  <Block tail>
                             - 0x200013e0  0x1000

"P2", part 3 of 3:                         0x1ef0
  .bss                zero     0x200013e0   0x800  AlarmComm.o [1]
  .bss                zero     0x20001be0   0x800  AlarmComm.o [1]
  .bss                zero     0x200023e0   0x200  config.o [1]
  .bss                zero     0x200025e0   0x100  command.o [1]
  .bss                zero     0x200026e0   0x100  command.o [1]
  .bss                zero     0x200027e0   0x100  command.o [1]
  .bss                zero     0x200028e0    0xf4  AlarmComm.o [1]
  .bss                zero     0x200029d4    0xd8  AlarmComm.o [1]
  .bss                zero     0x20002aac    0xa0  rabm.o [1]
  .bss                zero     0x20002b4c    0x80  rabm.o [1]
  .bss                zero     0x20002bcc    0x70  rabm.o [1]
  .bss                zero     0x20002c3c    0x68  command.o [1]
  .bss                zero     0x20002ca4    0x64  AlarmComm.o [1]
  .bss                zero     0x20002d08    0x60  rabm.o [1]
  .bss                zero     0x20002d68    0x50  rabm.o [1]
  .bss                zero     0x20002db8    0x50  xfiles.o [3]
  .bss                zero     0x20002e08    0x48  command.o [1]
  .bss                zero     0x20002e50    0x30  rabm.o [1]
  .bss                zero     0x20002e80    0x30  rabm.o [1]
  .bss                zero     0x20002eb0    0x2c  config.o [1]
  .bss                zero     0x20002edc    0x2c  Time.o [1]
  .bss                zero     0x20002f08    0x28  command.o [1]
  .bss                zero     0x20002f30    0x28  command.o [1]
  .bss                zero     0x20002f58    0x24  rabm.o [1]
  .bss                zero     0x20002f7c    0x24  rabm.o [1]
  .bss                zero     0x20002fa0    0x20  AlarmComm.o [1]
  .bss                zero     0x20002fc0    0x20  command.o [1]
  .bss                zero     0x20002fe0    0x20  stm32f10x_it.o [1]
  .bss                zero     0x20003000    0x20  stm32f10x_it.o [1]
  .bss                zero     0x20003020    0x1c  rabm.o [1]
  .bss                zero     0x2000303c    0x18  command.o [1]
  .bss                zero     0x20003054    0x18  rabm.o [1]
  .bss                zero     0x2000306c    0x18  rabm.o [1]
  .bss                zero     0x20003084    0x14  config.o [1]
  .bss                zero     0x20003098    0x18  rabm.o [1]
  .bss                zero     0x200030b0    0x14  config.o [1]
  .bss                zero     0x200030c4    0x14  rabm.o [1]
  .bss                zero     0x200030d8    0x14  rabm.o [1]
  .bss                zero     0x200030ec    0x14  rabm.o [1]
  .bss                zero     0x20003100    0x14  rabm.o [1]
  .bss                zero     0x20003114    0x10  AlarmComm.o [1]
  .bss                zero     0x20003124    0x10  w5500.o [1]
  .bss                zero     0x20003134    0x10  w5500.o [1]
  .bss                zero     0x20003144     0xc  rabm.o [1]
  .bss                zero     0x20003150     0x8  AlarmComm.o [1]
  .bss                zero     0x20003158     0x8  AlarmComm.o [1]
  .bss                zero     0x20003160     0x8  rabm.o [1]
  .bss                zero     0x20003168     0x8  rabm.o [1]
  .bss                zero     0x20003170     0x8  stm32f10x_it.o [1]
  .bss                zero     0x20003178     0x8  xxmemxmalloc.o [3]
  .bss                zero     0x20003180     0x4  AlarmComm.o [1]
  .bss                zero     0x20003184     0x4  AlarmComm.o [1]
  .bss                zero     0x20003188     0x4  AlarmComm.o [1]
  .bss                zero     0x2000318c     0x4  AlarmComm.o [1]
  .bss                zero     0x20003190     0x4  AlarmComm.o [1]
  .bss                zero     0x20003194     0x4  AlarmComm.o [1]
  .bss                zero     0x20003198     0x4  AlarmComm.o [1]
  .bss                zero     0x2000319c     0x4  AlarmComm.o [1]
  .bss                zero     0x200031a0     0x4  AlarmComm.o [1]
  .bss                zero     0x200031a4     0x4  AlarmComm.o [1]
  .bss                zero     0x200031a8     0x4  AlarmComm.o [1]
  .bss                zero     0x200031ac     0x4  command.o [1]
  .bss                zero     0x200031b0     0x4  config.o [1]
  .bss                zero     0x200031b4     0x4  config.o [1]
  .bss                zero     0x200031b8     0x4  config.o [1]
  .bss                zero     0x200031bc     0x4  config.o [1]
  .bss                zero     0x200031c0     0x4  config.o [1]
  .bss                zero     0x200031c4     0x4  config.o [1]
  .bss                zero     0x200031c8     0x4  config.o [1]
  .bss                zero     0x200031cc     0x4  config.o [1]
  .bss                zero     0x200031d0     0x4  dhcp.o [1]
  .bss                zero     0x200031d4     0x4  dhcp.o [1]
  .bss                zero     0x200031d8     0x4  dhcp.o [1]
  .bss                zero     0x200031dc     0x4  dhcp.o [1]
  .bss                zero     0x200031e0     0x4  dhcp.o [1]
  .bss                zero     0x200031e4     0x4  dhcp.o [1]
  .bss                zero     0x200031e8     0x4  ping.o [1]
  .bss                zero     0x200031ec     0x4  rabm.o [1]
  .bss                zero     0x200031f0     0x4  rabm.o [1]
  .bss                zero     0x200031f4     0x4  rabm.o [1]
  .bss                zero     0x200031f8     0x4  rabm.o [1]
  .bss                zero     0x200031fc     0x4  rabm.o [1]
  .bss                zero     0x20003200     0x4  rabm.o [1]
  .bss                zero     0x20003204     0x4  rabm.o [1]
  .bss                zero     0x20003208     0x4  rabm.o [1]
  .bss                zero     0x2000320c     0x4  rabm.o [1]
  .bss                zero     0x20003210     0x4  rabm.o [1]
  .bss                zero     0x20003214     0x4  rabm.o [1]
  .bss                zero     0x20003218     0x4  rabm.o [1]
  .bss                zero     0x2000321c     0x4  rabm.o [1]
  .bss                zero     0x20003220     0x4  rabm.o [1]
  .bss                zero     0x20003224     0x4  rabm.o [1]
  .bss                zero     0x20003228     0x4  rabm.o [1]
  .bss                zero     0x2000322c     0x4  rabm.o [1]
  .bss                zero     0x20003230     0x4  rabm.o [1]
  .bss                zero     0x20003234     0x4  rabm.o [1]
  .bss                zero     0x20003238     0x4  rabm.o [1]
  .bss                zero     0x2000323c     0x4  rabm.o [1]
  .bss                zero     0x20003240     0x4  rabm.o [1]
  .bss                zero     0x20003244     0x4  rabm.o [1]
  .bss                zero     0x20003248     0x4  rabm.o [1]
  .bss                zero     0x2000324c     0x4  rabm.o [1]
  .bss                zero     0x20003250     0x4  rabm.o [1]
  .bss                zero     0x20003254     0x4  rabm.o [1]
  .bss                zero     0x20003258     0x4  rabm.o [1]
  .bss                zero     0x2000325c     0x4  rabm.o [1]
  .bss                zero     0x20003260     0x4  rabm.o [1]
  .bss                zero     0x20003264     0x4  rabm.o [1]
  .bss                zero     0x20003268     0x4  rabm.o [1]
  .bss                zero     0x2000326c     0x4  rabm.o [1]
  .bss                zero     0x20003270     0x4  stm32f10x_it.o [1]
  .bss                zero     0x20003274     0x4  stm32f10x_it.o [1]
  .bss                zero     0x20003278     0x4  stm32f10x_it.o [1]
  .bss                zero     0x2000327c     0x4  stm32f10x_it.o [1]
  .bss                zero     0x20003280     0x4  stm32f10x_it.o [1]
  .bss                zero     0x20003284     0x4  stm32f10x_it.o [1]
  .bss                zero     0x20003288     0x4  stm32f10x_it.o [1]
  .bss                zero     0x2000328c     0x4  Time.o [1]
  .bss                zero     0x20003290     0x4  Time.o [1]
  .bss                zero     0x20003294     0x4  Time.o [1]
  .bss                zero     0x20003298     0x4  util.o [1]
  .bss                zero     0x2000329c     0x4  w5500.o [1]
  .bss                zero     0x200032a0     0x4  xgetmemchunk.o [3]
  .bss                zero     0x200032a4     0x2  AlarmComm.o [1]
  .bss                zero     0x200032a6     0x2  AlarmComm.o [1]
  .bss                zero     0x200032a8     0x2  command.o [1]
  .bss                zero     0x200032aa     0x2  command.o [1]
  .bss                zero     0x200032ac     0x2  rabm.o [1]
  .bss                zero     0x200032ae     0x2  rabm.o [1]
  .bss                zero     0x200032b0     0x2  rabm.o [1]
  .bss                zero     0x200032b2     0x2  rabm.o [1]
  .bss                zero     0x200032b4     0x2  rabm.o [1]
  .bss                zero     0x200032b6     0x2  rabm.o [1]
  .bss                zero     0x200032b8     0x2  rabm.o [1]
  .bss                zero     0x200032ba     0x2  rabm.o [1]
  .bss                zero     0x200032bc     0x2  rabm.o [1]
  .bss                zero     0x200032be     0x2  rabm.o [1]
  .bss                zero     0x200032c0     0x2  socket.o [1]
  .bss                zero     0x200032c2     0x1  AlarmComm.o [1]
  .bss                zero     0x200032c3     0x1  command.o [1]
  .bss                zero     0x200032c4     0x1  command.o [1]
  .bss                zero     0x200032c5     0x1  config.o [1]
  .bss                zero     0x200032c6     0x1  debug.o [1]
  .bss                zero     0x200032c7     0x1  dhcp.o [1]
  .bss                zero     0x200032c8     0x1  dhcp.o [1]
  .bss                zero     0x200032c9     0x1  ping.o [1]
  .bss                zero     0x200032ca     0x1  ping.o [1]
  .bss                zero     0x200032cb     0x1  rabm.o [1]
  .bss                zero     0x200032cc     0x1  stm32f10x_it.o [1]
                             - 0x200032cd  0x1eed


*******************************************************************************
*** INIT TABLE
***

          Address     Size
          -------     ----
Zero (__iar_zero_init3)
    1 destination range, total size 0x1eed:
          0x200013e0  0x1eed

Copy/lz77 (__iar_lz77_init_single3)
    1 source range, total size 0x10a (26% of destination):
          0x080125dc   0x10a
    1 destination range, total size 0x3df:
          0x20000000   0x3df



*******************************************************************************
*** MODULE SUMMARY
***

    Module                  ro code  ro data  rw data
    ------                  -------  -------  -------
H:\WORK_THIS\STM32F10x_StdPeriph_Lib_V3.5.0\Project\TH_TEST_DRV\EWARM\TH_5G_TEST\Obj: [1]
    AlarmComm.o               3 092      671    4 817
    Time.o                      468       16       56
    command.o                 5 600      388    1 090
    config.o                  4 992        2      634
    debug.o                   2 600      368      193
    dhcp.o                      332       20       26
    loopback.o                  260       64
    main.o                      124      116
    md5.o                     2 656       64
    misc.o                      156
    ping.o                       92       20        6
    rabm.o                   13 340    1 245    1 451
    socket.o                  1 132       12        2
    startup_stm32f10x_hd.o      596
    stm32f10x_adc.o             650
    stm32f10x_bkp.o              76
    stm32f10x_dac.o              24
    stm32f10x_dma.o             412
    stm32f10x_exti.o            204
    stm32f10x_flash.o           446
    stm32f10x_gpio.o            692
    stm32f10x_i2c.o             562
    stm32f10x_it.o              728               101
    stm32f10x_iwdg.o             16
    stm32f10x_pwr.o              12
    stm32f10x_rcc.o           1 012        6       20
    stm32f10x_rtc.o             248
    stm32f10x_spi.o             224
    stm32f10x_tim.o             484
    stm32f10x_usart.o           660
    system_stm32f10x.o          344
    util.o                      354       36        4
    w5500.o                   1 184                36
    -------------------------------------------------
    Total:                   43 772    3 028    8 436

command line: [2]
    -------------------------------------------------
    Total:

dl7M_tlf.a: [3]
    atoi.o                        8
    div.o                        14
    errno.o                      12        1        4
    exit.o                        4
    getzone.o                    10
    isxxx.o                      20
    localeconv.o                108       36      136
    localtim.o                  182        2        8
    low_level_init.o              4
    mktime.o                    208
    printf.o                     36
    putchar.o                    12
    setlocale.o                  84       31      116
    sprintf.o                    52
    strcat.o                     28
    tolower.o                    20
    vfprintf.o                   44
    xencoding_sb.o               96
    xfiles.o                              17      144
    xfprout.o                    24
    xgetdst.o                   362
    xgetmemchunk.o               44                 4
    xgettime.o                   66
    xisdst.o                    308        2        4
    xisdstData.o                           1        4
    xlocale_c.o                  32
    xmbcurmax.o                  10
    xmbtowc.o                    32
    xprintffull.o             4 454
    xprout.o                     22
    xsprout.o                    10
    xstol.o                     136
    xstoul.o                    408
    xsyslock_nop.o                4
    xtls.o                        2
    xttotm.o                    392       12       44
    xwctomb.o                    26
    xxmemxfree.o                128
    xxmemxmalloc.o              176                 8
    -------------------------------------------------
    Total:                    7 578      102      472

m7M_tl.a: [4]
    DblAdd.o                    232
    DblCmpGe.o                   46
    DblCmpLe.o                   46
    DblDiv.o                    598
    DblMul.o                    418
    DblSub.o                    384
    DblToFlt.o                  144
    DblToI32.o                   88
    FltAdd.o                    132
    FltCmpEq.o                   28
    FltCmpGe.o                   36
    FltCmpLe.o                   36
    FltDiv.o                    252
    FltMul.o                    216
    FltSub.o                    230
    FltToDbl.o                   78
    FltToS32.o                   68
    I32ToDbl.o                   48
    I32ToFlt.o                   50
    xdnorm.o                     66
    xdscale.o                   268
    -------------------------------------------------
    Total:                    3 464

rt7M_tl.a: [5]
    ABImemcpy_unaligned.o       118
    ABImemset.o                 102
    I64DivMod.o                 238
    I64DivZer.o                   2
    cexit.o                      10
    cmain.o                      26
    cstartup_M.o                 12
    data_init.o                  40
    lz77_init_single.o          118
    memchr.o                     88
    memcmp_unaligned.o           98
    strchr.o                     22
    strcpy_unaligned.o           68
    strlen.o                     54
    zero_init3.o                 64
    -------------------------------------------------
    Total:                    1 060

shb_l.a: [6]
    exit.o                       20
    -------------------------------------------------
    Total:                       20

    Gaps                         54
    Linker created                        32    4 096
-----------------------------------------------------
    Grand Total:             55 948    3 162   13 004


*******************************************************************************
*** ENTRY LIST
***

Entry                      Address   Size  Type      Object
-----                      -------   ----  ----      ------
.iar.init_table$$Base   0x08011bfc          --   Gb  - Linker created -
.iar.init_table$$Limit  0x08011c1c          --   Gb  - Linker created -
?main                   0x08011d99         Code  Gb  cmain.o [5]
A1_flag                 0x200032ac    0x2  Data  Gb  rabm.o [1]
ACA_Read                0x08004f1d   0x5e  Code  Gb  rabm.o [1]
ACT_Read                0x08004f7d   0x50  Code  Gb  rabm.o [1]
ACV_Read                0x08004e01  0x106  Code  Gb  rabm.o [1]
ACV_value               0x200000fc    0x4  Data  Gb  rabm.o [1]
ADCPrescTable           0x20000258    0x4  Data  Lc  stm32f10x_rcc.o [1]
ADC_Cmd                 0x0800e693   0x1a  Code  Gb  stm32f10x_adc.o [1]
ADC_Configuration_scanmode
                        0x08007681  0x142  Code  Gb  config.o [1]
ADC_DMACmd              0x0800e6ad   0x1a  Code  Gb  stm32f10x_adc.o [1]
ADC_DeInit              0x0800e5e5   0x5e  Code  Gb  stm32f10x_adc.o [1]
ADC_GetCalibrationStatus
                        0x0800e6f3   0x18  Code  Gb  stm32f10x_adc.o [1]
ADC_GetConversionValue  0x0800e813    0x6  Code  Gb  stm32f10x_adc.o [1]
ADC_GetFlagStatus       0x0800e855   0x1a  Code  Gb  stm32f10x_adc.o [1]
ADC_GetResetCalibrationStatus
                        0x0800e6d1   0x18  Code  Gb  stm32f10x_adc.o [1]
ADC_Init                0x0800e643   0x50  Code  Gb  stm32f10x_adc.o [1]
ADC_InitStructure       0x200030b0   0x14  Data  Gb  config.o [1]
ADC_ReadCh              0x08007c05   0x7a  Code  Gb  config.o [1]
ADC_RegularChannelConfig
                        0x0800e725   0xee  Code  Gb  stm32f10x_adc.o [1]
ADC_ResetCalibration    0x0800e6c7    0xa  Code  Gb  stm32f10x_adc.o [1]
ADC_SoftwareStartConvCmd
                        0x0800e70b   0x1a  Code  Gb  stm32f10x_adc.o [1]
ADC_StartCalibration    0x0800e6e9    0xa  Code  Gb  stm32f10x_adc.o [1]
ADC_TempSensorVrefintCmd
                        0x0800e819   0x22  Code  Gb  stm32f10x_adc.o [1]
AFIO_Configuration      0x08007af3   0x22  Code  Gb  config.o [1]
APBAHBPrescTable        0x20000248   0x10  Data  Lc  stm32f10x_rcc.o [1]
BATA_Calibration        0x08005405   0x22  Code  Gb  rabm.o [1]
BATA_Read               0x08005275  0x190  Code  Gb  rabm.o [1]
BATT_Read               0x0800542d  0x128  Code  Gb  rabm.o [1]
BCV_Read                0x08005025   0x90  Code  Gb  rabm.o [1]
BKP_DeInit              0x0800f439   0x10  Code  Gb  stm32f10x_bkp.o [1]
BKP_ReadBackupRegister  0x0800f465   0x1c  Code  Gb  stm32f10x_bkp.o [1]
BKP_WriteBackupRegister
                        0x0800f449   0x1c  Code  Gb  stm32f10x_bkp.o [1]
BusFault_Handler        0x080113cf    0x2  Code  Gb  stm32f10x_it.o [1]
CS5463_Command          0x080086fb   0x26  Code  Gb  config.o [1]
CS5463_Read             0x08008829   0x24  Code  Gb  config.o [1]
CS5463_Read_            0x08008721   0x5c  Code  Gb  config.o [1]
CS5463_Reset            0x080087e9   0x3c  Code  Gb  config.o [1]
CS5463_Write_           0x08008781   0x60  Code  Gb  config.o [1]
CS5463_init             0x08008851   0x1a  Code  Gb  config.o [1]
CS5463_page             0x200031cc    0x4  Data  Gb  config.o [1]
CSTACK$$Base            0x200003e0          --   Gb  - Linker created -
CSTACK$$Limit           0x20000be0          --   Gb  - Linker created -
DAC_Configuration       0x08007bc3   0x42  Code  Gb  config.o [1]
DAC_DeInit              0x0800ebbd   0x18  Code  Gb  stm32f10x_dac.o [1]
DAC_WriteCh             0x08007b5b   0x68  Code  Gb  config.o [1]
DCV_Read                0x080051a9    0xe  Code  Gb  rabm.o [1]
DCV_value               0x200031f0    0x4  Data  Gb  rabm.o [1]
DHCPC_SOCK              0x200032c8    0x1  Data  Gb  dhcp.o [1]
DHCP_XID                0x200031dc    0x4  Data  Lc  dhcp.o [1]
DMA_Cmd                 0x0800e591   0x1c  Code  Gb  stm32f10x_dma.o [1]
DMA_Configuration       0x08007571   0x82  Code  Gb  config.o [1]
DMA_DeInit              0x0800e449  0x10a  Code  Gb  stm32f10x_dma.o [1]
DMA_Init                0x0800e553   0x3e  Code  Gb  stm32f10x_dma.o [1]
DMA_InitStructure       0x20002eb0   0x2c  Data  Gb  config.o [1]
DebugMon_Handler        0x080113d3    0x2  Code  Gb  stm32f10x_it.o [1]
Delay                   0x08008c0f    0xa  Code  Gb  util.o [1]
Delay_ms                0x08008cdf   0x28  Code  Gb  util.o [1]
Delay_us                0x08008cb5   0x2a  Code  Gb  util.o [1]
EEPROM_SendAddr         0x08007fed   0x72  Code  Gb  config.o [1]
EEPROM_SendData         0x0800806d   0x3e  Code  Gb  config.o [1]
EXTI1_Config            0x080077c3   0x76  Code  Gb  config.o [1]
EXTI1_IRQHandler        0x08011635   0x1a  Code  Gb  stm32f10x_it.o [1]
EXTI_ClearITPendingBit  0x0800e921    0x6  Code  Gb  stm32f10x_exti.o [1]
EXTI_GetITStatus        0x0800e8f9   0x28  Code  Gb  stm32f10x_exti.o [1]
EXTI_Init               0x0800e871   0x88  Code  Gb  stm32f10x_exti.o [1]
Enable_DHCP             0x200032c2    0x1  Data  Gb  AlarmComm.o [1]
FLASH_ErasePage         0x0800ec35   0x5e  Code  Gb  stm32f10x_flash.o [1]
FLASH_GetBank1Status    0x0800ed13   0x34  Code  Gb  stm32f10x_flash.o [1]
FLASH_Lock              0x0800ec23   0x12  Code  Gb  stm32f10x_flash.o [1]
FLASH_PrefetchBufferCmd
                        0x0800ebed   0x20  Code  Gb  stm32f10x_flash.o [1]
FLASH_ProgramWord       0x0800ec93   0x80  Code  Gb  stm32f10x_flash.o [1]
FLASH_SetLatency        0x0800ebd5   0x18  Code  Gb  stm32f10x_flash.o [1]
FLASH_Unlock            0x0800ec0d   0x16  Code  Gb  stm32f10x_flash.o [1]
FLASH_WaitForLastOperation
                        0x0800ed65   0x2e  Code  Gb  stm32f10x_flash.o [1]
FW_VERSION              0x200030d8   0x14  Data  Gb  rabm.o [1]
GET_GW_IP               0x200031d4    0x4  Data  Gb  dhcp.o [1]
GET_SIP                 0x200031d8    0x4  Data  Gb  dhcp.o [1]
GET_SN_MASK             0x200031d0    0x4  Data  Gb  dhcp.o [1]
GPIOA_Configuration     0x080078d9   0xde  Code  Gb  config.o [1]
GPIOB_Configuration     0x080079b7   0x94  Code  Gb  config.o [1]
GPIOC_Configuration     0x08007a7b   0x78  Code  Gb  config.o [1]
GPIOD_Configuration     0x08007a4b   0x30  Code  Gb  config.o [1]
GPIO_Configuration      0x08007b15   0x46  Code  Gb  config.o [1]
GPIO_DeInit             0x080088f1   0xb4  Code  Gb  stm32f10x_gpio.o [1]
GPIO_EXTILineConfig     0x08008b33   0x50  Code  Gb  stm32f10x_gpio.o [1]
GPIO_Init               0x080089a5  0x136  Code  Gb  stm32f10x_gpio.o [1]
GPIO_InitStructure      0x200031b4    0x4  Data  Gb  config.o [1]
GPIO_ReadInputDataBit   0x08008adb   0x1a  Code  Gb  stm32f10x_gpio.o [1]
GPIO_ReadOutputDataBit  0x08008af5   0x1a  Code  Gb  stm32f10x_gpio.o [1]
GPIO_ResetBits          0x08008b15    0x6  Code  Gb  stm32f10x_gpio.o [1]
GPIO_SetBits            0x08008b0f    0x6  Code  Gb  stm32f10x_gpio.o [1]
GPIO_Write              0x08008b2d    0x6  Code  Gb  stm32f10x_gpio.o [1]
GPIO_WriteBit           0x08008b1b   0x12  Code  Gb  stm32f10x_gpio.o [1]
HEAP$$Base              0x20000be0          --   Gb  - Linker created -
HEAP$$Limit             0x200013e0          --   Gb  - Linker created -
HSEStartUpStatus        0x200032c5    0x1  Data  Gb  config.o [1]
HW_VERSION              0x200030c4   0x14  Data  Gb  rabm.o [1]
HardFault_Handler       0x080113cb    0x2  Code  Gb  stm32f10x_it.o [1]
I2C1_ER_IRQHandler      0x0801147b    0x2  Code  Gb  stm32f10x_it.o [1]
I2C1_EV_IRQHandler      0x08011475    0x2  Code  Gb  stm32f10x_it.o [1]
I2C2_ER_IRQHandler      0x08011479    0x2  Code  Gb  stm32f10x_it.o [1]
I2C2_EV_IRQHandler      0x08011477    0x2  Code  Gb  stm32f10x_it.o [1]
I2C_AcknowledgeConfig   0x0800f1b5   0x1c  Code  Gb  stm32f10x_i2c.o [1]
I2C_CheckEvent          0x0800f223   0x38  Code  Gb  stm32f10x_i2c.o [1]
I2C_Cmd                 0x0800f161   0x1c  Code  Gb  stm32f10x_i2c.o [1]
I2C_Configuration       0x08007ea1   0x86  Code  Gb  config.o [1]
I2C_DeInit              0x0800f029   0x36  Code  Gb  stm32f10x_i2c.o [1]
I2C_GenerateSTART       0x0800f17d   0x1c  Code  Gb  stm32f10x_i2c.o [1]
I2C_GenerateSTOP        0x0800f199   0x1c  Code  Gb  stm32f10x_i2c.o [1]
I2C_ITConfig            0x0800f1d1   0x16  Code  Gb  stm32f10x_i2c.o [1]
I2C_Init                0x0800f05f   0xf2  Code  Gb  stm32f10x_i2c.o [1]
I2C_ReceiveData         0x0800f1ed    0x6  Code  Gb  stm32f10x_i2c.o [1]
I2C_Send7bitAddress     0x0800f1f3   0x16  Code  Gb  stm32f10x_i2c.o [1]
I2C_SendData            0x0800f1e7    0x6  Code  Gb  stm32f10x_i2c.o [1]
I2C_SoftwareResetCmd    0x0800f209   0x1a  Code  Gb  stm32f10x_i2c.o [1]
I2C_reset               0x08007f31   0xbc  Code  Gb  config.o [1]
IINCHIP_CSoff           0x0800c367    0xa  Code  Gb  w5500.o [1]
IINCHIP_CSon            0x0800c371    0xa  Code  Gb  w5500.o [1]
IINCHIP_READ            0x0800c3c3   0x38  Code  Gb  w5500.o [1]
IINCHIP_SpiSendData     0x0800c37b   0x10  Code  Gb  w5500.o [1]
IINCHIP_WRITE           0x0800c38b   0x38  Code  Gb  w5500.o [1]
IWDG_ReloadCounter      0x08008f51    0xa  Code  Gb  stm32f10x_iwdg.o [1]
LDA_Read                0x080051c1   0x9e  Code  Gb  rabm.o [1]
LED_fail                0x0800436f   0x24  Code  Gb  rabm.o [1]
LED_run                 0x0800434b   0x24  Code  Gb  rabm.o [1]
LED_run_blink           0x08004393   0x1e  Code  Gb  rabm.o [1]
LoadInt                 0x0800d92f   0x6e  Code  Lc  xprintffull.o [3]
MemManage_Handler       0x080113cd    0x2  Code  Gb  stm32f10x_it.o [1]
NMI_Handler             0x080113c9    0x2  Code  Gb  stm32f10x_it.o [1]
NVIC_Configuration      0x08007df5   0xac  Code  Gb  config.o [1]
NVIC_Init               0x0800e947   0x68  Code  Gb  misc.o [1]
NVIC_PriorityGroupConfig
                        0x0800e93d    0xa  Code  Gb  misc.o [1]
NVIC_SetVectorTable     0x0800e9af    0xc  Code  Gb  misc.o [1]
NVIC_SystemReset        0x08004131   0x22  Code  Lc  rabm.o [1]
PWR_BackupAccessCmd     0x0800f485    0x8  Code  Gb  stm32f10x_pwr.o [1]
PendSV_Handler          0x080113d7    0x2  Code  Gb  stm32f10x_it.o [1]
RCC_ADCCLKConfig        0x08009149   0x14  Code  Gb  stm32f10x_rcc.o [1]
RCC_AHBPeriphClockCmd   0x08009279   0x1e  Code  Gb  stm32f10x_rcc.o [1]
RCC_APB1PeriphClockCmd  0x080092b5   0x1e  Code  Gb  stm32f10x_rcc.o [1]
RCC_APB1PeriphResetCmd  0x080092f1   0x1e  Code  Gb  stm32f10x_rcc.o [1]
RCC_APB2PeriphClockCmd  0x08009297   0x1e  Code  Gb  stm32f10x_rcc.o [1]
RCC_APB2PeriphResetCmd  0x080092d3   0x1e  Code  Gb  stm32f10x_rcc.o [1]
RCC_BackupResetCmd      0x0800930f    0x8  Code  Gb  stm32f10x_rcc.o [1]
RCC_ClearFlag           0x08009369    0xe  Code  Gb  stm32f10x_rcc.o [1]
RCC_Configuration       0x08007c7f   0x8a  Code  Gb  config.o [1]
RCC_DeInit              0x08008fd1   0x60  Code  Gb  stm32f10x_rcc.o [1]
RCC_GetClocksFreq       0x0800919d   0xdc  Code  Gb  stm32f10x_rcc.o [1]
RCC_GetFlagStatus       0x08009317   0x52  Code  Gb  stm32f10x_rcc.o [1]
RCC_GetSYSCLKSource     0x08009101    0xa  Code  Gb  stm32f10x_rcc.o [1]
RCC_HCLKConfig          0x0800910b   0x14  Code  Gb  stm32f10x_rcc.o [1]
RCC_HSEConfig           0x08009031   0x56  Code  Gb  stm32f10x_rcc.o [1]
RCC_LSEConfig           0x0800915d   0x2c  Code  Gb  stm32f10x_rcc.o [1]
RCC_PCLK1Config         0x0800911f   0x14  Code  Gb  stm32f10x_rcc.o [1]
RCC_PCLK2Config         0x08009133   0x16  Code  Gb  stm32f10x_rcc.o [1]
RCC_PLLCmd              0x080090e3    0xa  Code  Gb  stm32f10x_rcc.o [1]
RCC_PLLConfig           0x080090c7   0x1c  Code  Gb  stm32f10x_rcc.o [1]
RCC_RTCCLKCmd           0x08009195    0x8  Code  Gb  stm32f10x_rcc.o [1]
RCC_RTCCLKConfig        0x08009189    0xc  Code  Gb  stm32f10x_rcc.o [1]
RCC_SYSCLKConfig        0x080090ed   0x14  Code  Gb  stm32f10x_rcc.o [1]
RCC_WaitForHSEStartUp   0x08009087   0x40  Code  Gb  stm32f10x_rcc.o [1]
RET_Read                0x0800555d  0x128  Code  Gb  rabm.o [1]
RSIZE                   0x20003134   0x10  Data  Lc  w5500.o [1]
RTC_ClearITPendingBit   0x080096e3    0xc  Code  Gb  stm32f10x_rtc.o [1]
RTC_Configuration       0x08008f05   0x4c  Code  Gb  Time.o [1]
RTC_Configuration1      0x08008e99   0x50  Code  Gb  Time.o [1]
RTC_EnterConfigMode     0x0800962f    0xe  Code  Gb  stm32f10x_rtc.o [1]
RTC_ExitConfigMode      0x0800963d   0x10  Code  Gb  stm32f10x_rtc.o [1]
RTC_GetCounter          0x0800964d   0x16  Code  Gb  stm32f10x_rtc.o [1]
RTC_GetITStatus         0x080096b9   0x2a  Code  Gb  stm32f10x_rtc.o [1]
RTC_IRQHandler          0x080113f7   0x1e  Code  Gb  stm32f10x_it.o [1]
RTC_ITConfig            0x08009611   0x1e  Code  Gb  stm32f10x_rtc.o [1]
RTC_SetCounter          0x08009663   0x18  Code  Gb  stm32f10x_rtc.o [1]
RTC_SetPrescaler        0x0800967b   0x1c  Code  Gb  stm32f10x_rtc.o [1]
RTC_WaitForLastTask     0x08009697    0xa  Code  Gb  stm32f10x_rtc.o [1]
RTC_WaitForSynchro      0x080096a1   0x18  Code  Gb  stm32f10x_rtc.o [1]
RX_BUF                  0x20001be0  0x800  Data  Gb  AlarmComm.o [1]
Region$$Table$$Base     0x08011bfc          --   Gb  - Linker created -
Region$$Table$$Limit    0x08011c1c          --   Gb  - Linker created -
Reset_W5200             0x0800b8c7   0x28  Code  Gb  AlarmComm.o [1]
RxBuffer1               0x200023e0  0x200  Data  Gb  config.o [1]
SERIAL_NO               0x200030ec   0x14  Data  Gb  rabm.o [1]
SPI_Cmd                 0x0800f301   0x1c  Code  Gb  stm32f10x_spi.o [1]
SPI_Configuration       0x08008649   0x78  Code  Gb  config.o [1]
SPI_I2S_DeInit          0x0800f25d   0x58  Code  Gb  stm32f10x_spi.o [1]
SPI_I2S_GetFlagStatus   0x0800f325   0x18  Code  Gb  stm32f10x_spi.o [1]
SPI_I2S_ReceiveData     0x0800f321    0x4  Code  Gb  stm32f10x_spi.o [1]
SPI_I2S_SendData        0x0800f31d    0x4  Code  Gb  stm32f10x_spi.o [1]
SPI_Init                0x0800f2b5   0x40  Code  Gb  stm32f10x_spi.o [1]
SPI_SendByte            0x080086c5   0x36  Code  Gb  config.o [1]
SSIZE                   0x20003124   0x10  Data  Lc  w5500.o [1]
SUBNET                  0x2000329c    0x4  Data  Lc  w5500.o [1]
SVC_Handler             0x080113d5    0x2  Code  Gb  stm32f10x_it.o [1]
SerialPutChar           0x08007d71   0x22  Code  Gb  config.o [1]
SetSysClock             0x080116f5    0x8  Code  Lc  system_stm32f10x.o [1]
SetSysClockTo72         0x080116fd   0xe0  Code  Lc  system_stm32f10x.o [1]
SysTick_Handler         0x080113d9   0x1e  Code  Gb  stm32f10x_it.o [1]
SystemInit              0x080116a1   0x54  Code  Gb  system_stm32f10x.o [1]
TIM4_IRQHandler         0x0801147d  0x1b8  Code  Gb  stm32f10x_it.o [1]
TIME                    0x2000328c    0x4  Data  Gb  Time.o [1]
TIM_ClearITPendingBit   0x0800eb8b    0x8  Code  Gb  stm32f10x_tim.o [1]
TIM_Cmd                 0x0800eb07   0x1c  Code  Gb  stm32f10x_tim.o [1]
TIM_GetCapture1         0x0800eb55    0x4  Code  Gb  stm32f10x_tim.o [1]
TIM_GetITStatus         0x0800eb59   0x32  Code  Gb  stm32f10x_tim.o [1]
TIM_ITConfig            0x0800eb23   0x16  Code  Gb  stm32f10x_tim.o [1]
TIM_OC1Init             0x0800ea6d   0x9a  Code  Gb  stm32f10x_tim.o [1]
TIM_OC1PreloadConfig    0x0800eb3f   0x12  Code  Gb  stm32f10x_tim.o [1]
TIM_PrescalerConfig     0x0800eb39    0x6  Code  Gb  stm32f10x_tim.o [1]
TIM_SetCompare1         0x0800eb51    0x4  Code  Gb  stm32f10x_tim.o [1]
TIM_TimeBaseInit        0x0800e9d9   0x94  Code  Gb  stm32f10x_tim.o [1]
TX_BUF                  0x200013e0  0x800  Data  Gb  AlarmComm.o [1]
Thr                     0x20000200   0x48  Data  Gb  rabm.o [1]
TimeDisplay             0x200031b0    0x4  Data  Gb  config.o [1]
Timer4_Init             0x08007839   0xa0  Code  Gb  config.o [1]
UART_Configuration      0x08007d69    0x8  Code  Gb  config.o [1]
USART1_IRQHandler       0x08011415   0x5e  Code  Gb  stm32f10x_it.o [1]
USART1_Init             0x08007d09   0x60  Code  Gb  config.o [1]
USART2_IRQHandler       0x08011473    0x2  Code  Gb  stm32f10x_it.o [1]
USART_Cmd               0x0800ef19   0x1c  Code  Gb  stm32f10x_usart.o [1]
USART_DeInit            0x0800ed95   0x90  Code  Gb  stm32f10x_usart.o [1]
USART_GetFlagStatus     0x0800ef9b   0x1e  Code  Gb  stm32f10x_usart.o [1]
USART_GetITStatus       0x0800efb9   0x70  Code  Gb  stm32f10x_usart.o [1]
USART_ITConfig          0x0800ef35   0x56  Code  Gb  stm32f10x_usart.o [1]
USART_Init              0x0800ee25   0xde  Code  Gb  stm32f10x_usart.o [1]
USART_ReceiveData       0x0800ef93    0x8  Code  Gb  stm32f10x_usart.o [1]
USART_Rx                0x08007d93   0x4a  Code  Gb  config.o [1]
USART_SendData          0x0800ef8b    0x8  Code  Gb  stm32f10x_usart.o [1]
UsageFault_Handler      0x080113d1    0x2  Code  Gb  stm32f10x_it.o [1]
Vref                    0x200000f0    0x4  Data  Gb  rabm.o [1]
WIZ_CS                  0x0800c329   0x28  Code  Gb  w5500.o [1]
_EncodingSb_Mbtowc      0x080111cb   0x30  Code  Gb  xencoding_sb.o [3]
_EncodingSb_Wctomb      0x080111b1   0x1a  Code  Gb  xencoding_sb.o [3]
_FProut                 0x08011ee5   0x18  Code  Gb  xfprout.o [3]
_GenldFull              0x0800e1b3  0x24c  Code  Lc  xprintffull.o [3]
_Getdst                 0x0801127d  0x13e  Code  Gb  xgetdst.o [3]
_Gettime                0x0800f4f3   0x42  Code  Gb  xgettime.o [3]
_IsdstStr               0x200002a8    0x4  Data  Gb  setlocale.o [3]
_Isdst_olddst           0x200003d0    0x4  Data  Lc  xisdst.o [3]
_Isdst_rules            0x200003d4    0x4  Data  Gb  xisdstData.o [3]
_LdtobFull              0x0800ddb1  0x3fc  Code  Lc  xprintffull.o [3]
_LitobFull              0x0800dca9  0x106  Code  Lc  xprintffull.o [3]
_LocaleC_isspace        0x0801123d   0x14  Code  Gb  xlocale_c.o [3]
_LocaleC_tolower        0x080113bb    0xc  Code  Gb  xlocale_c.o [3]
_LocaleEncoding         0x0800f4cd    0xe  Code  Gb  setlocale.o [3]
_LocaleForCat           0x0800f4bb   0x12  Code  Gb  setlocale.o [3]
_LocaleReturnString     0x200002c8   0x50  Data  Lc  setlocale.o [3]
_Locale_Profile         0x200002ac   0x1c  Data  Gb  setlocale.o [3]
_Locale_aeabi_lconv     0x20000398   0x38  Data  Gb  localeconv.o [3]
_Locale_lconv           0x20000348   0x50  Data  Gb  localeconv.o [3]
_Localtime_oldzone      0x2000029c    0x4  Data  Lc  localtim.o [3]
_Localtime_tzoff        0x200002a0    0x4  Data  Lc  localtim.o [3]
_Mbtowc                 0x08010c8f   0x20  Code  Gb  xmbtowc.o [3]
_PrintfFull             0x0800d2e1  0x638  Code  Gb  xprintffull.o [3]
_Prout                  0x08011efd   0x16  Code  Gb  xprout.o [3]
_PutcharsFull           0x0800e3ff   0x2e  Code  Lc  xprintffull.o [3]
_PutstrFull             0x0800d99d  0x306  Code  Lc  xprintffull.o [3]
_SProut                 0x08008fc7    0xa  Code  Gb  xsprout.o [3]
_Ttotm_ts               0x20000318   0x2c  Data  Lc  xttotm.o [3]
_Tzoff                  0x08009709   0x94  Code  Gb  localtim.o [3]
_TzoneStr               0x200002a4    0x4  Data  Gb  setlocale.o [3]
_Wctomb                 0x08010ddd   0x1a  Code  Gb  xwctomb.o [3]
__aeabi_cdcmple         0x0800c1d1         Code  Gb  DblCmpLe.o [4]
__aeabi_cdrcmple        0x0800c2f9         Code  Gb  DblCmpGe.o [4]
__aeabi_cfcmpeq         0x08009f9d         Code  Gb  FltCmpEq.o [4]
__aeabi_cfcmple         0x080099c1         Code  Gb  FltCmpLe.o [4]
__aeabi_cfrcmple        0x08009fb9         Code  Gb  FltCmpGe.o [4]
__aeabi_d2f             0x08009835         Code  Gb  DblToFlt.o [4]
__aeabi_d2iz            0x080095b9         Code  Gb  DblToI32.o [4]
__aeabi_d2uiz           0x080095e5         Code  Gb  DblToI32.o [4]
__aeabi_dadd            0x080099e5         Code  Gb  DblAdd.o [4]
__aeabi_ddiv            0x08009acd         Code  Gb  DblDiv.o [4]
__aeabi_dmul            0x08009415         Code  Gb  DblMul.o [4]
__aeabi_dsub            0x0800f745         Code  Gb  DblSub.o [4]
__aeabi_errno_addr      0x0801105d    0x6  Code  Gb  errno.o [3]
__aeabi_f2d             0x080093c5         Code  Gb  FltToDbl.o [4]
__aeabi_f2iz            0x080097c1         Code  Gb  FltToS32.o [4]
__aeabi_fadd            0x08009e31         Code  Gb  FltAdd.o [4]
__aeabi_fdiv            0x080098c5         Code  Gb  FltDiv.o [4]
__aeabi_fmul            0x08009d59         Code  Gb  FltMul.o [4]
__aeabi_fsub            0x08009eb5         Code  Gb  FltSub.o [4]
__aeabi_i2d             0x08009805         Code  Gb  I32ToDbl.o [4]
__aeabi_i2f             0x08009d25         Code  Gb  I32ToFlt.o [4]
__aeabi_ldiv0           0x08010c8d         Code  Gb  I64DivZer.o [5]
__aeabi_memset          0x08008f61         Code  Gb  ABImemset.o [5]
__aeabi_ui2d            0x08009819         Code  Gb  I32ToDbl.o [4]
__aeabi_ui2f            0x08009d39         Code  Gb  I32ToFlt.o [4]
__aeabi_uldivmod        0x0800d1f1         Code  Gb  I64DivMod.o [5]
__cmain                 0x08011d99         Code  Gb  cmain.o [5]
__data_Aldata           0x20003178    0x8  Data  Gb  xxmemxmalloc.o [3]
__data_GetMemChunk      0x08011211   0x2c  Code  Gb  xgetmemchunk.o [3]
__exit                  0x08011dc9   0x14  Code  Gb  exit.o [6]
__getzone               0x0800f4e9    0x6  Code  Gb  getzone.o [3]
__iar_Daysto32          0x0800f5bd   0x3a  Code  Gb  xttotm.o [3]
__iar_Dnorm             0x08010e79   0x42  Code  Gb  xdnorm.o [4]
__iar_Dscale            0x08010ebd  0x10c  Code  Gb  xdscale.o [4]
__iar_Errno             0x20000344    0x4  Data  Gb  errno.o [3]
__iar_Isdst32           0x08011069  0x134  Code  Gb  xisdst.o [3]
__iar_Locale_lconv_init
                        0x08010fc9   0x3a  Code  Gb  localeconv.o [3]
__iar_Lockfilelock      0x08011043    0x2  Code  Gb  xsyslock_nop.o [3]
__iar_Mbcurmax          0x08010d21    0xa  Code  Gb  xmbcurmax.o [3]
__iar_Memchr            0x08010cc9         Code  Gb  memchr.o [5]
__iar_Memset            0x08008f61         Code  Gb  ABImemset.o [5]
__iar_Memset_word       0x08008f69         Code  Gb  ABImemset.o [5]
__iar_Stdout            0x2000025c   0x40  Data  Gb  xfiles.o [3]
__iar_Stolx             0x0800f535   0x88  Code  Gb  xstol.o [3]
__iar_Stoul             0x08010c39    0x4  Code  Gb  xstoul.o [3]
__iar_Stoulx            0x08010af5  0x13e  Code  Gb  xstoul.o [3]
__iar_Strchr            0x08010cb1         Code  Gb  strchr.o [5]
__iar_Ttotm32           0x0800f5f7  0x112  Code  Gb  xttotm.o [3]
__iar_TzoneStr_init     0x0800f495   0x26  Code  Gb  setlocale.o [3]
__iar_Unlockfilelock    0x08011045    0x2  Code  Gb  xsyslock_nop.o [3]
__iar_d2uiz             0x080095f1         Code  Gb  DblToI32.o [4]
__iar_dadd              0x080099f9         Code  Gb  DblAdd.o [4]
__iar_data_init3        0x08011b21   0x28  Code  Gb  data_init.o [5]
__iar_dlib_perthread_access
                        0x0800f491    0x2  Code  Gb  xtls.o [3]
__iar_dsub              0x0800f759         Code  Gb  DblSub.o [4]
__iar_dsubStart         0x0800f76b         Code  Gb  DblSub.o [4]
__iar_fadd              0x08009e41         Code  Gb  FltAdd.o [4]
__iar_fsub              0x08009ec5         Code  Gb  FltSub.o [4]
__iar_fsubStart         0x08009ed5         Code  Gb  FltSub.o [4]
__iar_lz77_init_single3
                        0x08008d07   0x76  Code  Gb  lz77_init_single.o [5]
__iar_program_start     0x08012469         Code  Gb  cstartup_M.o [5]
__iar_ui2d              0x0800981d         Code  Gb  I32ToDbl.o [4]
__iar_ui2f              0x08009d3d         Code  Gb  I32ToFlt.o [4]
__iar_unaligned___aeabi_memcpy
                        0x0800c235         Code  Gb  ABImemcpy_unaligned.o [5]
__iar_unaligned___aeabi_memcpy4
                        0x0800c255         Code  Gb  ABImemcpy_unaligned.o [5]
__iar_unaligned___aeabi_memcpy8
                        0x0800c255         Code  Gb  ABImemcpy_unaligned.o [5]
__iar_unaligned_memcmp  0x08010485         Code  Gb  memcmp_unaligned.o [5]
__iar_unaligned_strcpy  0x0800c2ad         Code  Gb  strcpy_unaligned.o [5]
__iar_zero_init3        0x08011905   0x40  Code  Gb  zero_init3.o [5]
__localtime32           0x080097a5   0x1a  Code  Gb  localtim.o [3]
__low_level_init        0x08011db3    0x4  Code  Gb  low_level_init.o [3]
__mktime32              0x0800f369   0xd0  Code  Gb  mktime.o [3]
__vector_table          0x08004000         Data  Gb  startup_stm32f10x_hd.o [1]
_call_main              0x08011da5         Code  Gb  cmain.o [5]
_exit                   0x08011dbd         Code  Gb  cexit.o [5]
_main                   0x08011daf         Code  Gb  cmain.o [5]
ac_shutdown_flag        0x20003238    0x4  Data  Lc  rabm.o [1]
acv_count               0x20003258    0x4  Data  Gb  rabm.o [1]
acv_flag                0x20003254    0x4  Data  Gb  rabm.o [1]
ad_offset               0x20002f58   0x24  Data  Gb  rabm.o [1]
ad_read_offset          0x08005e17   0x22  Code  Gb  rabm.o [1]
ad_save_offset          0x08005e05   0x12  Code  Gb  rabm.o [1]
ad_set                  0x2000303c   0x18  Data  Gb  command.o [1]
ad_set_init             0x08005f21  0x12e  Code  Gb  rabm.o [1]
ad_temp                 0x20003000   0x20  Data  Gb  stm32f10x_it.o [1]
adc_dr                  0x20003084   0x14  Data  Gb  config.o [1]
adc_ready               0x200032ae    0x2  Data  Gb  rabm.o [1]
adv                     0x20002fe0   0x20  Data  Gb  stm32f10x_it.o [1]
alarm_set               0x20002f08   0x28  Data  Gb  command.o [1]
alarm_set_default       0x08006055   0xe4  Code  Gb  rabm.o [1]
alarm_set_init          0x08006255   0xfa  Code  Gb  rabm.o [1]
alarm_sts               0x20002aac   0xa0  Data  Gb  rabm.o [1]
alarm_timer_init        0x08005985   0x38  Code  Gb  rabm.o [1]
alarm_value_check       0x08006141  0x108  Code  Gb  rabm.o [1]
atimer                  0x20002d08   0x60  Data  Gb  rabm.o [1]
atoi                    0x0800c2f1    0x8  Code  Gb  atoi.o [3]
auto_test               0x2000306c   0x18  Data  Gb  rabm.o [1]
auto_test_time          0x20003160    0x8  Data  Gb  rabm.o [1]
avg_ref                 0x08006d21   0xca  Code  Gb  rabm.o [1]
avg_ref_adc             0x08006c4d   0xc4  Code  Gb  rabm.o [1]
batA                    0x20003100   0x14  Data  Gb  rabm.o [1]
batS                    0x2000324c    0x4  Data  Gb  rabm.o [1]
bat_data                0x20003054   0x18  Data  Gb  rabm.o [1]
bat_offset              0x20003264    0x4  Data  Gb  rabm.o [1]
bat_set_auto_test_day   0x08007241  0x1a6  Code  Gb  rabm.o [1]
bat_sw_state            0x200032cb    0x1  Data  Lc  rabm.o [1]
bat_test_save_mode      0x08007141   0x14  Code  Gb  rabm.o [1]
bat_test_save_period    0x0800716b   0x10  Code  Gb  rabm.o [1]
bat_test_save_time      0x0800717b   0x54  Code  Gb  rabm.o [1]
bat_test_save_v         0x08007155   0x16  Code  Gb  rabm.o [1]
bat_test_set_mode       0x080071d5   0x26  Code  Gb  rabm.o [1]
bat_test_set_period     0x080073e9   0x2e  Code  Gb  rabm.o [1]
bat_test_set_v          0x080071fd   0x40  Code  Gb  rabm.o [1]
bat_test_start          0x08007421   0x34  Code  Gb  rabm.o [1]
buf                     0x20002f7c   0x24  Data  Gb  rabm.o [1]
check_CS5463_init       0x08004fdd   0x42  Code  Gb  rabm.o [1]
check_alarm_jumper      0x0800584f   0x42  Code  Gb  rabm.o [1]
check_port_status       0x080058a1   0xe0  Code  Gb  rabm.o [1]
check_saved_alarm       0x08005da9   0x58  Code  Gb  rabm.o [1]
check_status_flag       0x200032b4    0x2  Data  Gb  rabm.o [1]
clear_alarms            0x08005e5d   0x9c  Code  Gb  rabm.o [1]
close                   0x08010629   0x32  Code  Gb  socket.o [1]
cmd_ac_test             0x0800ca7d   0x7e  Code  Gb  debug.o [1]
cmd_adc_test            0x0800c8eb   0x88  Code  Gb  debug.o [1]
cmd_boot0_test          0x0800cb71   0x4a  Code  Gb  debug.o [1]
cmd_button_test         0x0800cbbb   0x76  Code  Gb  debug.o [1]
cmd_chip_id             0x0800c853   0x42  Code  Gb  debug.o [1]
cmd_dac_test            0x0800c973  0x10a  Code  Gb  debug.o [1]
cmd_debug_mode          0x0800ceab   0x50  Code  Gb  debug.o [1]
cmd_eprom_erase         0x0800cd7f   0x48  Code  Gb  debug.o [1]
cmd_eprom_test          0x0800cd33   0x4c  Code  Gb  debug.o [1]
cmd_get_ip              0x0800c895   0x56  Code  Gb  debug.o [1]
cmd_info_set            0x0800cf43   0x4c  Code  Gb  debug.o [1]
cmd_led_test            0x0800cafb   0x76  Code  Gb  debug.o [1]
cmd_out_sel             0x0800cf8f   0x2a  Code  Gb  debug.o [1]
cmd_output_test         0x0800cc31   0x86  Code  Gb  debug.o [1]
cmd_relay_test          0x0800ccb7   0x7c  Code  Gb  debug.o [1]
cmd_self_test           0x0800c82b   0x28  Code  Gb  debug.o [1]
cmd_set_hw_version      0x0800cdf3   0x42  Code  Gb  debug.o [1]
cmd_set_mac             0x0800ce35   0x3a  Code  Gb  debug.o [1]
cmd_set_sn              0x0800ce6f   0x3c  Code  Gb  debug.o [1]
cmd_system_shutdown     0x0800cdc7   0x2c  Code  Gb  debug.o [1]
cmd_test_mode           0x0800cefb   0x48  Code  Gb  debug.o [1]
const_hw_desc           0x08011874   0x50  Data  Gb  AlarmComm.o [1]
conv                    0x08008bc7   0x48  Code  Gb  util.o [1]
ctoi                    0x0800b5bd   0x1a  Code  Gb  AlarmComm.o [1]
ctx                     0x200029d4   0xd8  Data  Gb  AlarmComm.o [1]
dac_test                0x0800c80f   0x1c  Code  Gb  debug.o [1]
dac_test_flag           0x200032c6    0x1  Data  Gb  debug.o [1]
dac_value               0x20003260    0x4  Data  Gb  rabm.o [1]
debug_mode_toggle       0x0800c7f7   0x18  Code  Gb  debug.o [1]
dhcp_ip_conflict        0x200031e4    0x4  Data  Gb  dhcp.o [1]
dhcp_ip_update          0x200031e0    0x4  Data  Gb  dhcp.o [1]
dhcp_socket             0x200003dd    0x1  Data  Gb  AlarmComm.o [1]
dhcp_state              0x200032c7    0x1  Data  Gb  dhcp.o [1]
dhcp_time               0x20003274    0x4  Data  Gb  stm32f10x_it.o [1]
dhcp_timer_flag         0x200032cc    0x1  Data  Gb  stm32f10x_it.o [1]
diagnosis               0x0800d04d  0x1a4  Code  Gb  debug.o [1]
digits                  0x08010c3c   0x28  Data  Lc  xstoul.o [3]
display_status          0x08004153   0x2e  Code  Gb  rabm.o [1]
div                     0x08011035    0xe  Code  Gb  div.o [3]
dl_ack_frame            0x200031ac    0x4  Data  Gb  command.o [1]
do_test_mode            0x0800a6e5   0x18  Code  Gb  command.o [1]
download_fw             0x0800a723  0x2da  Code  Gb  command.o [1]
dprintf                 0x08008ba5   0x22  Code  Gb  util.o [1]
du_ip                   0x20000018    0x4  Data  Gb  AlarmComm.o [1]
due_state               0x200032a6    0x2  Data  Gb  AlarmComm.o [1]
dump_memory             0x08008c27   0x66  Code  Gb  util.o [1]
eeprom_OK               0x20003204    0x4  Data  Gb  rabm.o [1]
eeprom_erase            0x08004465   0x46  Code  Gb  rabm.o [1]
eeprom_read             0x08008381  0x19c  Code  Gb  config.o [1]
eeprom_read_buffer      0x080080b5  0x1a0  Code  Gb  config.o [1]
eeprom_test             0x080043f3   0x72  Code  Gb  rabm.o [1]
eeprom_write            0x08008525  0x118  Code  Gb  config.o [1]
eeprom_write_buffer     0x08008255  0x126  Code  Gb  config.o [1]
exit                    0x08011db7    0x4  Code  Gb  exit.o [3]
fail_lock               0x20003220    0x4  Data  Lc  rabm.o [1]
fail_on_ready           0x2000323c    0x4  Data  Gb  rabm.o [1]
flash_erase             0x0800b90b   0x32  Code  Gb  AlarmComm.o [1]
flash_write             0x0800b5d7   0x60  Code  Gb  AlarmComm.o [1]
forced_bat_test         0x2000325c    0x4  Data  Gb  rabm.o [1]
fputc                   0x0800886b   0x22  Code  Gb  config.o [1]
fram_addr               0x200003de    0x1  Data  Gb  config.o [1]
free                    0x08010df9   0x7a  Code  Gb  xxmemxfree.o [3]
fusing_check_file       0x0800bb7d   0xc8  Code  Gb  AlarmComm.o [1]
fusing_count            0x200031a4    0x4  Data  Gb  AlarmComm.o [1]
fusing_finish           0x0800b99d  0x1b0  Code  Gb  AlarmComm.o [1]
fusing_init             0x0800b945   0x2c  Code  Gb  AlarmComm.o [1]
fusing_mod              0x200031a0    0x4  Data  Gb  AlarmComm.o [1]
fusing_size             0x2000319c    0x4  Data  Gb  AlarmComm.o [1]
fusing_total_size       0x200031a8    0x4  Data  Gb  AlarmComm.o [1]
fw_version              0x200000f8    0x4  Data  Gb  rabm.o [1]
getGAR                  0x0800c63f   0x12  Code  Gb  w5500.o [1]
getIINCHIP_TxMAX        0x0800c35d    0xa  Code  Gb  w5500.o [1]
getSHAR                 0x0800c663   0x12  Code  Gb  w5500.o [1]
getSIPR                 0x0800c675   0x12  Code  Gb  w5500.o [1]
getSUBR                 0x0800c651   0x12  Code  Gb  w5500.o [1]
getSn_RX_RSR            0x0800c6dd   0x68  Code  Gb  w5500.o [1]
getSn_SR                0x0800c6cb   0x12  Code  Gb  w5500.o [1]
get_4byte               0x0800a579   0x36  Code  Gb  command.o [1]
get_alarm_status        0x080059bd    0x8  Code  Gb  rabm.o [1]
get_byte                0x0800b5b1    0xc  Code  Gb  command.o [1]
get_command             0x0800a54b   0x1c  Code  Gb  command.o [1]
get_data                0x0800a6b5   0x30  Code  Gb  command.o [1]
get_floatvalue          0x0800a5e5   0x54  Code  Gb  command.o [1]
get_frame               0x0800b421   0xea  Code  Gb  command.o [1]
get_intvalue            0x0800a5af   0x36  Code  Gb  command.o [1]
get_intvalue2           0x0800a639   0x36  Code  Gb  command.o [1]
get_ip_address          0x0800b8f1   0x1a  Code  Gb  AlarmComm.o [1]
get_log_size            0x080057dd   0x1a  Code  Gb  rabm.o [1]
get_mode                0x0800a6ad    0x8  Code  Gb  command.o [1]
get_op_mode             0x08005a01   0x4e  Code  Gb  rabm.o [1]
get_rect_status         0x08005819   0x36  Code  Gb  rabm.o [1]
get_str                 0x0800a567   0x12  Code  Gb  command.o [1]
get_string2             0x0800a66f   0x3e  Code  Gb  command.o [1]
get_system_time         0x08008e3d   0x54  Code  Gb  Time.o [1]
get_time_counter        0x08008e91    0x8  Code  Gb  Time.o [1]
getint                  0x08011251   0x2c  Code  Lc  xgetdst.o [3]
gw_ip                   0x20000008    0x4  Data  Gb  AlarmComm.o [1]
hw_desc                 0x200028e0   0xf4  Data  Gb  AlarmComm.o [1]
hw_version              0x200000f4    0x4  Data  Gb  rabm.o [1]
iinchip_init            0x0800c499    0xa  Code  Gb  w5500.o [1]
init_adc_dr             0x08007667   0x1a  Code  Gb  config.o [1]
init_alarm_mode         0x080041e1   0x1c  Code  Gb  rabm.o [1]
init_dhcp_client        0x080109d1   0x38  Code  Gb  dhcp.o [1]
init_dhcpc_ch           0x08010a11   0xaa  Code  Gb  dhcp.o [1]
init_due_addr           0x0800be91   0xac  Code  Gb  AlarmComm.o [1]
init_log                0x0800477b   0x5c  Code  Gb  rabm.o [1]
init_relay_mode         0x08004321   0x2a  Code  Gb  rabm.o [1]
inputs                  0x20000030   0x80  Data  Gb  debug.o [1]
ip_addr_init            0x0800bf3d   0xd6  Code  Gb  AlarmComm.o [1]
ip_bat_test_residual    0x0800bc51   0xa8  Code  Gb  AlarmComm.o [1]
ip_read_due_ip          0x0800b659   0x7c  Code  Gb  AlarmComm.o [1]
ip_read_psu_name        0x0800bdd5   0x50  Code  Gb  AlarmComm.o [1]
ip_set_hw_desc          0x0800bcf9   0x34  Code  Gb  AlarmComm.o [1]
ip_set_memo_info        0x0800b637   0x22  Code  Gb  AlarmComm.o [1]
ip_state                0x20003198    0x4  Data  Gb  AlarmComm.o [1]
ip_update_flash_ip      0x0800b6d5   0x36  Code  Gb  AlarmComm.o [1]
ip_write_psu_name       0x0800be25   0x26  Code  Gb  AlarmComm.o [1]
isspace                 0x08011047   0x14  Code  Gb  isxxx.o [3]
lmos                    0x0800f714   0x18  Data  Lc  xttotm.o [3]
local_port              0x200032c0    0x2  Data  Lc  socket.o [1]
localeconv              0x08011003   0x16  Code  Gb  localeconv.o [3]
log_copy_header         0x08004bbd   0x16  Code  Gb  rabm.o [1]
log_event               0x20003020   0x1c  Data  Gb  rabm.o [1]
log_flag                0x2000320c    0x4  Data  Gb  rabm.o [1]
log_format_eeprom       0x08004ca5   0x52  Code  Gb  rabm.o [1]
log_frame               0x20002fc0   0x20  Data  Gb  command.o [1]
log_get_time            0x08004cf7   0x3a  Code  Gb  rabm.o [1]
log_header              0x20003144    0xc  Data  Gb  rabm.o [1]
log_header_checksum     0x08004b67   0x2e  Code  Gb  rabm.o [1]
log_header_no           0x20003218    0x4  Data  Gb  rabm.o [1]
log_id                  0x200003da    0x2  Data  Gb  rabm.o [1]
log_init_control        0x080047fb   0x3a  Code  Gb  rabm.o [1]
log_read_header         0x08004ab9   0x66  Code  Gb  rabm.o [1]
log_read_header_at_reset
                        0x08004bd3   0xc4  Code  Gb  rabm.o [1]
log_reset               0x08004d35   0x6c  Code  Gb  rabm.o [1]
log_select_header       0x08004b95   0x28  Code  Gb  rabm.o [1]
log_send_index          0x20003200    0x4  Data  Gb  rabm.o [1]
log_send_size           0x200031fc    0x4  Data  Gb  rabm.o [1]
log_sending             0x200031f8    0x4  Data  Gb  rabm.o [1]
log_set_header_checksum
                        0x08004b45   0x22  Code  Gb  rabm.o [1]
log_sts                 0x20002d68   0x50  Data  Gb  rabm.o [1]
log_verify_eeprom       0x080047d7   0x24  Code  Gb  rabm.o [1]
log_write               0x0800488b  0x22a  Code  Gb  rabm.o [1]
main                    0x080117f9   0x7c  Code  Gb  main.o [1]
malloc                  0x08010d2d   0xac  Code  Gb  xxmemxmalloc.o [3]
management_id           0x20003194    0x4  Data  Gb  AlarmComm.o [1]
management_id_flag      0x20003188    0x4  Data  Gb  AlarmComm.o [1]
md5_finish              0x08010293   0xde  Code  Gb  md5.o [1]
md5_free                0x0800fa4d   0x12  Code  Gb  md5.o [1]
md5_init                0x0800fa39   0x14  Code  Gb  md5.o [1]
md5_input               0x20002fa0   0x20  Data  Gb  AlarmComm.o [1]
md5_output              0x20003114   0x10  Data  Gb  AlarmComm.o [1]
md5_padding             0x080118c4   0x40  Data  Lc  md5.o [1]
md5_process             0x0800fa81  0x784  Code  Gb  md5.o [1]
md5_starts              0x0800fa5f   0x22  Code  Gb  md5.o [1]
md5_update              0x08010205   0x8e  Code  Gb  md5.o [1]
memchr                  0x08010cc9         Code  Gb  memchr.o [5]
mos                     0x0800f72c   0x18  Data  Lc  xttotm.o [3]
ndigs                   0x08010c64   0x28  Data  Lc  xstoul.o [3]
obuf                    0x20002db8   0x50  Data  Lc  xfiles.o [3]
ocp_count               0x20003230    0x4  Data  Lc  rabm.o [1]
ocp_flag                0x2000322c    0x4  Data  Lc  rabm.o [1]
ocp_lock                0x20003234    0x4  Data  Lc  rabm.o [1]
offset_clear            0x080044ab   0x7a  Code  Gb  rabm.o [1]
offset_save             0x080046c5   0x76  Code  Gb  rabm.o [1]
offset_verify           0x08004525  0x1a0  Code  Gb  rabm.o [1]
op_frame                0x20002f30   0x28  Data  Gb  command.o [1]
op_sts                  0x20002e50   0x30  Data  Gb  rabm.o [1]
operation_init          0x0800644d  0x11e  Code  Gb  rabm.o [1]
operation_mode          0x200032a4    0x2  Data  Gb  AlarmComm.o [1]
operation_set_default   0x08006361   0xe0  Code  Gb  rabm.o [1]
out_status              0x200032b8    0x2  Data  Gb  rabm.o [1]
outputs                 0x200000b0   0x40  Data  Gb  debug.o [1]
ovp_count               0x20003224    0x4  Data  Lc  rabm.o [1]
ovp_flag                0x20003228    0x4  Data  Lc  rabm.o [1]
ovp_lock                0x2000321c    0x4  Data  Lc  rabm.o [1]
packet_header           0x20003180    0x4  Data  Gb  AlarmComm.o [1]
packet_tail             0x20003184    0x4  Data  Gb  AlarmComm.o [1]
ping_addr               0x20000014    0x4  Data  Gb  AlarmComm.o [1]
ping_ok                 0x200032ca    0x1  Data  Gb  ping.o [1]
ping_repeat             0x200031e8    0x4  Data  Gb  ping.o [1]
ping_start              0x200032c9    0x1  Data  Gb  ping.o [1]
ping_to                 0x0800f8c5   0x46  Code  Gb  ping.o [1]
polarssl_zeroize        0x0800fa25   0x14  Code  Lc  md5.o [1]
port_status             0x200032b6    0x2  Data  Gb  rabm.o [1]
port_sts                0x20000100  0x100  Data  Gb  rabm.o [1]
printf                  0x0800754d   0x24  Code  Gb  printf.o [3]
proc_ip_conflict        0x08010a09    0x2  Code  Lc  dhcp.o [1]
psu_ip                  0x20000010    0x4  Data  Gb  AlarmComm.o [1]
psu_mac                 0x20000000    0x8  Data  Gb  AlarmComm.o [1]
psu_name_set            0x20002c3c   0x68  Data  Gb  command.o [1]
psu_port                0x200003d8    0x2  Data  Gb  AlarmComm.o [1]
psu_socket              0x200003dc    0x1  Data  Gb  AlarmComm.o [1]
ptim                    0x20003290    0x4  Data  Gb  Time.o [1]
putchar                 0x08011f15    0xc  Code  Gb  putchar.o [3]
rabm_init               0x08006e01  0x156  Code  Gb  rabm.o [1]
rabm_main               0x08007455   0xb4  Code  Gb  rabm.o [1]
rabm_process_command    0x0800aa25  0x372  Code  Gb  command.o [1]
read_adc                0x080075f3   0x74  Code  Gb  config.o [1]
read_alarm_mode         0x08004181   0x28  Code  Gb  rabm.o [1]
read_bat_A              0x080056f9   0x54  Code  Gb  rabm.o [1]
read_bat_T              0x08005751   0x10  Code  Gb  rabm.o [1]
read_bat_V              0x080056b5   0x14  Code  Gb  rabm.o [1]
read_bat_test_mode      0x08005a8f    0xc  Code  Gb  rabm.o [1]
read_bat_test_period    0x08005acb   0x12  Code  Gb  rabm.o [1]
read_bat_test_voltage   0x08005a9b   0x30  Code  Gb  rabm.o [1]
read_dcv                0x08005135   0x74  Code  Gb  rabm.o [1]
read_dcv_value          0x080050bd   0x78  Code  Gb  rabm.o [1]
read_eeprom             0x08004851   0x16  Code  Gb  rabm.o [1]
read_flash_ip           0x0800c015   0x82  Code  Gb  AlarmComm.o [1]
read_input_A            0x08005695   0x10  Code  Gb  rabm.o [1]
read_input_V            0x08005685   0x10  Code  Gb  rabm.o [1]
read_ip_address         0x0800c099   0x1c  Code  Gb  AlarmComm.o [1]
read_management_id      0x080069a9    0x8  Code  Gb  rabm.o [1]
read_next_test_time     0x08005add   0x8a  Code  Gb  rabm.o [1]
read_output_A           0x080056c9   0x2c  Code  Gb  rabm.o [1]
read_output_V           0x080056a5   0x10  Code  Gb  rabm.o [1]
read_output_mode        0x08005a71    0xc  Code  Gb  rabm.o [1]
read_output_voltage     0x08005a7d   0x12  Code  Gb  rabm.o [1]
read_rec_T              0x08005769   0x10  Code  Gb  rabm.o [1]
read_value              0x08005a5d   0x14  Code  Gb  rabm.o [1]
recover                 0x20003098   0x18  Data  Gb  rabm.o [1]
recover_vout            0x200032b2    0x2  Data  Gb  rabm.o [1]
recovery_init           0x08006bf5   0x3e  Code  Gb  rabm.o [1]
recovery_start          0x08006f69   0xa0  Code  Gb  rabm.o [1]
rect_on                 0x080043b1   0x42  Code  Gb  rabm.o [1]
rect_on_flag            0x200031f4    0x4  Data  Gb  rabm.o [1]
rect_status_init        0x080069bd  0x172  Code  Gb  rabm.o [1]
rect_sts                0x20002bcc   0x70  Data  Gb  rabm.o [1]
rect_test_on            0x0800c7df   0x18  Code  Gb  debug.o [1]
recvfrom                0x0801075f  0x240  Code  Gb  socket.o [1]
relay_alarm             0x20003168    0x8  Data  Gb  rabm.o [1]
relay_off               0x080042ad   0x58  Code  Gb  rabm.o [1]
relay_on                0x08004255   0x58  Code  Gb  rabm.o [1]
relay_set_off           0x08004305   0x1c  Code  Gb  rabm.o [1]
reset_pheri             0x0800473b   0x40  Code  Gb  rabm.o [1]
reset_type              0x20003294    0x4  Data  Gb  Time.o [1]
restart_flag            0x20003250    0x4  Data  Gb  rabm.o [1]
restart_time            0x20003150    0x8  Data  Gb  AlarmComm.o [1]
rs_fusing_image         0x0800bb4d   0x1e  Code  Gb  AlarmComm.o [1]
rtc_time                0x20002edc   0x2c  Data  Gb  Time.o [1]
rx_array                0x200027e0  0x100  Data  Gb  command.o [1]
rx_buffer               0x200026e0  0x100  Data  Gb  command.o [1]
rx_frame                0x200025e0  0x100  Data  Gb  command.o [1]
rx_head                 0x20003278    0x4  Data  Gb  stm32f10x_it.o [1]
rx_overrun              0x20003280    0x4  Data  Gb  stm32f10x_it.o [1]
rx_tail                 0x2000327c    0x4  Data  Gb  stm32f10x_it.o [1]
rx_udp                  0x0800f97f   0x96  Code  Gb  loopback.o [1]
rxsize                  0x20000024    0x8  Data  Gb  AlarmComm.o [1]
saveSUBR                0x0800c5dd   0x1a  Code  Gb  w5500.o [1]
save_gw_ip              0x0800b735   0x2a  Code  Gb  AlarmComm.o [1]
save_psu_ip             0x0800b70b   0x2a  Code  Gb  AlarmComm.o [1]
save_subnet_mask        0x0800b75f   0x2a  Code  Gb  AlarmComm.o [1]
save_value              0x08005d95   0x14  Code  Gb  rabm.o [1]
saved_ip                0x2000318c    0x4  Data  Gb  AlarmComm.o [1]
saved_mac               0x20003158    0x8  Data  Gb  AlarmComm.o [1]
saved_management_id     0x20003190    0x4  Data  Gb  AlarmComm.o [1]
send_ad_set             0x0800b0b9   0x8c  Code  Gb  command.o [1]
send_alarm_set          0x0800b145   0xbc  Code  Gb  command.o [1]
send_byte               0x0800b3f5    0xe  Code  Gb  command.o [1]
send_data_processing    0x0800c745   0x84  Code  Gb  w5500.o [1]
send_dl_ack             0x0800a6fd   0x26  Code  Gb  command.o [1]
send_frame              0x0800b3b5   0x40  Code  Gb  command.o [1]
send_log_no             0x0800af51   0x34  Code  Gb  command.o [1]
send_log_record         0x0800af85   0x48  Code  Gb  command.o [1]
send_op_set             0x0800afcd   0xe4  Code  Gb  command.o [1]
send_psu_name           0x0800b28b   0x28  Code  Gb  command.o [1]
send_rect_status        0x0800b205   0x86  Code  Gb  command.o [1]
send_system_info        0x0800ad9d  0x134  Code  Gb  command.o [1]
send_system_time        0x0800aed9   0x70  Code  Gb  command.o [1]
send_test_frame         0x0800c7c9   0x16  Code  Gb  debug.o [1]
sendto                  0x0801065b  0x104  Code  Gb  socket.o [1]
setGAR                  0x0800c5cb   0x12  Code  Gb  w5500.o [1]
setMR                   0x0800c687   0x10  Code  Gb  w5500.o [1]
setRCR                  0x0800c6b9   0x12  Code  Gb  w5500.o [1]
setRTR                  0x0800c697   0x22  Code  Gb  w5500.o [1]
setSHAR                 0x0800c61b   0x12  Code  Gb  w5500.o [1]
setSIPR                 0x0800c62d   0x12  Code  Gb  w5500.o [1]
setSUBR                 0x0800c609   0x12  Code  Gb  w5500.o [1]
set_DHCP_network        0x080109a9   0x22  Code  Lc  dhcp.o [1]
set_ad_ba               0x0800a24d   0x3e  Code  Gb  command.o [1]
set_ad_ia               0x0800a13f   0x3e  Code  Gb  command.o [1]
set_ad_iv               0x0800a0f7   0x48  Code  Gb  command.o [1]
set_ad_oa               0x0800a20f   0x3e  Code  Gb  command.o [1]
set_ad_ov               0x0800a17d   0x92  Code  Gb  command.o [1]
set_ad_reset            0x0800a291   0xba  Code  Gb  command.o [1]
set_ad_set_log          0x08005cb1   0x38  Code  Gb  rabm.o [1]
set_ad_zero             0x0800a34b   0x70  Code  Gb  command.o [1]
set_alarm_bfv           0x0800a45b   0x28  Code  Gb  command.o [1]
set_alarm_bht           0x0800a4ab   0x28  Code  Gb  command.o [1]
set_alarm_blv           0x0800a483   0x28  Code  Gb  command.o [1]
set_alarm_clear         0x0800a511   0x3a  Code  Gb  command.o [1]
set_alarm_default       0x0800a4fb   0x16  Code  Gb  command.o [1]
set_alarm_ihv           0x0800a3bb   0x28  Code  Gb  command.o [1]
set_alarm_ilv           0x0800a3e3   0x28  Code  Gb  command.o [1]
set_alarm_mode          0x0800b2b9   0x28  Code  Gb  command.o [1]
set_alarm_ohv           0x0800a40b   0x28  Code  Gb  command.o [1]
set_alarm_olv           0x0800a433   0x28  Code  Gb  command.o [1]
set_alarm_port          0x080041a9   0x38  Code  Gb  rabm.o [1]
set_alarm_rht           0x0800a4d3   0x28  Code  Gb  command.o [1]
set_alarm_set_log       0x08005c79   0x38  Code  Gb  rabm.o [1]
set_bat_equip           0x0800b2e1   0x5c  Code  Gb  command.o [1]
set_bat_test_day        0x0800a0ab   0x26  Code  Gb  command.o [1]
set_bat_test_log        0x08005d21   0x38  Code  Gb  rabm.o [1]
set_bat_test_off        0x0800a00b   0x1e  Code  Gb  command.o [1]
set_bat_test_on         0x08009fed   0x1e  Code  Gb  command.o [1]
set_bat_test_period     0x0800a05b   0x1a  Code  Gb  command.o [1]
set_bat_test_req        0x0800a075   0x36  Code  Gb  command.o [1]
set_bat_test_time       0x0800a0d1   0x26  Code  Gb  command.o [1]
set_bat_test_v          0x0800a029   0x32  Code  Gb  command.o [1]
set_date_only           0x08008d7d   0x2a  Code  Gb  Time.o [1]
set_due_gw              0x0800be73   0x1e  Code  Gb  AlarmComm.o [1]
set_flash_ip            0x08005e39   0x16  Code  Gb  rabm.o [1]
set_gw_address          0x0800be51   0x22  Code  Gb  AlarmComm.o [1]
set_log_clear           0x0800b39d    0xe  Code  Gb  command.o [1]
set_mac_address         0x0800c0b5   0x3e  Code  Gb  AlarmComm.o [1]
set_management_id       0x0800c111   0x5e  Code  Gb  AlarmComm.o [1]
set_operation_log       0x08005ce9   0x38  Code  Gb  rabm.o [1]
set_output_mode         0x08005b81   0x1e  Code  Gb  rabm.o [1]
set_output_voltage      0x08005c3d   0x34  Code  Gb  rabm.o [1]
set_psu_name            0x08009fdd   0x10  Code  Gb  command.o [1]
set_shutdown_log        0x08005d59   0x38  Code  Gb  rabm.o [1]
set_system_MAC          0x0800c105    0x8  Code  Gb  AlarmComm.o [1]
set_system_date         0x0800b373   0x2a  Code  Gb  command.o [1]
set_system_restart      0x080041fd   0x2e  Code  Gb  rabm.o [1]
set_system_time         0x0800b34d   0x26  Code  Gb  command.o [1]
set_time                0x08008dcd   0x70  Code  Gb  Time.o [1]
set_time_only           0x08008da7   0x26  Code  Gb  Time.o [1]
set_wiz_network         0x0800b789   0xee  Code  Gb  AlarmComm.o [1]
slow_start              0x08006b41   0x9e  Code  Gb  rabm.o [1]
socket                  0x0801053d   0xec  Code  Gb  socket.o [1]
sprintf                 0x0800c201   0x34  Code  Gb  sprintf.o [3]
sr_off                  0x08007115   0x16  Code  Gb  rabm.o [1]
sr_on                   0x080070f9   0x16  Code  Gb  rabm.o [1]
start_udp_port          0x0800b877   0x50  Code  Gb  AlarmComm.o [1]
strcat                  0x0801051f   0x1c  Code  Gb  strcat.o [3]
strchr                  0x08010cb1         Code  Gb  strchr.o [5]
strlen                  0x080104e9         Code  Gb  strlen.o [5]
subnet_mask             0x2000000c    0x4  Data  Gb  AlarmComm.o [1]
sys_error               0x08008c19    0xe  Code  Gb  util.o [1]
sys_frame               0x20002e08   0x48  Data  Gb  command.o [1]
sys_info                0x20002e80   0x30  Data  Gb  rabm.o [1]
sys_info_init           0x080068fd   0x48  Code  Gb  rabm.o [1]
sys_read_fw_version     0x0800656b   0x3c  Code  Gb  rabm.o [1]
sys_read_hw_version     0x080065a7   0x78  Code  Gb  rabm.o [1]
sys_read_mac            0x0800662d   0x72  Code  Gb  rabm.o [1]
sys_read_management_id  0x08006945   0x64  Code  Gb  rabm.o [1]
sys_read_sn             0x080066a5   0x42  Code  Gb  rabm.o [1]
sys_set_hw_version      0x080067e5   0x10  Code  Gb  rabm.o [1]
sys_set_info            0x080067d9    0xc  Code  Gb  rabm.o [1]
sys_set_mac             0x080067f5   0x10  Code  Gb  rabm.o [1]
sys_set_sn              0x08006805   0xf8  Code  Gb  rabm.o [1]
sys_write_hw_version    0x080066f1   0x1c  Code  Gb  rabm.o [1]
sys_write_ip_info       0x0800673d   0x64  Code  Gb  rabm.o [1]
sys_write_mac_info      0x080067a1   0x30  Code  Gb  rabm.o [1]
sys_write_sn            0x08006711   0x1e  Code  Gb  rabm.o [1]
sysinit                 0x0800c4a3  0x128  Code  Gb  w5500.o [1]
system_alarm_status     0x200032b0    0x2  Data  Gb  rabm.o [1]
system_shutdown         0x0800422b   0x2a  Code  Gb  rabm.o [1]
system_shutdown_flag    0x20003208    0x4  Data  Gb  rabm.o [1]
test_mode               0x20003214    0x4  Data  Gb  rabm.o [1]
test_value              0x200031ec    0x4  Data  Gb  rabm.o [1]
time10ms                0x20003170    0x8  Data  Gb  stm32f10x_it.o [1]
time3ms                 0x20003270    0x4  Data  Gb  stm32f10x_it.o [1]
time_tmp                0x20003210    0x4  Data  Gb  rabm.o [1]
tolower                 0x0801119d   0x14  Code  Gb  tolower.o [3]
tx_udp                  0x0800f921   0x5e  Code  Gb  loopback.o [1]
txsize                  0x2000001c    0x8  Data  Gb  AlarmComm.o [1]
user_psu_name           0x20002ca4   0x64  Data  Gb  AlarmComm.o [1]
vfprintf                0x0800f33d   0x2c  Code  Gb  vfprintf.o [3]
vref                    0x20002b4c   0x80  Data  Gb  rabm.o [1]
vref_flag               0x20003244    0x4  Data  Gb  rabm.o [1]
vref_ind                0x20003240    0x4  Data  Gb  rabm.o [1]
vref_init               0x080070c5   0x2e  Code  Gb  rabm.o [1]
vref_sum                0x20003248    0x4  Data  Gb  rabm.o [1]
wiz_init                0x0800c351    0xc  Code  Gb  w5500.o [1]
wiz_read_buf            0x0800c44b   0x4e  Code  Gb  w5500.o [1]
wiz_write_buf           0x0800c3fb   0x50  Code  Gb  w5500.o [1]
write_eeprom            0x08004867   0x24  Code  Gb  rabm.o [1]
write_output_mode       0x08005b67   0x1a  Code  Gb  rabm.o [1]
write_output_voltage    0x08005bad   0x8a  Code  Gb  rabm.o [1]
write_shutdown_log      0x08004dd5   0x28  Code  Gb  rabm.o [1]
yooha_debug             0x20003298    0x4  Data  Gb  util.o [1]


[1] = H:\WORK_THIS\STM32F10x_StdPeriph_Lib_V3.5.0\Project\TH_TEST_DRV\EWARM\TH_5G_TEST\Obj
[2] = command line
[3] = dl7M_tlf.a
[4] = m7M_tl.a
[5] = rt7M_tl.a
[6] = shb_l.a

  55 948 bytes of readonly  code memory
   3 162 bytes of readonly  data memory
  13 004 bytes of readwrite data memory

Errors: none
Warnings: none
